> Task :app:preBuild UP-TO-DATE
> Task :app:preDebugBuild UP-TO-DATE
> Task :app:mergeDebugNativeDebugMetadata NO-SOURCE
> Task :app:checkKotlinGradlePluginConfigurationErrors
> Task :app:checkDebugAarMetadata UP-TO-DATE
> Task :app:generateDebugResValues UP-TO-DATE
> Task :app:mapDebugSourceSetPaths UP-TO-DATE
> Task :app:generateDebugResources UP-TO-DATE
> Task :app:mergeDebugResources UP-TO-DATE
> Task :app:packageDebugResources UP-TO-DATE
> Task :app:parseDebugLocalResources UP-TO-DATE
> Task :app:createDebugCompatibleScreenManifests UP-TO-DATE
> Task :app:extractDeepLinksDebug UP-TO-DATE
> Task :app:processDebugMainManifest UP-TO-DATE
> Task :app:processDebugManifest UP-TO-DATE
> Task :app:processDebugManifestForPackage UP-TO-DATE
> Task :app:processDebugResources UP-TO-DATE
> Task :app:kspDebugKotlin UP-TO-DATE
> Task :app:javaPreCompileDebug UP-TO-DATE
> Task :app:mergeDebugShaders UP-TO-DATE
> Task :app:compileDebugShaders NO-SOURCE
> Task :app:generateDebugAssets UP-TO-DATE
> Task :app:mergeDebugAssets UP-TO-DATE
> Task :app:compressDebugAssets UP-TO-DATE
> Task :app:desugarDebugFileDependencies UP-TO-DATE
> Task :app:checkDebugDuplicateClasses UP-TO-DATE
> Task :app:mergeExtDexDebug UP-TO-DATE
> Task :app:mergeLibDexDebug UP-TO-DATE
> Task :app:mergeDebugJniLibFolders UP-TO-DATE
> Task :app:mergeDebugNativeLibs NO-SOURCE
> Task :app:stripDebugDebugSymbols NO-SOURCE
> Task :app:validateSigningDebug UP-TO-DATE
> Task :app:writeDebugAppMetadata UP-TO-DATE
> Task :app:writeDebugSigningConfigVersions UP-TO-DATE

> Task :app:compileDebugKotlin FAILED
e: file:///home/lohan-santos/Documentos/Trabalho/antigravity-chat/AndroidMinecraftServer/app/src/main/java/com/rataria/mcserver/ui/screens/config/ConfigScreen.kt:33:23 Property delegate must have a 'getValue(Nothing?, KProperty<*>)' method. None of the following functions is suitable: 
public inline operator fun <T> State<???>.getValue(thisObj: Any?, property: KProperty<*>): ??? defined in androidx.compose.runtime
e: file:///home/lohan-santos/Documentos/Trabalho/antigravity-chat/AndroidMinecraftServer/app/src/main/java/com/rataria/mcserver/ui/screens/config/ConfigScreen.kt:75:25 Unresolved reference: ServerType
e: file:///home/lohan-santos/Documentos/Trabalho/antigravity-chat/AndroidMinecraftServer/app/src/main/java/com/rataria/mcserver/ui/screens/config/ConfigScreen.kt:75:45 Overload resolution ambiguity: 
public inline fun <T> Iterable<TypeVariable(T)>.forEach(action: (TypeVariable(T)) -> Unit): Unit defined in kotlin.collections
public inline fun <K, V> Map<out TypeVariable(K), TypeVariable(V)>.forEach(action: (Map.Entry<TypeVariable(K), TypeVariable(V)>) -> Unit): Unit defined in kotlin.collections
e: file:///home/lohan-santos/Documentos/Trabalho/antigravity-chat/AndroidMinecraftServer/app/src/main/java/com/rataria/mcserver/ui/screens/config/ConfigScreen.kt:75:55 Cannot infer a type for this parameter. Please specify it explicitly.
e: file:///home/lohan-santos/Documentos/Trabalho/antigravity-chat/AndroidMinecraftServer/app/src/main/java/com/rataria/mcserver/ui/screens/config/ConfigScreen.kt:76:29 @Composable invocations can only happen from the context of a @Composable function
e: file:///home/lohan-santos/Documentos/Trabalho/antigravity-chat/AndroidMinecraftServer/app/src/main/java/com/rataria/mcserver/ui/screens/config/ConfigViewModel.kt:13:48 Unresolved reference: ServerType
e: file:///home/lohan-santos/Documentos/Trabalho/antigravity-chat/AndroidMinecraftServer/app/src/main/java/com/rataria/mcserver/ui/screens/config/ConfigViewModel.kt:14:31 Unresolved reference: ServerType
e: file:///home/lohan-santos/Documentos/Trabalho/antigravity-chat/AndroidMinecraftServer/app/src/main/java/com/rataria/mcserver/ui/screens/config/ConfigViewModel.kt:50:32 Unresolved reference: ServerType
e: file:///home/lohan-santos/Documentos/Trabalho/antigravity-chat/AndroidMinecraftServer/app/src/main/java/com/rataria/mcserver/ui/screens/config/ConfigViewModel.kt:51:21 Variable expected
e: file:///home/lohan-santos/Documentos/Trabalho/antigravity-chat/AndroidMinecraftServer/app/src/main/java/com/rataria/mcserver/ui/screens/dashboard/DashboardViewModel.kt:86:17 'when' expression must be exhaustive, add necessary 'is Error', 'is Finished', 'is Progress', 'Started' branches or 'else' branch instead
e: file:///home/lohan-santos/Documentos/Trabalho/antigravity-chat/AndroidMinecraftServer/app/src/main/java/com/rataria/mcserver/ui/screens/dashboard/DashboardViewModel.kt:87:24 Unresolved reference: DownloadStatus
e: file:///home/lohan-santos/Documentos/Trabalho/antigravity-chat/AndroidMinecraftServer/app/src/main/java/com/rataria/mcserver/ui/screens/dashboard/DashboardViewModel.kt:88:24 Unresolved reference: DownloadStatus
e: file:///home/lohan-santos/Documentos/Trabalho/antigravity-chat/AndroidMinecraftServer/app/src/main/java/com/rataria/mcserver/ui/screens/dashboard/DashboardViewModel.kt:88:84 Unresolved reference: percentage
e: file:///home/lohan-santos/Documentos/Trabalho/antigravity-chat/AndroidMinecraftServer/app/src/main/java/com/rataria/mcserver/ui/screens/dashboard/DashboardViewModel.kt:89:24 Unresolved reference: DownloadStatus
e: file:///home/lohan-santos/Documentos/Trabalho/antigravity-chat/AndroidMinecraftServer/app/src/main/java/com/rataria/mcserver/ui/screens/dashboard/DashboardViewModel.kt:93:24 Unresolved reference: DownloadStatus
e: file:///home/lohan-santos/Documentos/Trabalho/antigravity-chat/AndroidMinecraftServer/app/src/main/java/com/rataria/mcserver/ui/screens/library/LibraryScreen.kt:116:37 No value passed for parameter 'enabled'
e: file:///home/lohan-santos/Documentos/Trabalho/antigravity-chat/AndroidMinecraftServer/app/src/main/java/com/rataria/mcserver/ui/screens/library/LibraryScreen.kt:116:37 No value passed for parameter 'selected'
e: file:///home/lohan-santos/Documentos/Trabalho/antigravity-chat/AndroidMinecraftServer/app/src/main/java/com/rataria/mcserver/ui/screens/library/LibraryScreen.kt:118:41 None of the following functions can be called with the arguments supplied: 
public fun RoundedCornerShape(topStart: Dp = ..., topEnd: Dp = ..., bottomEnd: Dp = ..., bottomStart: Dp = ...): RoundedCornerShape defined in androidx.compose.foundation.shape
public fun RoundedCornerShape(topStart: Float = ..., topEnd: Float = ..., bottomEnd: Float = ..., bottomStart: Float = ...): RoundedCornerShape defined in androidx.compose.foundation.shape
public fun RoundedCornerShape(topStartPercent: Int = ..., topEndPercent: Int = ..., bottomEndPercent: Int = ..., bottomStartPercent: Int = ...): RoundedCornerShape defined in androidx.compose.foundation.shape
e: file:///home/lohan-santos/Documentos/Trabalho/antigravity-chat/AndroidMinecraftServer/app/src/main/java/com/rataria/mcserver/ui/screens/library/LibraryScreen.kt:186:25 None of the following functions can be called with the arguments supplied: 
public fun RoundedCornerShape(topStart: Dp = ..., topEnd: Dp = ..., bottomEnd: Dp = ..., bottomStart: Dp = ...): RoundedCornerShape defined in androidx.compose.foundation.shape
public fun RoundedCornerShape(topStart: Float = ..., topEnd: Float = ..., bottomEnd: Float = ..., bottomStart: Float = ...): RoundedCornerShape defined in androidx.compose.foundation.shape
public fun RoundedCornerShape(topStartPercent: Int = ..., topEndPercent: Int = ..., bottomEndPercent: Int = ..., bottomStartPercent: Int = ...): RoundedCornerShape defined in androidx.compose.foundation.shape

FAILURE: Build failed with an exception.

* What went wrong:
Execution failed for task ':app:compileDebugKotlin'.
> A failure occurred while executing org.jetbrains.kotlin.compilerRunner.GradleCompilerRunnerWithWorkers$GradleKotlinCompilerWorkAction
   > Compilation error. See log for more details

* Try:
> Run with --stacktrace option to get the stack trace.
> Run with --info or --debug option to get more log output.
> Run with --scan to get full insights.
> Get more help at https://help.gradle.org.

BUILD FAILED in 10s
27 actionable tasks: 2 executed, 25 up-to-date
