01-23 19:49:22.566  1110  1823 D AudioFlinger_Threads: mixer(0xb400007467185700) throttle end: throttle time(92)
01-23 19:49:22.573  2647  2647 W Settings: Setting airplane_mode_on has moved from android.provider.Settings.System to android.provider.Settings.Global, returning read-only value.
01-23 19:49:22.575  2647  2647 W Settings: Setting airplane_mode_on has moved from android.provider.Settings.System to android.provider.Settings.Global, returning read-only value.
01-23 19:49:22.575  1593  2201 I libsensor-displayalgo: the value of channelCali C:185.523093,R:77.493873,G:82.783901,B:31.729089,scales C:1.312945,R:1.441799,G:1.262245,B:1.286638
01-23 19:49:22.576  1593  2201 D libsensor-displayalgo: brightness:1408.000000,flat_mode:0.000000,R1:39.942003,G1:94.132822,B1:116.135568,R2:2799.000116,G2:2925.334470,B2:2718.143357,R3:718.841489,G3:791.538020,B3:758.352747,R4:83.090190,G4:138.394381,B4:156.987705,EVENT C:2462.000000,R:809.000000,G:1193.000000,B:513.000000, lux: 188.549271
01-23 19:49:22.573  2668  2668 D ArtChoreographerMonitor: invoke error.
01-23 19:49:22.579  2647  3337 D MiuiTelephonyDFS: msg.what = 2
01-23 19:49:22.580  2647 23723 D NetworkSpeedTracker: updateNwSignalInfo not allowed ,ignore
01-23 19:49:22.580  1004 20859 W C2MtkBufferManager: [0xB400007123412AA0] fetchNewBlock: wait fence 0x0xb40000713341d610 failed. ret 110
01-23 19:49:22.581  2647  3342 D SelfStudyController: handleMessage msg.what is 1035
01-23 19:49:22.581  2647  3337 D MiuiTelephonyDFS: getVoiceRat = 3
01-23 19:49:22.581  2647  3337 D MiuiTelephonyDFS: getRsrp = -1
01-23 19:49:22.582  2647  3337 D MiuiTelephonyDFS: getVoiceRat = 3
01-23 19:49:22.582  2647  3337 D MiuiTelephonyDFS: getSnr = -1
01-23 19:49:22.582  2647  3337 D MiSight::  constructEvent id=915100005
01-23 19:49:22.583  2647  3337 D MiSight::  sendEvent id=915100005
01-23 19:49:22.583  2647  3337 D MiSightJni: MiSight: Java_com_miui_misight_MiSight_nativeSendEvent enter called. '{"SNRValue":-1}'
01-23 19:49:22.583  2647  3337 D MiEvent : MiEvent: this 0x6d4c5f00c0, paylod=0xb40000701a7092c0
01-23 19:49:22.583  2647 23723 D NetworkSpeedTracker: updateNwSignalInfo not allowed ,ignore
01-23 19:49:22.584  2647  3337 D MiEvent : flatten EventId 915100005 -t 1769208562 -paraList {"SNRValue":-1}
01-23 19:49:22.584  2647  3337 I MiEvent : report:no open miev 2
01-23 19:49:22.584  2647  3337 D MiEvent : ~MiEvent: this 0x6d4c5f00c0, paylod=0xb40000701a7092c0
01-23 19:49:22.584  2647  3337 E MiSightJni: MiSight: nativeSendEvent fail
01-23 19:49:22.585  2647  3337 D MiuiTelephonyDFS: msg.what = 2
01-23 19:49:22.585  2647  3342 D SelfStudyController: handleMessage msg.what is 1035
01-23 19:49:22.585  2647  3337 D MiuiTelephonyDFS: getVoiceRat = 3
01-23 19:49:22.585  2647  3337 D MiuiTelephonyDFS: getRsrp = -1
01-23 19:49:22.585  2647  3337 D MiuiTelephonyDFS: getVoiceRat = 3
01-23 19:49:22.585  2647  3337 D MiuiTelephonyDFS: getSnr = -1
01-23 19:49:22.585  2647  3337 D MiSight::  constructEvent id=915100005
01-23 19:49:22.585  2647  3337 D MiSight::  sendEvent id=915100005
01-23 19:49:22.585  2647  3337 D MiSightJni: MiSight: Java_com_miui_misight_MiSight_nativeSendEvent enter called. '{"SNRValue":-1}'
01-23 19:49:22.586  2647  3337 D MiEvent : MiEvent: this 0x6d4c5f00c0, paylod=0xb40000701a7092c0
01-23 19:49:22.586  2647  3337 D MiEvent : flatten EventId 915100005 -t 1769208562 -paraList {"SNRValue":-1}
01-23 19:49:22.586  2647  3337 I MiEvent : report:no open miev 2
01-23 19:49:22.586  2647  3337 D MiEvent : ~MiEvent: this 0x6d4c5f00c0, paylod=0xb40000701a7092c0
01-23 19:49:22.586  2647  3337 E MiSightJni: MiSight: nativeSendEvent fail
01-23 19:49:22.600  2668  2668 D MiuiBubbleManager: onEntryUpdated: com.android.systemui.statusbar.notification.collection.NotificationEntry@60a4c85 true
01-23 19:49:22.600  1009  1388 E HfLooper: sensor imu_hand_detect in hal data=4000,496,1000,1000,10035,40047
01-23 19:49:22.600  2668  2668 D MiuiBarrageController: IsGameMode:false BarrageSwitch:false BarragePermissionEnabled true
01-23 19:49:22.603  2668  2668 I MiuiBubbleSettings: com.lzofseven.mcserver 0isAppEnableBubbleNotification: false
01-23 19:49:22.611  2668  2668 D ArtChoreographerMonitor: invoke error.
01-23 19:49:22.614  2668  2668 E StackScroller: updateSidePadding: viewWidth is zero
01-23 19:49:22.619  2668  3301 D LocalImageResolver: Couldn't use ImageDecoder for drawable, falling back to non-resized load.
01-23 19:49:22.621  2668  3301 D skia    : SkJpegCodec::onGetPixels + (1024, 1024)
01-23 19:49:22.622  2668  3301 I DMABUFHEAPS: Using DMA-BUF heap named: mtk_mm
01-23 19:49:22.623  2668  3301 D skia    : stream getLength() supported, buffer addr 0x6d781ec000 length 504832
01-23 19:49:22.624  2668  3301 D skia    : LoadInputStreamToMem va 0x6d781ec000  size 504832
01-23 19:49:22.625  2668  3301 D libjpeg-alpha: Huffman Builder run in subthread
01-23 19:49:22.627  2668  3301 D libjpeg-alpha: Tile Decoder (#thread:4, size:256 256 256 256x256, alignment:256x16)
01-23 19:49:22.629  2668 20868 D libjpeg-alpha: [Hybrid] Wait IRQ thread (20868)
01-23 19:49:22.630  1004 20859 W C2MtkBufferManager: [0xB400007123412AA0] fetchNewBlock: wait fence 0x0xb40000713341d610 failed. ret 110
01-23 19:49:22.638  2668 20868 D libjpeg-alpha: [Hybrid] Wait IRQ thread terminated
01-23 19:49:22.645  2668  3301 D skia    : SkJpegCodec::onGetPixels -
01-23 19:49:22.646  2668  3301 D LocalImageResolver: Couldn't use ImageDecoder for drawable, falling back to non-resized load.
01-23 19:49:22.647  2668  3301 D LocalImageResolver: Couldn't use ImageDecoder for drawable, falling back to non-resized load.
01-23 19:49:22.664  2668  2668 D AlertCoordinator: onViewBound, buzzBeep for 0|com.lzofseven.mcserver|1337|null|10525
01-23 19:49:22.666  2668  2668 E StackScroller: updateSidePadding: viewWidth is zero
01-23 19:49:22.671  1000  1640 I android.hardware.graphics.composer@3.2-service: Sensor: notify citsensorservice to trigger cwb
01-23 19:49:22.671  1593  2197 I libsensor-frameBufferManager: request dump start
01-23 19:49:22.671  1593  2197 D libcomposer_ext: ClientImplAidl::getDispDump(), dpy 1, dst (160, 120), dump_point 1, release_fence -1
01-23 19:49:22.671  1000  1024 D libcomposer_ext: DeviceImplAidl::syncPerform(14), client_handle: 1
01-23 19:49:22.671  1000  1024 D libcomposer_ext: DeviceImplAidl::DeviceClientContextAidl::ParseGetDispDump()
01-23 19:49:22.671  1000  1024 D libcomposer_ext: DeviceImplAidl::ParseGetDispDump(), dpy 1, dst (160, 120), dump_point 1
01-23 19:49:22.671  1000  1024 I hwcomposer: [HWC] getDispDump(), dpy 1, (822,7,982,127), (160, 120), (1, 2), (-1), (-1), (0xb400007e2a4e2c30)  
01-23 19:49:22.671  1000  1024 I hwcomposer: [DRMDEV] isSupportWbParams(), id_crtc 103, id_connector 34, dump_point 1, src(160, 120), dst(160, 120), config 2  
01-23 19:49:22.671  1000  1024 E hwcomposer: [DRMDEV] isSupportWbParams(), disp(1220, 2712)  
01-23 19:49:22.671  1000  1024 I hwcomposer: [DISP_DUMP] setDumpBuf(), dpy(0), src(822, 7, 982, 127), dst(160, 120), (1, 2), -1, (-1), (0xb400007e2a4e2c30)  
01-23 19:49:22.672  1000  1024 I hwcomposer: [HWC] (0)fire a callback of refresh to SF[9]  
01-23 19:49:22.678  1004 20859 W C2MtkBufferManager: [0xB400007123412AA0] fetchNewBlock: wait fence 0x0xb40000713341d610 failed. ret 110
01-23 19:49:22.679  1000  1024 D libcomposer_ext: DeviceImplAidl::DeviceClientContextAidl::NotifyDispDumpReady()
01-23 19:49:22.680  1593  1593 D libcomposer_ext: ClientCallbackAidl::asyncPerform(15)
01-23 19:49:22.680  1593  1593 D libcomposer_ext: ClientImplAidl::ParseNotifyDispDumpReady()
01-23 19:49:22.702  1593  2198 D libsensor-parseRGB: the value of RGB [5.344692 7.891418 8.682016]
01-23 19:49:22.726  1004 20859 W C2MtkBufferManager: [0xB400007123412AA0] fetchNewBlock: wait fence 0x0xb40000713341d610 failed. ret 110
01-23 19:49:22.745  1832  2264 I MQSserver: getData len: 512 content: {"name":"video_play","audio_event":{"video_play_framerate":"30","video_play_hdr":"0","video_play_width_height":"1280_720","video_play_framratecal":"29","video_play_frc":"0","video_play_aie":"-1","video_play_ais":"0","video_play_dolbyvision":"0", "video_play_codecdomain":"2", "video_play_durationsec":"2", "video_play_codec":"video/x-vnd.on2.vp9", "video_play_app":"com.instagram.android"},"dgt":"null","audio_ext":"null" }
01-23 19:49:22.746  1832  2264 D MQSserver: add count to List : {"name":"video_play","audio_event":{"video_play_framerate":"30","video_play_hdr":"0","video_play_width_height":"1280_720","video_play_framratecal":"29","video_play_frc":"0","video_play_aie":"-1","video_play_ais":"0","video_play_dolbyvision":"0","video_play_codecdomain":"2","video_play_durationsec":"2","video_play_codec":"video\/x-vnd.on2.vp9","video_play_app":"com.instagram.android"},"dgt":"null","audio_ext":"null","onetrack_count":"1"}
01-23 19:49:22.775  1004 20859 W C2MtkBufferManager: [0xB400007123412AA0] fetchNewBlock: wait fence 0x0xb40000713341d610 failed. ret 110
01-23 19:49:22.776  1593  2201 I libsensor-displayalgo: the value of channelCali C:185.523093,R:77.493873,G:82.783901,B:31.729089,scales C:1.312945,R:1.441799,G:1.262245,B:1.286638
01-23 19:49:22.776  1593  2201 D libsensor-displayalgo: brightness:1408.000000,flat_mode:0.000000,R1:39.942003,G1:94.132822,B1:116.135568,R2:2799.000116,G2:2925.334470,B2:2718.143357,R3:718.841489,G3:791.538020,B3:758.352747,R4:83.090190,G4:138.394381,B4:156.987705,EVENT C:2457.000000,R:806.000000,G:1189.000000,B:513.000000, lux: 188.280212
01-23 19:49:22.778 18102 20675 I MediaCodec: [mId: 13] [video-debug-dec] Stats over last 5009ms:
01-23 19:49:22.779 18102 20675 I MediaCodec: [mId: 13] [video-debug-dec] ClientName: com.instagram.android ComponentName: c2.mtk.av1.decoder.lowlatency
01-23 19:49:22.779 18102 20675 I MediaCodec: [mId: 13] [video-debug-dec] Qinput: 0, DQinput: 0 success out of 5 tries
01-23 19:49:22.779 18102 20675 I MediaCodec: [mId: 13] [video-debug-dec] Render: 0, Drop: 0, DQoutput: 0 success out of 0 tries
01-23 19:49:22.781 18102 20668 I MediaCodec: [mId: 11] [audio-debug-dec] Stats over last 5011ms:
01-23 19:49:22.781 18102 20668 I MediaCodec: [mId: 11] [audio-debug-dec] ClientName: com.instagram.android ComponentName: c2.android.aac.decoder
01-23 19:49:22.781 18102 20668 I MediaCodec: [mId: 11] [audio-debug-dec] Qinput: 0, DQinput: 0 success out of 5 tries
01-23 19:49:22.782 18102 20668 I MediaCodec: [mId: 11] [audio-debug-dec] Render: 0, Drop: 0, DQoutput: 0 success out of 0 tries
01-23 19:49:22.793 18102 18112 I stagram.android: Background young concurrent mark compact GC freed 18MB AllocSpace bytes, 76(8416KB) LOS objects, 17% free, 109MB/133MB, paused 761us,2.196ms total 127.079ms
01-23 19:49:22.800 18102 18114 W System  : A resource failed to call ContentProviderClient.close. 
01-23 19:49:22.800 18102 18114 W System  : A resource failed to call ContentProviderClient.close. 
01-23 19:49:22.800 18102 18114 W System  : A resource failed to call ContentProviderClient.close. 
01-23 19:49:22.801 18102 18114 W System  : A resource failed to call ContentProviderClient.close. 
01-23 19:49:22.823  1004 20859 W C2MtkBufferManager: [0xB400007123412AA0] fetchNewBlock: wait fence 0x0xb40000713341d610 failed. ret 110
01-23 19:49:22.830 18102 20701 W MediaCodec: [mId: 15] [audio-debug-dec] queueInputBuffer: Average input time interval reaches 867ms for 9 inputs by pts: 1000001532517
01-23 19:49:22.835  2668  2668 D ArtChoreographerMonitor: invoke error.
01-23 19:49:22.851  1004 20719 W C2MtkBufferManager: [0xB40000712341ADA0] fetchNewBlock: wait fence 0x0xb400007133435db0 failed. ret 110
01-23 19:49:22.871  1000  1640 I android.hardware.graphics.composer@3.2-service: Sensor: notify citsensorservice to trigger cwb
01-23 19:49:22.871  1593  2197 I libsensor-frameBufferManager: request dump start
01-23 19:49:22.871  1593  2197 D libcomposer_ext: ClientImplAidl::getDispDump(), dpy 1, dst (160, 120), dump_point 1, release_fence -1
01-23 19:49:22.871  1004 20859 W C2MtkBufferManager: [0xB400007123412AA0] fetchNewBlock: wait fence 0x0xb40000713341d610 failed. ret 110
01-23 19:49:22.872  1000  1024 D libcomposer_ext: DeviceImplAidl::syncPerform(14), client_handle: 1
01-23 19:49:22.872  1000  1024 D libcomposer_ext: DeviceImplAidl::DeviceClientContextAidl::ParseGetDispDump()
01-23 19:49:22.872  1000  1024 D libcomposer_ext: DeviceImplAidl::ParseGetDispDump(), dpy 1, dst (160, 120), dump_point 1
01-23 19:49:22.872  1000  1024 I hwcomposer: [HWC] getDispDump(), dpy 1, (822,7,982,127), (160, 120), (1, 2), (-1), (-1), (0xb400007e2a4e0950)  
01-23 19:49:22.872  1000  1024 I hwcomposer: [DRMDEV] isSupportWbParams(), id_crtc 103, id_connector 34, dump_point 1, src(160, 120), dst(160, 120), config 2  
01-23 19:49:22.872  1000  1024 E hwcomposer: [DRMDEV] isSupportWbParams(), disp(1220, 2712)  
01-23 19:49:22.872  1000  1024 I hwcomposer: [DISP_DUMP] setDumpBuf(), dpy(0), src(822, 7, 982, 127), dst(160, 120), (1, 2), -1, (-1), (0xb400007e2a4e0950)  
01-23 19:49:22.872  1000  1024 I hwcomposer: [HWC] (0)fire a callback of refresh to SF[9]  
01-23 19:49:22.881  1000  1024 D libcomposer_ext: DeviceImplAidl::DeviceClientContextAidl::NotifyDispDumpReady()
01-23 19:49:22.882  1593  1593 D libcomposer_ext: ClientCallbackAidl::asyncPerform(15)
01-23 19:49:22.882  1593  1593 D libcomposer_ext: ClientImplAidl::ParseNotifyDispDumpReady()
01-23 19:49:22.899  1593  2198 D libsensor-parseRGB: the value of RGB [5.344692 7.891418 8.682016]
01-23 19:49:22.906  1832  2722 D ActivityManager: getProcessesInErrorState callingUid=10302, CallingPid=18102
01-23 19:49:22.920  1004 20859 W C2MtkBufferManager: [0xB400007123412AA0] fetchNewBlock: wait fence 0x0xb40000713341d610 failed. ret 110
01-23 19:49:22.968  1004 20859 W C2MtkBufferManager: [0xB400007123412AA0] fetchNewBlock: wait fence 0x0xb40000713341d610 failed. ret 110
01-23 19:49:22.979  1593  2201 I libsensor-displayalgo: the value of channelCali C:185.523093,R:77.493873,G:82.783901,B:31.729089,scales C:1.312945,R:1.441799,G:1.262245,B:1.286638
01-23 19:49:22.979  1593  2201 D libsensor-displayalgo: brightness:1408.000000,flat_mode:0.000000,R1:39.942003,G1:94.132822,B1:116.135568,R2:2799.000116,G2:2925.334470,B2:2718.143357,R3:718.841489,G3:791.538020,B3:758.352747,R4:83.090190,G4:138.394381,B4:156.987705,EVENT C:2455.000000,R:803.000000,G:1188.000000,B:513.000000, lux: 188.331741
01-23 19:49:23.000  1009  1388 E HfLooper: sensor imu_hand_detect in hal data=4000,636,9000,9000,10035,40047
01-23 19:49:23.017  1004 20859 W C2MtkBufferManager: [0xB400007123412AA0] fetchNewBlock: wait fence 0x0xb40000713341d610 failed. ret 110
01-23 19:49:23.026 18102 20701 W MediaCodec: [mId: 14] [video-debug-dec] queueInputBuffer: Average input time interval reaches 514ms for 16 inputs by pts: 1000001533333
01-23 19:49:23.065  1004 20859 W C2MtkBufferManager: [0xB400007123412AA0] fetchNewBlock: wait fence 0x0xb40000713341d610 failed. ret 110
01-23 19:49:23.079  1000  1640 I android.hardware.graphics.composer@3.2-service: Sensor: notify citsensorservice to trigger cwb
01-23 19:49:23.080  1593  2197 I libsensor-frameBufferManager: request dump start
01-23 19:49:23.080  1593  2197 D libcomposer_ext: ClientImplAidl::getDispDump(), dpy 1, dst (160, 120), dump_point 1, release_fence -1
01-23 19:49:23.080  1000  1024 D libcomposer_ext: DeviceImplAidl::syncPerform(14), client_handle: 1
01-23 19:49:23.080  1000  1024 D libcomposer_ext: DeviceImplAidl::DeviceClientContextAidl::ParseGetDispDump()
01-23 19:49:23.080  1000  1024 D libcomposer_ext: DeviceImplAidl::ParseGetDispDump(), dpy 1, dst (160, 120), dump_point 1
01-23 19:49:23.081  1000  1024 I hwcomposer: [HWC] getDispDump(), dpy 1, (822,7,982,127), (160, 120), (1, 2), (-1), (-1), (0xb400007e2a4e1250)  
01-23 19:49:23.081  1000  1024 I hwcomposer: [DRMDEV] isSupportWbParams(), id_crtc 103, id_connector 34, dump_point 1, src(160, 120), dst(160, 120), config 2  
01-23 19:49:23.081  1000  1024 E hwcomposer: [DRMDEV] isSupportWbParams(), disp(1220, 2712)  
01-23 19:49:23.081  1000  1024 I hwcomposer: [DISP_DUMP] setDumpBuf(), dpy(0), src(822, 7, 982, 127), dst(160, 120), (1, 2), -1, (-1), (0xb400007e2a4e1250)  
01-23 19:49:23.081  1000  1024 I hwcomposer: [HWC] (0)fire a callback of refresh to SF[9]  
01-23 19:49:23.086  1000  1024 D libcomposer_ext: DeviceImplAidl::DeviceClientContextAidl::NotifyDispDumpReady()
01-23 19:49:23.087  1593  1593 D libcomposer_ext: ClientCallbackAidl::asyncPerform(15)
01-23 19:49:23.087  1593  1593 D libcomposer_ext: ClientImplAidl::ParseNotifyDispDumpReady()
01-23 19:49:23.107  1593  2198 D libsensor-parseRGB: the value of RGB [5.344692 7.891418 8.682016]
01-23 19:49:23.114  1004 20859 W C2MtkBufferManager: [0xB400007123412AA0] fetchNewBlock: wait fence 0x0xb40000713341d610 failed. ret 110
01-23 19:49:23.120  1832  2734 D SLM-SRV-SLAService: checktemp temperature = 41115 temperature_average = 41184 isPerformanceMode = false thermal_enable_slm = true
01-23 19:49:23.162  1004 20859 W C2MtkBufferManager: [0xB400007123412AA0] fetchNewBlock: wait fence 0x0xb40000713341d610 failed. ret 110
01-23 19:49:23.177  1593  2201 I libsensor-displayalgo: the value of channelCali C:185.523093,R:77.493873,G:82.783901,B:31.729089,scales C:1.312945,R:1.441799,G:1.262245,B:1.286638
01-23 19:49:23.177  1593  2201 D libsensor-displayalgo: brightness:1408.000000,flat_mode:0.000000,R1:39.942003,G1:94.132822,B1:116.135568,R2:2799.000116,G2:2925.334470,B2:2718.143357,R3:718.841489,G3:791.538020,B3:758.352747,R4:83.090190,G4:138.394381,B4:156.987705,EVENT C:2445.000000,R:801.000000,G:1184.000000,B:509.000000, lux: 187.458954
01-23 19:49:23.210  1004 20859 W C2MtkBufferManager: [0xB400007123412AA0] fetchNewBlock: wait fence 0x0xb40000713341d610 failed. ret 110
01-23 19:49:23.243  2360  2368 D WifiHAL : WifiRequest::create vendor command to iface 37, vendor_id=0x1a11, subcmd=0x1200, res=0
01-23 19:49:23.246  2360  2368 I WifiHAL : LLS RSP: data=0xb400007147e587d0, len=4844
01-23 19:49:23.246  2360  2368 I WifiHAL : LLS check_data_sanity: 1801: current_radio_stat->num_channels=35
01-23 19:49:23.246  2360  2368 I WifiHAL : LLS check_data_sanity: 1801: current_radio_stat->num_channels=0
01-23 19:49:23.246  2360  2368 I WifiHAL : LLS check_data_sanity: confirmed_size=4844, len=4844
01-23 19:49:23.259  1004 20859 W C2MtkBufferManager: [0xB400007123412AA0] fetchNewBlock: wait fence 0x0xb40000713341d610 failed. ret 110
01-23 19:49:23.287  1000  1640 I android.hardware.graphics.composer@3.2-service: Sensor: notify citsensorservice to trigger cwb
01-23 19:49:23.288  1593  2197 I libsensor-frameBufferManager: request dump start
01-23 19:49:23.288  1593  2197 D libcomposer_ext: ClientImplAidl::getDispDump(), dpy 1, dst (160, 120), dump_point 1, release_fence -1
01-23 19:49:23.288  1000  1024 D libcomposer_ext: DeviceImplAidl::syncPerform(14), client_handle: 1
01-23 19:49:23.289  1000  1024 D libcomposer_ext: DeviceImplAidl::DeviceClientContextAidl::ParseGetDispDump()
01-23 19:49:23.290  1000  1024 D libcomposer_ext: DeviceImplAidl::ParseGetDispDump(), dpy 1, dst (160, 120), dump_point 1
01-23 19:49:23.290  1000  1024 I hwcomposer: [HWC] getDispDump(), dpy 1, (822,7,982,127), (160, 120), (1, 2), (-1), (-1), (0xb400007e2a4e2c30)  
01-23 19:49:23.290  1000  1024 I hwcomposer: [DRMDEV] isSupportWbParams(), id_crtc 103, id_connector 34, dump_point 1, src(160, 120), dst(160, 120), config 2  
01-23 19:49:23.290  1000  1024 E hwcomposer: [DRMDEV] isSupportWbParams(), disp(1220, 2712)  
01-23 19:49:23.290  1000  1024 I hwcomposer: [DISP_DUMP] setDumpBuf(), dpy(0), src(822, 7, 982, 127), dst(160, 120), (1, 2), -1, (-1), (0xb400007e2a4e2c30)  
01-23 19:49:23.290  1000  1024 I hwcomposer: [HWC] (0)fire a callback of refresh to SF[9]  
01-23 19:49:23.295  1000  1024 D libcomposer_ext: DeviceImplAidl::DeviceClientContextAidl::NotifyDispDumpReady()
01-23 19:49:23.296  1593  1593 D libcomposer_ext: ClientCallbackAidl::asyncPerform(15)
01-23 19:49:23.296  1593  1593 D libcomposer_ext: ClientImplAidl::ParseNotifyDispDumpReady()
01-23 19:49:23.307  1004 20859 W C2MtkBufferManager: [0xB400007123412AA0] fetchNewBlock: wait fence 0x0xb40000713341d610 failed. ret 110
01-23 19:49:23.314  1593  2198 D libsensor-parseRGB: the value of RGB [5.344692 7.891418 8.682016]
01-23 19:49:23.323  1004 20719 W C2MtkBufferManager: [0xB40000712341ADA0] fetchNewBlock: wait fence 0x0xb400007133435db0 failed. ret 110
01-23 19:49:23.334  1131  1131 I BufferQueueProducer: [com.instagram.android/com.instagram.mainactivity.InstagramMainActivity#216489](this:0xb4000070da6b2f30,id:-1,api:0,p:-1,c:1131) queueBuffer: fps=120.19 dur=1006.74 max=8.84 min=7.65
01-23 19:49:23.356  1004 20859 W C2MtkBufferManager: [0xB400007123412AA0] fetchNewBlock: wait fence 0x0xb40000713341d610 failed. ret 110
01-23 19:49:23.369  1000  1024 I hwcomposer: [HWCDisplay] [Display_0 (type:1, mode:2)] fps:120.195587,dur:1006.69,max:10.15,min:6.41  
01-23 19:49:23.377  1593  2201 I libsensor-displayalgo: the value of channelCali C:185.523093,R:77.493873,G:82.783901,B:31.729089,scales C:1.312945,R:1.441799,G:1.262245,B:1.286638
01-23 19:49:23.377  1593  2201 D libsensor-displayalgo: brightness:1408.000000,flat_mode:0.000000,R1:39.942003,G1:94.132822,B1:116.135568,R2:2799.000116,G2:2925.334470,B2:2718.143357,R3:718.841489,G3:791.538020,B3:758.352747,R4:83.090190,G4:138.394381,B4:156.987705,EVENT C:2446.000000,R:800.000000,G:1182.000000,B:510.000000, lux: 187.738113
01-23 19:49:23.383   991 18590 I android.hardware.audio.service.mediatek: misoundfx process numSamples: 480
01-23 19:49:23.395  1009  1388 E HfLooper: sensor imu_hand_detect in hal data=4000,854,9000,9000,10026,40024
01-23 19:49:23.396  1832  2722 I ClipboardServiceI: checkProviderWakePathForClipboard: com.lzofseven.mcserveris not a activePermissionOwner
01-23 19:49:23.404  1004 20859 W C2MtkBufferManager: [0xB400007123412AA0] fetchNewBlock: wait fence 0x0xb40000713341d610 failed. ret 110
01-23 19:49:23.411  1832  2722 D ActivityManager: getProcessesInErrorState callingUid=10302, CallingPid=18102
01-23 19:49:23.453  1004 20859 W C2MtkBufferManager: [0xB400007123412AA0] fetchNewBlock: wait fence 0x0xb40000713341d610 failed. ret 110
01-23 19:49:23.456 18102 20843 W MediaCodec: [mId: 16] [video-debug-dec] dequeueInputBuffer: Last successful request is 999ms ago, 1 failures since then
01-23 19:49:23.456  1004 20719 W C2MtkBufferManager: [0xB40000712341ADA0] fetchNewBlock: wait fence 0x0xb400007133435db0 failed. ret 110
01-23 19:49:23.457 18102 20843 W MediaCodec: [mId: 16] [video-debug-dec] queueInputBuffer: Input time interval reaches 999ms before pts: 1000000560000
01-23 19:49:23.457 18102 20843 I MediaCodec: [mId: 16] [video-debug-dec] queueInputBuffer: index: 0 pts: 1000000560000 timediff: 999
01-23 19:49:23.459 18102 20847 I MiMediaCodec: send last fps
01-23 19:49:23.459 18102 20847 I MiMediaCodec: send fps to display with mLastSendedFps:25.000000 state:1 id:16
01-23 19:49:23.460  1131  1320 D MI-SF   : updateVideoDecoderInfo state:1 intfps:25  floatfps:0.000000 fromplayer:1 tid:31115
01-23 19:49:23.460  1131  1320 D MI-SF   : updateVideoDecoderInfo clear video fps
01-23 19:49:23.460  1131  1320 D MI-SF   : updateVideoDecoderInfo empty, add the first new video fps
01-23 19:49:23.460  1131  1320 D MI-SF   : updateVideoDecoderInfo find same tid, update new video fps
01-23 19:49:23.460  1131  1320 D MI-SF   : after updateVideoDecoderInfo fps= 25,  tid = 31115
01-23 19:49:23.460  1131  1320 D MI-SF   : videoDecoderInfo->state = 1
01-23 19:49:23.460  1131  1320 D MI-SF   : VideoHighFpsFlag 0,mVideoFrameRate 25,50
01-23 19:49:23.461 18102 20843 I MediaCodec: [mId: 16] [video-debug-dec] queueInputBuffer: index: 1 pts: 1000000520000 timediff: 5
01-23 19:49:23.463 18102 20843 I MediaCodec: [mId: 16] [video-debug-dec] queueInputBuffer: index: 2 pts: 1000000600000 timediff: 1
01-23 19:49:23.476 18102 20843 D AudioTrack: [audioTrackData][mute] 1s(f:0 m:1000 s:0 k:1000 z:0) : pid 18102 uid 10302 sessionId 143593 sr 44100 ch 2 fmt 1  mMaxAmplitude 2210
01-23 19:49:23.477 18102 20843 W MediaCodec: [mId: 17] [audio-debug-dec] dequeueInputBuffer: Last successful request is 995ms ago, 1 failures since then
01-23 19:49:23.477 18102 20843 W MediaCodec: [mId: 17] [audio-debug-dec] queueInputBuffer: Input time interval reaches 995ms before pts: 1000000464399
01-23 19:49:23.477 18102 20843 I MediaCodec: [mId: 17] [audio-debug-dec] queueInputBuffer: index: 3 pts: 1000000464399 timediff: 995
01-23 19:49:23.479 18102 20843 I MediaCodec: [mId: 17] [audio-debug-dec] queueInputBuffer: index: 0 pts: 1000000510839 timediff: 1
01-23 19:49:23.479 18102 20843 I MediaCodec: [mId: 17] [audio-debug-dec] queueInputBuffer: index: 1 pts: 1000000557278 timediff: 1
01-23 19:49:23.494  1000  1640 I android.hardware.graphics.composer@3.2-service: Sensor: notify citsensorservice to trigger cwb
01-23 19:49:23.495  1593  2197 I libsensor-frameBufferManager: request dump start
01-23 19:49:23.495  1593  2197 D libcomposer_ext: ClientImplAidl::getDispDump(), dpy 1, dst (160, 120), dump_point 1, release_fence -1
01-23 19:49:23.495  1000  1024 D libcomposer_ext: DeviceImplAidl::syncPerform(14), client_handle: 1
01-23 19:49:23.495  1000  1024 D libcomposer_ext: DeviceImplAidl::DeviceClientContextAidl::ParseGetDispDump()
01-23 19:49:23.495  1000  1024 D libcomposer_ext: DeviceImplAidl::ParseGetDispDump(), dpy 1, dst (160, 120), dump_point 1
01-23 19:49:23.495  1000  1024 I hwcomposer: [HWC] getDispDump(), dpy 1, (822,7,982,127), (160, 120), (1, 2), (-1), (-1), (0xb400007e2a4e0950)  
01-23 19:49:23.496  1000  1024 I hwcomposer: [DRMDEV] isSupportWbParams(), id_crtc 103, id_connector 34, dump_point 1, src(160, 120), dst(160, 120), config 2  
01-23 19:49:23.496  1000  1024 E hwcomposer: [DRMDEV] isSupportWbParams(), disp(1220, 2712)  
01-23 19:49:23.496  1000  1024 I hwcomposer: [DISP_DUMP] setDumpBuf(), dpy(0), src(822, 7, 982, 127), dst(160, 120), (1, 2), -1, (-1), (0xb400007e2a4e0950)  
01-23 19:49:23.496  1000  1024 I hwcomposer: [HWC] (0)fire a callback of refresh to SF[9]  
01-23 19:49:23.501  1004 20859 W C2MtkBufferManager: [0xB400007123412AA0] fetchNewBlock: wait fence 0x0xb40000713341d610 failed. ret 110
01-23 19:49:23.503  1000  1024 D libcomposer_ext: DeviceImplAidl::DeviceClientContextAidl::NotifyDispDumpReady()
01-23 19:49:23.503  1593  1593 D libcomposer_ext: ClientCallbackAidl::asyncPerform(15)
01-23 19:49:23.503  1593  1593 D libcomposer_ext: ClientImplAidl::ParseNotifyDispDumpReady()
01-23 19:49:23.524  1593  2198 D libsensor-parseRGB: the value of RGB [5.344692 7.891418 8.682016]
01-23 19:49:23.527  1019  1053 I libPerfCtl: xgfGetFPS pid:2668 fps:-1
01-23 19:49:23.527  1019  1053 I libPerfCtl: xgfGetFPS pid:18102 fps:-1
01-23 19:49:23.541  2360  2368 D WifiHAL : WifiRequest::create vendor command to iface 37, vendor_id=0x1a11, subcmd=0x1200, res=0
01-23 19:49:23.544  2360  2368 I WifiHAL : LLS RSP: data=0xb400007147e587d0, len=4844
01-23 19:49:23.544  2360  2368 I WifiHAL : LLS check_data_sanity: 1801: current_radio_stat->num_channels=35
01-23 19:49:23.544  2360  2368 I WifiHAL : LLS check_data_sanity: 1801: current_radio_stat->num_channels=0
01-23 19:49:23.544  2360  2368 I WifiHAL : LLS check_data_sanity: confirmed_size=4844, len=4844
01-23 19:49:23.545  1832  2722 W BatteryExternalStatsWorker: error reading Bluetooth stats: 11
01-23 19:49:23.549  1004 20859 W C2MtkBufferManager: [0xB400007123412AA0] fetchNewBlock: wait fence 0x0xb40000713341d610 failed. ret 110
01-23 19:49:23.556  1004 20719 W C2MtkBufferManager: [0xB40000712341ADA0] fetchNewBlock: wait fence 0x0xb400007133435db0 failed. ret 110
01-23 19:49:23.559  1832  2181 I MIUIInput: [MotionEvent] notifyMotion - eventTime=705596920862000, deviceId=6, source=0x1002, policyFlags=0x0, action=0x0, flags=0x0, downTime=705596920862000
01-23 19:49:23.560  1258  1258 I touch_boost: enable=1, boost_up=0, boost_down=1, render_deboost=0, active_time=100, duration=50, idleprefer(TA,FG)=(1,1), util(TA,FG)=(1,1), freq(c0,c1,c2)=(1100000,1400000,400000)
01-23 19:49:23.560  1258  1258 I mtkpower_client: perf_lock_acq, hdl:0, dur:50, num:14, pid:1258, tid:1258
01-23 19:49:23.560  1258  1258 I mtkpower_client: IMtkPowerService_isDeclared 1
01-23 19:49:23.561  1044  1093 I libPowerHal: [perfLockAcq] idx:17 hdl:856709 hint:-1 pid:1258 tid:1258 duration:50 lock_user:touch_boost => ret_hdl:856709
01-23 19:49:23.561  1044  1093 I libPowerHal: [setClusterFreq] touch_boost set cpufreq[0] min:1100000 max:-1 cpufreq[1] min:1400000 max:-1 cpufreq[2] min:400000 max:-1 
01-23 19:49:23.561  1044  1093 I libPowerHal: [setClusterFreq]  set cpu_ctrl cpufreq: 1100000 -1 1400000 -1 -1 -1 
01-23 19:49:23.561  1044  1093 I libPowerHal: [PE] touch_boost update cmd:1404100, param:1
01-23 19:49:23.561  1044  1093 I libPowerHal: [PE] touch_boost update cmd:1404300, param:1
01-23 19:49:23.564  1832  2180 I MIUIInput: [MotionEvent] publisher action=0x0, deviceId=6, 705596920, channel '44b71ab com.instagram.android/com.instagram.mainactivity.InstagramMainActivity (server)'
01-23 19:49:23.564  1258  1258 I mtkpower_client: ret_hdl:856709
01-23 19:49:23.564  1832  2180 I MIUIInput: [MotionEvent] publisher action=0x0, deviceId=6, 705596920, channel '[Gesture Monitor] onehanded-touch (server)'
01-23 19:49:23.564  1832  2180 I MIUIInput: [MotionEvent] publisher action=0x0, deviceId=6, 705596920, channel '[Gesture Monitor] miui-gesture (server)'
01-23 19:49:23.564 18102 18102 I MIUIInput: [MotionEvent] ViewRootImpl windowName 'com.instagram.android/com.instagram.mainactivity.InstagramMainActivity', { action=ACTION_DOWN, id[0]=0, pointerCount=1, eventTime=705596920, downTime=705596920, phoneEventTime=19:49:23.558 } moveCount:0
01-23 19:49:23.565  8923  8923 I SidebarCoverView: onTouch : 4
01-23 19:49:23.565  1832  2296 I ProcessManager: getRenderThreadTidByPid, caller=1832
01-23 19:49:23.567 18102 20701 D AudioTrack: pause(22205): 0xb40000700a780200, prior state:STATE_ACTIVE packageName: com.instagram.android
01-23 19:49:23.567 18102 20701 D AudioTrackShared: this(0xb40000705a71a5f0), mCblk(0x6d5f05c000), front(58329), mIsOut 1, interrupt() FUTEX_WAKE
01-23 19:49:23.567  1110 23449 E AudioFlinger_Threads: open /proc/18102/cmdline error
01-23 19:49:23.567  1110 23449 I AudioFlinger_Threads: setAppName(), name=[], active=[0]
01-23 19:49:23.567   991  1041 I EffectsFactory: Effect_Command(): self = 0xb40000702f97e1e0, cmdCode = 23
01-23 19:49:23.568   991  1041 V EffectMiSound: MiSound_command() start, cmdCode=23
01-23 19:49:23.568   991  1041 V EffectMiSound: MiSound_Command EFFECT_CMD_SET_APP_NAME: stream=3, name=-
01-23 19:49:23.568  1110 23449 D AF::Track: setFadeOut isFadeNeeded = 0 isFadingOut = 0
01-23 19:49:23.568  1110 23449 D AF::Track: setFadeOut Done
01-23 19:49:23.564  1044  1093 I libPowerHal: [PE] touch_boost update cmd:1408100, param:1
01-23 19:49:23.568  1044  1093 I libPowerHal: [PE] touch_boost update cmd:1408300, param:1
01-23 19:49:23.569  1832  2724 I WifiService: releaseWifiLock uid=10302
01-23 19:49:23.569  1832  2722 I MediaFocusControl: abandonAudioFocus() from uid/pid 10302/18102 clientId=android.media.AudioManager@e77d0dX.B0k@8167913
01-23 19:49:23.570  1832  2722 D FocusRequesterStubImpl: notifyFocusChange uid=10302
01-23 19:49:23.570  1832  2722 D MediaFocusControlStubImpl: isDelayedDispatchFocusChangeNeeded: topUid=10302, mLastReleasedUid=10302, mPendingAudioMode=0, mBtAudioSuspended=false, focusGain=1, mAudioMode=0, mModeOwnerUid=0
01-23 19:49:23.570  1044  1093 I libPowerHal: [perfLockAcq] idx:18 hdl:856710 hint:25 pid:1044 tid:1044 duration:10000 lock_user:vendor.mediatek => ret_hdl:856710
01-23 19:49:23.571  1832  2722 D MediaFocusControlStubImpl: inModeChanging: fromCommunicationToNormal=false, fromNormalToCommunication=false
01-23 19:49:23.571 18102 18102 D AudioManager: dispatching onAudioFocusChange(1) to android.media.AudioManager@be5451dX.DxM@d1b7392
01-23 19:49:23.571  1832  2722 I AS.FadeOutManager: unfadeOutUid() uid:10302
01-23 19:49:23.574  1593  2201 I libsensor-displayalgo: the value of channelCali C:185.523093,R:77.493873,G:82.783901,B:31.729089,scales C:1.312945,R:1.441799,G:1.262245,B:1.286638
01-23 19:49:23.574  1593  2201 D libsensor-displayalgo: brightness:1408.000000,flat_mode:0.000000,R1:39.942003,G1:94.132822,B1:116.135568,R2:2799.000116,G2:2925.334470,B2:2718.143357,R3:718.841489,G3:791.538020,B3:758.352747,R4:83.090190,G4:138.394381,B4:156.987705,EVENT C:2440.000000,R:799.000000,G:1181.000000,B:510.000000, lux: 186.978516
01-23 19:49:23.590   991  1041 I EffectsFactory: Effect_Command(): self = 0xb40000702f9902d0, cmdCode = 10
01-23 19:49:23.590   991  1041 D DlbVolumeListener: effectCommand: Ignore volume 0 coming from pausing playback
01-23 19:49:23.598  1004 20859 W C2MtkBufferManager: [0xB400007123412AA0] fetchNewBlock: wait fence 0x0xb40000713341d610 failed. ret 110
01-23 19:49:23.598  1004 20719 W C2MtkBufferManager: [0xB40000712341ADA0] fetchNewBlock: wait fence 0x0xb400007133435db0 failed. ret 110
01-23 19:49:23.610  1258  1258 I touch_boost: enable=0, boost_up=0, boost_down=1, render_deboost=0, active_time=100, duration=50, idleprefer(TA,FG)=(1,1), util(TA,FG)=(1,1), freq(c0,c1,c2)=(1100000,1400000,400000)
01-23 19:49:23.610  1258  1258 I mtkpower_client: perf_lock_rel, hdl:856709, tid:1258
01-23 19:49:23.612  1258  1258 I mtkpower_client: IMtkPowerService_isDeclared 1
01-23 19:49:23.612  1044  1093 I libPowerHal: [perfLockRel] hdl:856709, idx:17
01-23 19:49:23.612  1044  1093 I libPowerHal: [setClusterFreq]  set cpu_ctrl cpufreq: 650000 -1 -1 -1 -1 -1 
01-23 19:49:23.612  1044  1093 I libPowerHal: [PD] touch_boost update cmd:1404100 param:0
01-23 19:49:23.612  1044  1093 I libPowerHal: [PD] touch_boost update cmd:1404300 param:0
01-23 19:49:23.612  1044  1093 I libPowerHal: [PD] touch_boost update cmd:1408100 param:0
01-23 19:49:23.616  1044  1093 I libPowerHal: [PD] touch_boost update cmd:1408300 param:0
01-23 19:49:23.620  1832  2181 I MIUIInput: [MotionEvent] notifyMotion - eventTime=705596981872000, deviceId=6, source=0x1002, policyFlags=0x0, action=0x1, flags=0x0, downTime=705596920862000
01-23 19:49:23.622  1832  2180 I MIUIInput: [MotionEvent] publisher action=0x1, deviceId=6, 705596981, channel '[Gesture Monitor] onehanded-touch (server)'
01-23 19:49:23.622  1044  1093 I libPowerHal: [perfLockRel] hdl:856710, idx:18
01-23 19:49:23.622  1832  2180 I MIUIInput: [MotionEvent] publisher action=0x1, deviceId=6, 705596981, channel '[Gesture Monitor] miui-gesture (server)'
01-23 19:49:23.623  1832  2180 I MIUIInput: [MotionEvent] publisher action=0x1, deviceId=6, 705596981, channel '44b71ab com.instagram.android/com.instagram.mainactivity.InstagramMainActivity (server)'
01-23 19:49:23.623 18102 18102 I MIUIInput: [MotionEvent] ViewRootImpl windowName 'com.instagram.android/com.instagram.mainactivity.InstagramMainActivity', { action=ACTION_UP, id[0]=0, pointerCount=1, eventTime=705596981, downTime=705596920, phoneEventTime=19:49:23.620 } moveCount:0
01-23 19:49:23.633 18102 20701 I MediaCodec: [mId: 14] [video-debug-dec] stop
01-23 19:49:23.633 18102 20701 D MediaCodec: [0xb40000707ad72f50] [c2.mtk.avc.decoder] stop
01-23 19:49:23.634 18102 20701 I MiMediaCodec: send fps to display when stop, state:0 mLastSendedFps:30.000000 tid:14
01-23 19:49:23.634  1131  1320 D MI-SF   : updateVideoDecoderInfo state:0 intfps:30  floatfps:0.000000 fromplayer:1 tid:31115
01-23 19:49:23.634  1131  1320 D MI-SF   : updateVideoDecoderInfo erase fps 25
01-23 19:49:23.634  1832  2724 D TelephonyManager: requestModemActivityInfo: Sending result to app: ModemActivityInfo{ mTimestamp=781980148 mSleepTimeMs=510084662 mIdleTimeMs=190367172 mActivityStatsTechSpecificInfo=[{mRat=UNKNOWN,mFrequencyRange=UNKNOWN,mTxTimeMs[]=[2469811, 2117961, 2813663, 5069881, 14152718],mRxTimeMs=100128221}]}
01-23 19:49:23.634  1131  1320 D MI-SF   : videoDecoderInfo->state = 0
01-23 19:49:23.634  1131  1320 D MI-SF   : VideoHighFpsFlag 0,mVideoFrameRate 30,60
01-23 19:49:23.635 18102 20704 I MediaCodec: [mId: 14] [video-debug-dec] Stats over last 4875ms:
01-23 19:49:23.635 18102 20704 I MediaCodec: [mId: 14] [video-debug-dec] ClientName: com.instagram.android ComponentName: c2.mtk.avc.decoder
01-23 19:49:23.635 18102 20704 I MediaCodec: [mId: 14] [video-debug-dec] Qinput: 33, DQinput: 33 success out of 159 tries
01-23 19:49:23.635 18102 20704 I MediaCodec: [mId: 14] [video-debug-dec] Render: 34, Drop: 0, DQoutput: 34 success out of 34 tries
01-23 19:49:23.635 18102 20704 I MediaCodec: [mId: 14] [video-debug-dec] Avg Input Interval: 147ms, Avg Render Interval: 143ms
01-23 19:49:23.635 18102 20704 D MediaCodec: [0xb40000707ad72f50] setState: 9
01-23 19:49:23.635 18102 20704 I MediaCodec: [mId: 14] [video-debug-dec] setState: STOPPING
01-23 19:49:23.635 18102 20704 D CCodecBufferChannel: [c2.mtk.avc.decoder#313] MediaCodec discarded an unknown buffer
01-23 19:49:23.635 18102 20704 D CCodecBufferChannel: [c2.mtk.avc.decoder#313] MediaCodec discarded an unknown buffer
01-23 19:49:23.635 18102 20704 D CCodecBufferChannel: [c2.mtk.avc.decoder#313] MediaCodec discarded an unknown buffer
01-23 19:49:23.635 18102 20704 D CCodecBufferChannel: [c2.mtk.avc.decoder#313] MediaCodec discarded an unknown buffer
01-23 19:49:23.636 18102 20704 D CCodecBufferChannel: [c2.mtk.avc.decoder#313] MediaCodec discarded an unknown buffer
01-23 19:49:23.636 18102 20704 D CCodecBufferChannel: [c2.mtk.avc.decoder#313] MediaCodec discarded an unknown buffer
01-23 19:49:23.636 18102 20704 D CCodecBufferChannel: [c2.mtk.avc.decoder#313] MediaCodec discarded an unknown buffer
01-23 19:49:23.636 18102 20704 D CCodecBufferChannel: [c2.mtk.avc.decoder#313] MediaCodec discarded an unknown buffer
01-23 19:49:23.636 18102 20704 D CCodecBufferChannel: [c2.mtk.avc.decoder#313] MediaCodec discarded an unknown buffer
01-23 19:49:23.636 18102 20704 D CCodecBufferChannel: [c2.mtk.avc.decoder#313] MediaCodec discarded an unknown buffer
01-23 19:49:23.636 18102 20704 D CCodecBufferChannel: [c2.mtk.avc.decoder#313] MediaCodec discarded an unknown buffer
01-23 19:49:23.636 18102 20704 D CCodecBufferChannel: [c2.mtk.avc.decoder#313] MediaCodec discarded an unknown buffer
01-23 19:49:23.637 18102 20704 D CCodecBufferChannel: [c2.mtk.avc.decoder#313] MediaCodec discarded an unknown buffer
01-23 19:49:23.637 18102 20704 D CCodecBufferChannel: [c2.mtk.avc.decoder#313] MediaCodec discarded an unknown buffer
01-23 19:49:23.637 18102 20704 D CCodecBufferChannel: [c2.mtk.avc.decoder#313] MediaCodec discarded an unknown buffer
01-23 19:49:23.638  1004  1087 D C2BqBuffer: configuring null producer: igbp_information(0)
01-23 19:49:23.639 18102 18312 D PipelineWatcher: onInputBufferReleased: frameIndex not found (57); ignored
01-23 19:49:23.640  1004  1087 D C2MtkComponent: [0xB40000708341AE80] stop
01-23 19:49:23.640   997   997 E android.hardware.graphics.allocator-V2-service-mediatek: Producer and consumer not identified.
01-23 19:49:23.640   997   997 E android.hardware.graphics.allocator-V2-service-mediatek: Producer and consumer not identified.
01-23 19:49:23.641  1004 20710 D C2MtkComponent: [0xB40000708341B448] printStash: key=1000002133333, frameIndex=63, inputFlags=0
01-23 19:49:23.640  1832  2724 D MiuiRefreshRatePolicy: reset
01-23 19:49:23.641  1004 20710 D C2MtkComponent: [0xB40000708341B448] printStash: key=1000001900000, frameIndex=61, inputFlags=0
01-23 19:49:23.641  1004 20710 D C2MtkComponent: [0xB40000708341B448] printStash: key=1000001933333, frameIndex=60, inputFlags=0
01-23 19:49:23.641  1004 20710 D C2MtkComponent: [0xB40000708341B448] printStash: key=1000002000000, frameIndex=59, inputFlags=0
01-23 19:49:23.641  1004 20710 D C2MtkComponent: [0xB40000708341B448] printStash: key=1000001833333, frameIndex=58, inputFlags=0
01-23 19:49:23.641  1004 20710 D C2MtkComponent: [0xB40000708341B448] printStash: key=1000001766666, frameIndex=57, inputFlags=0
01-23 19:49:23.641  1004 20710 D C2MtkComponent: [0xB40000708341B448] printStash: key=1000001800000, frameIndex=56, inputFlags=0
01-23 19:49:23.641  1004 20710 D C2MtkComponent: [0xB40000708341B448] printStash: key=1000002066666, frameIndex=64, inputFlags=0
01-23 19:49:23.641  1004 20710 D C2MtkComponent: [0xB40000708341B448] printStash: key=1000001700000, frameIndex=54, inputFlags=0
01-23 19:49:23.641  1004 20710 D C2MtkComponent: [0xB40000708341B448] printStash: key=1000001733333, frameIndex=51, inputFlags=0
01-23 19:49:23.641  1004 20710 D C2MtkComponent: [0xB40000708341B448] printStash: key=1000001866666, frameIndex=55, inputFlags=0
01-23 19:49:23.641  1004 20710 D C2MtkComponent: [0xB40000708341B448] printStash: key=1000001966666, frameIndex=62, inputFlags=0
01-23 19:49:23.642   997   997 E android.hardware.graphics.allocator-V2-service-mediatek: Producer and consumer not identified.
01-23 19:49:23.642 18102 18102 D TextureView: getHardwareLayer, createNewSurface:false
01-23 19:49:23.642   997   997 E android.hardware.graphics.allocator-V2-service-mediatek: Producer and consumer not identified.
01-23 19:49:23.642 18102 20843 D android.media.AudioTrack: setStereoVolume setParameters is 1.0, rightVolume is 1.0, isMuted is false, mIsLastMute is true, mNeedNotifyedNative is false
01-23 19:49:23.642 18102 20843 D AudioTrack: setParameters(22206): Parameter media_set_track_muted is 0 return
01-23 19:49:23.642 18102 20843 D AudioTrack: setVolume(22206): 0xb40000700b1600d0, left = 1.000000, right = 1.000000
01-23 19:49:23.643   997   997 E android.hardware.graphics.allocator-V2-service-mediatek: Producer and consumer not identified.
01-23 19:49:23.643   997   997 E android.hardware.graphics.allocator-V2-service-mediatek: Producer and consumer not identified.
01-23 19:49:23.645   997   997 E android.hardware.graphics.allocator-V2-service-mediatek: Producer and consumer not identified.
01-23 19:49:23.645   997   997 E android.hardware.graphics.allocator-V2-service-mediatek: Producer and consumer not identified.
01-23 19:49:23.645   997   997 E android.hardware.graphics.allocator-V2-service-mediatek: Producer and consumer not identified.
01-23 19:49:23.646   997   997 E android.hardware.graphics.allocator-V2-service-mediatek: Producer and consumer not identified.
01-23 19:49:23.646  1832  2724 I WifiService: acquireWifiLock uid=10302 lockMode=3 packageName=com.instagram.android
01-23 19:49:23.647  1004 20859 W C2MtkBufferManager: [0xB400007123412AA0] fetchNewBlock: wait fence 0x0xb40000713341d610 failed. ret 110
01-23 19:49:23.648 18102 20797 W AudioManager: Use of stream types is deprecated for operations other than volume control
01-23 19:49:23.648 18102 20797 W AudioManager: See the documentation of requestAudioFocus() for what to use instead with android.media.AudioAttributes to qualify your playback use case
01-23 19:49:23.648  1832  2724 I MediaFocusControl: requestAudioFocus() from uid/pid 10302/18102 AA=USAGE_MEDIA/CONTENT_TYPE_UNKNOWN clientId=android.media.AudioManager@e77d0dX.B0k@8167913 callingPack=com.instagram.android req=4 flags=0x0 sdk=36
01-23 19:49:23.648  1004 20707 E C2MtkVdec: [0xB40000708341AE80] Unknown output workId: 1000001700000
01-23 19:49:23.649  1004 20707 E C2MtkVdec: [0xB40000708341AE80] Unknown output workId: 1000001733333
01-23 19:49:23.649   997   997 E android.hardware.graphics.allocator-V2-service-mediatek: Producer and consumer not identified.
01-23 19:49:23.649   997   997 E android.hardware.graphics.allocator-V2-service-mediatek: Producer and consumer not identified.
01-23 19:49:23.649  1004 20707 E C2MtkVdec: [0xB40000708341AE80] Unknown output workId: 1000001766666
01-23 19:49:23.650   997   997 E android.hardware.graphics.allocator-V2-service-mediatek: Producer and consumer not identified.
01-23 19:49:23.650   997   997 E android.hardware.graphics.allocator-V2-service-mediatek: Producer and consumer not identified.
01-23 19:49:23.651   997   997 E android.hardware.graphics.allocator-V2-service-mediatek: Producer and consumer not identified.
01-23 19:49:23.651   997   997 E android.hardware.graphics.allocator-V2-service-mediatek: Producer and consumer not identified.
01-23 19:49:23.652  1832  1891 I ActivityTaskManager: visible for Task{77fe44d #2965 type=standard A=10302:com.instagram.android} visible = true isAnimating = false TRANSITION = false PARENTS = false CHILDREN = false
01-23 19:49:23.652  1832  2724 D PlaybackActivityMonitorStubImpl: interruptMusicPlayback uid=10302 hasUid=false
01-23 19:49:23.652  1832  2724 D PlaybackActivityMonitorStubImpl:  mRouteCast: -1 uid: 10302
01-23 19:49:23.653  1832  2724 D PlaybackActivityMonitorStubImpl: interruptMusicPlayback uid=10302 hasUid=false
01-23 19:49:23.653  1832  2724 D PlaybackActivityMonitorStubImpl:  mRouteCast: -1 uid: 10302
01-23 19:49:23.653  1832  2724 I AS.FadeOutManager: unfadeOutUid() uid:10302
01-23 19:49:23.653  1004 20707 E C2MtkVdec: [0xB40000708341AE80] Unknown output workId: 1000001800000
01-23 19:49:23.654   997   997 E android.hardware.graphics.allocator-V2-service-mediatek: Producer and consumer not identified.
01-23 19:49:23.654   997   997 E android.hardware.graphics.allocator-V2-service-mediatek: Producer and consumer not identified.
01-23 19:49:23.657  1004 20707 E C2MtkVdec: [0xB40000708341AE80] Unknown output workId: 1000001833333
01-23 19:49:23.659  1110 23449 V audio_utils::mutex: mutex_impl: audio_mutex initialized: ret:0  order:20
01-23 19:49:23.659  1110 23449 V audio_utils::mutex: mutex_impl: audio_mutex initialized: ret:0  order:20
01-23 19:49:23.659   997   997 E android.hardware.graphics.allocator-V2-service-mediatek: Producer and consumer not identified.
01-23 19:49:23.659  1110 23449 V audio_utils::mutex: mutex_impl: audio_mutex initialized: ret:0  order:20
01-23 19:49:23.659   997   997 E android.hardware.graphics.allocator-V2-service-mediatek: Producer and consumer not identified.
01-23 19:49:23.659  1110  1820 D AudioFlinger_Threads: updateWakeLockUids_l AudioOut_D uids:
01-23 19:49:23.659  1110 23449 V audio_utils::mutex: mutex_impl: audio_mutex initialized: ret:0  order:20
01-23 19:49:23.659  1110  1826 D AudioFlinger_Threads: updateWakeLockUids_l AudioOut_1D uids:
01-23 19:49:23.659  1110 23449 V audio_utils::mutex: mutex_impl: audio_mutex initialized: ret:0  order:20
01-23 19:49:23.659  1110  1830 D AudioFlinger_Threads: updateWakeLockUids_l AudioOut_35 uids:
01-23 19:49:23.659  1110  1827 D AudioFlinger_Threads: updateWakeLockUids_l AudioOut_25 uids:
01-23 19:49:23.660 18102 20843 D AudioTrack: start(22206): 0xb40000700b1600d0, prior state:STATE_STOPPED packageName: com.instagram.android
01-23 19:49:23.660  1110 23449 D AF::Track: setFadeIn isFadeNeeded = 0
01-23 19:49:23.660  1110 23449 V AudioPolicyInterfaceImpl: startOutputSamplerate(), portId = 22206, samplerate = 44100
01-23 19:49:23.660  1110 23449 I AudioEffect: set 0xb4000072a2a46a30 uuid: 0x0 timeLow 00000000
01-23 19:49:23.661 18102 18102 D AudioManager: dispatching onAudioFocusChange(-2) to android.media.AudioManager@be5451dX.DxM@d1b7392
01-23 19:49:23.661  1110 23449 W Permission: The package name(android) provided does not correspond to the uid 1041
01-23 19:49:23.661  1110 23449 I AudioFlinger: createEffect pid 1110, effectClient 0xb400007372a424f0, priority 0, sessionId 143593, io 21, factory 0xb4000073b2a394e0
01-23 19:49:23.661  1110 23449 I AudioFlinger_Threads: createEffect_l() thread 0xb400007467185700 effect Music Listener on session 143593
01-23 19:49:23.662  1110 23449 V audio_utils::mutex: mutex_impl: audio_mutex initialized: ret:0  order:15
01-23 19:49:23.662  1110 23449 I EffectChain: EffectChain(): new EffectChain = 0xb400007352a48710
01-23 19:49:23.662 18102 20256 D AudioTrack: setVolume(22206): 0xb40000700b1600d0, left = 1.000000, right = 1.000000
01-23 19:49:23.665  1110 23449 I AudioFlinger_Threads: createEffect_l() got effect 0x0 on chain 0xb400007352a48710
01-23 19:49:23.665  1110 23449 V audio_utils::mutex: mutex_impl: audio_mutex initialized: ret:0  order:17
01-23 19:49:23.665  1110 23449 V audio_utils::mutex: mutex_impl: audio_mutex initialized: ret:0  order:3
01-23 19:49:23.665  1110 23449 V EffectModule: Constructor 0xb4000073a2a3b5f0 pinned 1
01-23 19:49:23.665   991  8333 I EffectsFactory: EffectCreate() UUID: 40F66C8B-5AA5-4345-8919-53EC431AAA98
01-23 19:49:23.665   991  8333 I EffectsFactory: EffectCreate() create_effect
01-23 19:49:23.665   991  8333 I DlbVolumeListener: create() Created effect Music Listener
01-23 19:49:23.665   991  8333 I DlbVolumeListener: effectGetDescriptor() Returning descriptor for Music Listener
01-23 19:49:23.665   991  8333 I DlbVolumeListener: effectGetDescriptor() Returning descriptor for Music Listener
01-23 19:49:23.666  1004 20707 E C2MtkVdec: [0xB40000708341AE80] Unknown output workId: 1000001866666
01-23 19:49:23.666   991  8333 I EffectsFactory: Effect_Command(): self = 0xb40000702f9932a0, cmdCode = 0
01-23 19:49:23.666   991  8333 I EffectsFactory: Effect_Command(): self = 0xb40000702f9932a0, cmdCode = 20
01-23 19:49:23.666   991  8333 D DlbVolumeListener: effectCommand :: Command EFFECT_CMD_OFFLOAD offload=0 ioHandle=21
01-23 19:49:23.666  1110 23449 V EffectModule: setOffloaded_l offloaded 0 io 21 status 0
01-23 19:49:23.666  1110 23449 I EffectModule: EffectModule Constructor success name Music Listener, Interface 0xb4000073b2a41570
01-23 19:49:23.666  1110 23449 I EffectChain: addEffect_l() effect 0xb4000073a2a3b5f0, added in chain 0xb400007352a48710 at rank 0
01-23 19:49:23.667  1110 23449 V EffectModule: configure_l 0xb4000073a2a3b5f0 chain 0xb400007352a48710 buffer 0x0 framecount 2048
01-23 19:49:23.667   997   997 E android.hardware.graphics.allocator-V2-service-mediatek: Producer and consumer not identified.
01-23 19:49:23.667   997   997 E android.hardware.graphics.allocator-V2-service-mediatek: Producer and consumer not identified.
01-23 19:49:23.667   991  8333 I EffectsFactory: Effect_Command(): self = 0xb40000702f9932a0, cmdCode = 1
01-23 19:49:23.667  1110 23449 V EffectChain: addEffect_l effect 0xb4000073a2a3b5f0, added in chain 0xb400007352a48710 at rank 0
