01-23 19:49:22.323   991 18590 D AudioALSAStreamManager: +createPlaybackHandler(), mAudioMode = 0, output_devices = 0x2, isMixerOut = 0, isBypassAurisys = 0, flag = 8, isIEMsSource = 0, isIEMsOn = 0
01-23 19:49:22.323   991 18590 D AudioALSAStreamManager: needEnableVoip(), output_devices = 0x2, flags: 0x8, mAvailableOutputFlags: 0x5c00f, enable: 0
01-23 19:49:22.323   991 18590 D AudioSpeechEnhanceInfo: IsAPDMNRTuningEnable(), 0
01-23 19:49:22.323   991 18590 D AudioDspStreamManager: getDspOutHandlerEnable flag = 8 ret = 5 device = 0x2 device_support = 0x2 retval = 1
01-23 19:49:22.323   991 18590 D AudioALSAPlaybackHandlerDsp: AudioALSAPlaybackHandlerDsp() mPlaybackHandlerType = 10
01-23 19:49:22.323 18102 20848 I CCodec  : setting up 'default' as default (vendor) store
01-23 19:49:22.323  1044  1093 I libPowerHal: [perfLockAcq] idx:12 hdl:856707 hint:38 pid:1044 tid:1044 duration:268435455 lock_user:vendor.mediatek => ret_hdl:856707
01-23 19:49:22.324  1044  1093 I libPowerHal: [setClusterFreq] MTKPOWER_HINT_AUDIO_POWER_DL set cpufreq[0] min:650000 max:-1 cpufreq[1] min:-1 max:-1 cpufreq[2] min:-1 max:-1 
01-23 19:49:22.324  1044  1093 I libPowerHal: [setClusterFreq]  set cpu_ctrl cpufreq: 650000 -1 -1 -1 -1 -1 
01-23 19:49:22.324  1004  1004 D C2MtkComponentStore: trytofind: name=c2.mtk.avc.decoder
01-23 19:49:22.324  1004  1004 D C2MtkComponentStore: find: name=c2.mtk.avc.decoder, key=c2.mtk.avc.decoder
01-23 19:49:22.324  1004  1004 D C2MtkComponentStore: onNumberOfVideoInstancesChanged: Decoder 3, Encoder 0
01-23 19:49:22.324  1004  1004 V C2MtkVdec: Number of instances increased to 2(c2.mtk.avc.decoder)
01-23 19:49:22.324   991 18590 D AudioALSADeviceParser: compare pcm success = 91, stringpair = DSP_Playback_DeepBuf
01-23 19:49:22.324   991 18590 D AudioUtility: chooseTargetSampleRate() hiFiState 1 isDeviceSupportHiFi 0 sampleRate 48000 targetSampleRate 48000, isUltra96k 0
01-23 19:49:22.324   991 18590 D AudioALSAPlaybackHandlerDsp: open(), dsp smartpa process not fixed output 48k rate, device:0x2, mStreamAttributeSource->sample_rate:48000
01-23 19:49:22.324   991 18590 D AudioALSAPlaybackHandlerBase: transferAudioFormatToPcmFormat(), audio_format(0x4) => pcm_format(0x3)
01-23 19:49:22.325  1004  1004 D C2MtkVdec: [0xB4000071234132D0] IntfImpl: name=c2.mtk.avc.decoder, kind=1, domain=1, mediaType=video/avc, driverIntf=v4l2
01-23 19:49:22.325   991 18590 D AudioALSAPlaybackHandlerDsp: open(), flag 0x8, mDevice = 0x2, mConfig: channels = 2, rate = 48000, period_size = 2048, period_count = 4, format = 3 avail_min = 0
01-23 19:49:22.325   991 18590 D audio_messenger_ipi: audio_ipi_dma_cbk_register(), task 8, sz 32768/65536, cbk 0x6eb1893ad0, arg 0xb400006eef91a450
01-23 19:49:22.327 18102 20701 D AudioTrack: isLongTimeZeroData  interval time is too long ,  Ignore this duration
01-23 19:49:22.327  1004  1004 D C2MtkVdec: [0xB4000071234132D0] Max supported level: 20496
01-23 19:49:22.327  1004  1004 D C2MtkVdec: [0xB4000071234132D0] Supported resolution: max(width 4096, height 2176), min(width 16, height 16)
01-23 19:49:22.327  1004  1004 D C2MtkVdec: [0xB4000071234132D0] Alignment required for output buffer: width 64, height 64
01-23 19:49:22.327  1004  1004 D C2MtkVdec: (video/avc): MaxInputSizeSetter: 2097152 -> 2097152 bytes, width 320, height 240
01-23 19:49:22.327  1004  1004 V C2MtkVdec: Pixel format 0x0 not supported
01-23 19:49:22.327  1004  1004 D C2MtkVdec: CropSetter: old 319,239 : new 319,239
01-23 19:49:22.328  1004  1004 V C2MtkVdec: OutputBufferAllocConfigSetter: old 1 : new 1
01-23 19:49:22.328  1131  1131 I BufferQueueProducer: [com.instagram.android/com.instagram.mainactivity.InstagramMainActivity#216489](this:0xb4000070da6b2f30,id:-1,api:0,p:-1,c:1131) queueBuffer: fps=62.52 dur=1007.62 max=24.82 min=7.66
01-23 19:49:22.328  1004  1004 D C2MtkVdecExt: [0xB400006F4341FB78] ExtIntfImpl: name=c2.mtk.avc.decoder, kind=1, domain=1, mediaType=video/avc
01-23 19:49:22.328  1004  1004 E C2MtkVdec: [0xB4000070E342C228] Lock on weak_ptr (mIntf) returns null.
01-23 19:49:22.328  1004  1004 V C2MtkVdecExt: VdecVppIndependentDisabledSetter, (0 1 1)
01-23 19:49:22.328  1004  1004 D C2MtkComponentStore: onRuntimeInfoUpdated[0xB4000071234132D0]: new instance added.
01-23 19:49:22.328  1004  1004 D C2MtkComponentStore: onRuntimeInfoUpdated[0xB4000071234132D0]: invalid, cUid 0, cPid 0, psDisabled 0, isCpuDemanding 0, cluster , minFreq 
01-23 19:49:22.328  1004  1004 D C2MtkComponentStore: onRuntimeInfoUpdated[0xB4000071234132D0]: normal mode. isHeavyLoading 0, numOfValInst 0, psDisable 0
01-23 19:49:22.328  1004  1004 D C2MtkComponent: [0xB40000708341BAF0] setWorkflow: PROCESSED->COMPLETED
01-23 19:49:22.328  1004  1004 D C2MtkComponent: [0xB40000708341BAF0] setWorkflow: UNPROCESSED->PROCESSED
01-23 19:49:22.328  1004  1004 D C2MtkComponent: [0xB40000708341BAB0] c2.mtk.avc.decoder.preproc thread stared.
01-23 19:49:22.328  1004  1004 D C2MtkComponent: [0xB40000708341BAB0] c2.mtk.avc.decoder.preprocasyncs1 thread stared.
01-23 19:49:22.329  1004  1004 D C2MtkComponent: [0xB40000708341BAB0] c2.mtk.avc.decoder.preprocasyncs2 thread stared.
01-23 19:49:22.329  1004  1004 D C2MtkComponent: [0xB40000708341BAB0] c2.mtk.avc.decoder.postproc thread stared.
01-23 19:49:22.329  1004  1004 D C2MtkComponent: [0xB40000708341BAB0] c2.mtk.avc.decoder.postprocasyncs1 thread stared.
01-23 19:49:22.329  1004  1004 D C2MtkComponent: [0xB40000708341BAB0] c2.mtk.avc.decoder.postprocasyncs2 thread stared.
01-23 19:49:22.329  1004  1004 D C2MtkVdec: [0xB40000708341BAB0] C2MtkVdec: name=c2.mtk.avc.decoder, kind=1, domain=1, mediaType=video/avc
01-23 19:49:22.329  1004  1004 D C2MtkVdec: [0xB40000708341BAB0] Client: mCallingUid 10302, mCallingPid 18102
01-23 19:49:22.329  1004  1004 D C2MtkVdecExt: [0xB40000712341D690] mEnableAiSdr2Hdr 0, mEnableAiScencePq 0, mEnableAiRegionPq 1
01-23 19:49:22.329  1004  1004 D C2MtkVdecExt: [0xB40000712341D690] ExtImpl: name=c2.mtk.avc.decoder, kind=1, domain=1, mediaType=video/avc
01-23 19:49:22.329   991 18590 D aurisys_utility: input dev: 0x0 0x0, fmt = 0x4, fs: 48000, max fs: 48000, ch: 2, max ch: 3, ch maks: 0xc, hw_info_mask: 0x0; output dev: 0x2 0x0, fmt = 0x4, fs: 48000, max fs: 48000, ch: 2, max ch: 4, ch maks: 0xc, hw_info_mask: 0xc; task_scene: 8, audio_mode: 0, stream_type: 3, output_flags: 0x8, input_source: 0, input_flags: 0x8; network_info: 0, enhancement_feature_mask: 0x0
01-23 19:49:22.329  1004  1004 D C2MtkConvert: isMDPSupport10bits isSupport: 1
01-23 19:49:22.329  1004  1004 D C2MtkVdec: [0xB40000708341BAB0] Supported params 64
01-23 19:49:22.329   991 18590 V AudioDspStreamManager: CreateAurisysLibManager() iv is on. 
01-23 19:49:22.329  1004  1004 D RPU     : [0xB4000070D34A08E8] extent() != 1 for single value type: algo.buffers.max-count.values
01-23 19:49:22.329  1004  1004 D RPU     : [0xB4000070D34A08E8] extent() != 1 for single value type: output.subscribed-indices.values
01-23 19:49:22.329  1004  1004 D RPU     : [0xB4000070D34A08E8] extent() != 1 for single value type: input.buffers.allocator-ids.values
01-23 19:49:22.329  1004  1004 D RPU     : [0xB4000070D34A08E8] extent() != 1 for single value type: output.buffers.allocator-ids.values
01-23 19:49:22.329   991 18590 D AudioUtility: setupCustomInfoStr(), custom_info = "SetAudioCustomScene=;", (scene = , vol_level = -1, bt_codec = -1)
01-23 19:49:22.329  1004  1004 D RPU     : [0xB4000070D34A08E8] extent() != 1 for single value type: algo.buffers.allocator-ids.values
01-23 19:49:22.329  1004  1004 D RPU     : [0xB4000070D34A08E8] extent() != 1 for single value type: output.buffers.pool-ids.values
01-23 19:49:22.329  1004  1004 D RPU     : [0xB4000070D34A08E8] extent() != 1 for single value type: algo.buffers.pool-ids.values
01-23 19:49:22.329   991 18590 D AudioDspStreamManager: CreateAurisysLibManager(), custom_info = SetAudioCustomScene=;, voip = 0
01-23 19:49:22.329  1004  1004 D RPU     : [0xB4000070D34A08E8] ignored struct field coded.color-format.locations
01-23 19:49:22.330   991 18590 D aurisys_utility: lib, working fs: 48000, fmt: 0x3, frame = 0, b_interleave = 1, num_ul_ref_buf_array = 0, num_dl_ref_buf_array = 0
01-23 19:49:22.330   991 18590 D aurisys_utility: dl in[type:2], ch: 2, ch_mask: 0x3, buf fs: 48000, buf content fs: 48000, fmt: 0x3; dl out[type:3], ch: 2, ch_mask: 0x3, buf fs: 48000, buf content fs: 48000, fmt: 0x3
01-23 19:49:22.330   991 18590 D aurisys_lib_handler: aurisys_arsi_parsing_param_file(), gProductInfo "platform=MT6897,device=duchamp,model=2311DRK48I", file_path "/vendor/etc/audio_param", enhancement_mode 0, param_buf_size 128, data_size 128, custom_info SetAudioCustomScene=;
01-23 19:49:22.330   991 18590 D audio_messenger_ipi: hal send, task: 8, msg_id: 0x15, ack_type: 1, p1: 0x3c4, p2: 0x0, dma sz: 0, idx: 0, hal sz: 964
01-23 19:49:22.331 18102 20848 I CCodec  : Created component [c2.mtk.avc.decoder]
01-23 19:49:22.331 18102 20848 D CCodecBufferChannel: [0xb40000700b1742b0] setComponent: mName c2.mtk.avc.decoder#108, mPipelineWatcher 0xb40000700b1747a0
01-23 19:49:22.331 18102 20848 D CCodecBufferChannel: PipelineWatcher debug info [c2.mtk.avc.decoder#108] enable=0
01-23 19:49:22.332 18102 20848 D CCodecConfig: read media type: video/avc
01-23 19:49:22.335   991 18590 D AudioALSAPlaybackHandlerBase: openPcmDriverWithFlag(), pcm device = 91 flag = 0x8 mPcm = 0xb400006eff9244d0
01-23 19:49:22.335   991 18590 D AudioDspStreamManager: dataPassToCodec output_devices = 0x2 mAudioOutputFlags = 8 devicecount = 1 ret = 1
01-23 19:49:22.335   991 18590 D AudioDspStreamManager: dataPasstoDspAfe output_devices = 0x2 Flags = 8 isUseAdspPlaybackTask = 1 ret = 1
01-23 19:49:22.335   991 18590 D AudioDspStreamManager: getDspStreamStatus ret = 1 mDspStreamState = 0 dspstartflag = 1 dsp_recovery_mode 0
01-23 19:49:22.335   991 18590 D AudioDspStreamManager: setDspRuntimeEn(), task_scene = 9, condition = 1
01-23 19:49:22.335   991 18590 D AudioDspStreamManager: setDspRefRuntimeEn(), task_scene = 9, condition = 1
01-23 19:49:22.335   991 18590 D audio_messenger_ipi: audio_ipi_dma_cbk_register(), task 9, sz 32768/65536, cbk 0x6eb1893ad0, arg 0xb400006eef91a450
01-23 19:49:22.336   991 18590 D AudioALSADeviceParser: compare pcm success = 94, stringpair = DSP_Playback_Playback
01-23 19:49:22.336   991 18590 D AudioALSADeviceParser: compare pcm success = 18, stringpair = Capture_6
01-23 19:49:22.336   991 18590 D AudioALSADeviceParser: compare pcm success = 16, stringpair = Capture_4
01-23 19:49:22.336   991 18590 D AudioALSADeviceParser: compare pcm success = 12, stringpair = Playback_11
01-23 19:49:22.336   991 18590 D aurisys_utility: input dev: 0x0 0x0, fmt = 0x4, fs: 48000, max fs: 48000, ch: 2, max ch: 3, ch maks: 0xc, hw_info_mask: 0x0; output dev: 0x2 0x0, fmt = 0x4, fs: 48000, max fs: 48000, ch: 2, max ch: 4, ch maks: 0x3, hw_info_mask: 0xc; task_scene: 9, audio_mode: 0, stream_type: 3, output_flags: 0x800, input_source: 0, input_flags: 0x800; network_info: 0, enhancement_feature_mask: 0x0
01-23 19:49:22.336   991 18590 V AudioDspStreamManager: CreateAurisysLibManager() iv is on. 
01-23 19:49:22.336   991 18590 D AudioUtility: setupCustomInfoStr(), custom_info = "SetAudioCustomScene=;", (scene = , vol_level = -1, bt_codec = -1)
01-23 19:49:22.336   991 18590 D AudioDspStreamManager: CreateAurisysLibManager(), custom_info = SetAudioCustomScene=;, voip = 0
01-23 19:49:22.336   991 18590 D aurisys_utility: lib, working fs: 48000, fmt: 0x4, frame = 0, b_interleave = 1, num_ul_ref_buf_array = 0, num_dl_ref_buf_array = 1
01-23 19:49:22.336   991 18590 D aurisys_utility: dl in[type:2], ch: 2, ch_mask: 0x3, buf fs: 48000, buf content fs: 48000, fmt: 0x4; dl out[type:3], ch: 2, ch_mask: 0x3, buf fs: 48000, buf content fs: 48000, fmt: 0x4
01-23 19:49:22.336   991 18590 D aurisys_utility: dl ref[type:5], ch: 2, ch_mask: 0x3, buf fs: 48000, buf content fs: 48000, fmt: 0x3
01-23 19:49:22.336   991 18590 I [Awinic]: aw_skt_arsi_query_param_buf_size_by_custom_info:reserve2 [0] cust_scene[0] ---> aw_scene[0]
01-23 19:49:22.336   991 18590 I [Awinic]: find [music] scene_block with id 0
01-23 19:49:22.336   991 18590 I [Awinic]: aw_skt_arsi_query_param_buf_size_by_custom_info:aw_scene[music] params len is 16416
01-23 19:49:22.336   991 18590 D aurisys_lib_handler: [LIB] Awinic aw_skt_arsi_query_param_buf_size_by_custom_info done!
01-23 19:49:22.336   991 18590 I [Awinic]: aw_skt_arsi_parsing_param_file_by_custom_info:reserve2 [0] cust_scene[0] ---> aw_scene[0]
01-23 19:49:22.336   991 18590 I [Awinic]: find [music] scene_block with id 0
01-23 19:49:22.336   991 18590 I [Awinic]: aw_skt_arsi_parsing_param_file_by_custom_info:load aw_scene[music] params done
01-23 19:49:22.336   991 18590 D aurisys_lib_handler: aurisys_arsi_parsing_param_file(), gProductInfo "platform=MT6897,device=duchamp,model=2311DRK48I", file_path "/vendor/etc/smartpa_param", enhancement_mode 0, param_buf_size 16416, data_size 16416, custom_info SetAudioCustomScene=;
01-23 19:49:22.336   991 18590 D audio_messenger_ipi: hal send, task: 9, msg_id: 0x15, ack_type: 1, p1: 0x4364, p2: 0x0, dma sz: 0, idx: 0, hal sz: 17252
01-23 19:49:22.339 18102 20848 D ReflectedParamUpdater: extent() != 1 for single value type: algo.buffers.max-count.values
01-23 19:49:22.340 18102 20848 D ReflectedParamUpdater: extent() != 1 for single value type: output.subscribed-indices.values
01-23 19:49:22.340 18102 20848 D ReflectedParamUpdater: extent() != 1 for single value type: input.buffers.allocator-ids.values
01-23 19:49:22.341 18102 20848 D ReflectedParamUpdater: extent() != 1 for single value type: output.buffers.allocator-ids.values
01-23 19:49:22.341 18102 20848 D ReflectedParamUpdater: extent() != 1 for single value type: algo.buffers.allocator-ids.values
01-23 19:49:22.341 18102 20848 D ReflectedParamUpdater: extent() != 1 for single value type: output.buffers.pool-ids.values
01-23 19:49:22.342 18102 20848 D ReflectedParamUpdater: extent() != 1 for single value type: algo.buffers.pool-ids.values
01-23 19:49:22.344 18102 20848 D ReflectedParamUpdater: ignored struct field coded.color-format.locations
01-23 19:49:22.348   991 18590 D AudioALSADeviceConfigManager: ApplyDeviceTurnonSequenceByName() DeviceName = I2S0_TO_CAPTURE4 descriptor->DeviceStatusCounte = 0, Ctlsize=4
01-23 19:49:22.349   991 18590 D AudioALSADeviceConfigManager: ApplyDeviceTurnonSequenceByName() DeviceName = PLAYBACK11_TO_I2S3 descriptor->DeviceStatusCounte = 0, Ctlsize=4
01-23 19:49:22.349 18102 20848 D CCodecConfig: ignoring local param raw.size (0xd2001800) as it is already supported
01-23 19:49:22.349 18102 20848 D CCodecConfig: ignoring local param raw.crop (0xd2001801) as it is already supported
01-23 19:49:22.349 18102 20848 D CCodecConfig: ignoring local param default.color (0x5200180b) as it is already supported
01-23 19:49:22.349 18102 20848 D CCodecConfig: ignoring local param raw.hdr-static-info (0xd200180a) as it is already supported
01-23 19:49:22.350   991 18590 D AudioALSADeviceConfigManager: ApplyDeviceTurnonSequenceByName() DeviceName = SPK_OUT_DEVICE_CTRL_PRE_PMU descriptor->DeviceStatusCounte = 0, Ctlsize=8
01-23 19:49:22.350   991 18590 D AudioDspStreamManager: openPlaybackTask(), mPlaybackDlConfig: channels = 2, rate = 48000, period_size = 256, period_count = 4, format = 3, mPlaybackIVConfig: channels = 2, rate = 48000, period_size = 256, period_count = 4, format = 1, mPlaybackUlConfig: channels = 2, rate = 48000, period_size = 256, period_count = 4, format = 3, mDspConfig: channels = 2, rate = 48000, period_size = 256, period_count = 4, format = 3
01-23 19:49:22.351 18102 20848 I CCodecConfig: query failed after returning 18 values (BAD_INDEX)
01-23 19:49:22.351 18102 20848 D CCodecConfig: c2 config diff is Dict {
01-23 19:49:22.351 18102 20848 D CCodecConfig:   c2::u32 algo.low-latency.value = 0
01-23 19:49:22.351 18102 20848 D CCodecConfig:   c2::i32 algo.priority.value = 1
01-23 19:49:22.351 18102 20848 D CCodecConfig:   c2::float algo.rate.value = 0
01-23 19:49:22.351 18102 20848 D CCodecConfig:   c2::float coded.frame-rate.value = 0
01-23 19:49:22.351 18102 20848 D CCodecConfig:   c2::u32 coded.pl.level = 20496
01-23 19:49:22.351 18102 20848 D CCodecConfig:   c2::u32 coded.pl.profile = 20481
01-23 19:49:22.351 18102 20848 D CCodecConfig:   c2::u32 coded.vui.color.matrix = 0
01-23 19:49:22.351 18102 20848 D CCodecConfig:   c2::u32 coded.vui.color.primaries = 0
01-23 19:49:22.351 18102 20848 D CCodecConfig:   c2::u32 coded.vui.color.range = 2
01-23 19:49:22.351 18102 20848 D CCodecConfig:   c2::u32 coded.vui.color.transfer = 0
01-23 19:49:22.351 18102 20848 D CCodecConfig:   c2::u32 default.color.matrix = 0
01-23 19:49:22.351 18102 20848 D CCodecConfig:   c2::u32 default.color.primaries = 0
01-23 19:49:22.351 18102 20848 D CCodecConfig:   c2::u32 default.color.range = 0
01-23 19:49:22.351 18102 20848 D CCodecConfig:   c2::u32 default.color.transfer = 0
01-23 19:49:22.351 18102 20848 D CCodecConfig:   c2::u32 input.buffers.max-size.value = 2097152
01-23 19:49:22.351 18102 20848 D CCodecConfig:   c2::u32 input.delay.value = 0
01-23 19:49:22.351 18102 20848 D CCodecConfig:   string input.media-type.value = "video/avc"
01-23 19:49:22.351 18102 20848 D CCodecConfig:   c2::u32 output.delay.value = 12
01-23 19:49:22.351 18102 20848 D CCodecConfig:   string output.media-type.value = "video/raw"
01-23 19:49:22.351 18102 20848 D CCodecConfig:   c2::u32 raw.color.matrix = 0
01-23 19:49:22.351 18102 20848 D CCodecConfig:   c2::u32 raw.color.primaries = 0
01-23 19:49:22.351 18102 20848 D CCodecConfig:   c2::u32 raw.color.range = 2
01-23 19:49:22.351 18102 20848 D CCodecConfig:   c2::u32 raw.color.transfer = 0
01-23 19:49:22.351 18102 20848 D CCodecConfig:   c2::u32 raw.crop.height = 239
01-23 19:49:22.351 18102 20848 D CCodecConfig:   c2::u32 raw.crop.left = 0
01-23 19:49:22.351 18102 20848 D CCodecConfig:   c2::u32 raw.crop.top = 0
01-23 19:49:22.351 18102 20848 D CCodecConfig:   c2::u32 raw.crop.width = 319
01-23 19:49:22.351 18102 20848 D CCodecConfig:   c2::float raw.hdr-static-info.master
01-23 19:49:22.352 18102 20848 W ColorUtils: expected specified color aspects (2:0:0:0)
01-23 19:49:22.352  1044  1056 E libPowerHal: [getHintRscSize] hint_id 56 cannot be found in PowerScnTbl
01-23 19:49:22.352 18102 20847 D MediaCodec: [0xb40000707ad7d630] setState: 2
01-23 19:49:22.352 18102 20847 I MediaCodec: [mId: 16] [video-debug-dec] setState: INITIALIZED
01-23 19:49:22.354  1433 26770 D ResourceTracker: addResource(pid 18102, uid 10302 clientId -5476376668354021008, resources non-secure-codec/hw-video-codec:[]:1 )
01-23 19:49:22.355 18102 20843 D MediaCodec: [0xb40000707ad7d630] [c2.mtk.avc.decoder] configure
01-23 19:49:22.355 18102 20843 D AppSceneRecognizer: AppUsageScene: Unspecified
01-23 19:49:22.355 18102 20843 I MediaCodec: [mId: 16] [video-debug-dec] configure: ClientName: com.instagram.android ComponentName: c2.mtk.avc.decoder
01-23 19:49:22.355 18102 20843 I MediaCodec: [mId: 16] [video-debug-dec] configure: ClientFormat: AMessage(what = 0x00000000) = {
01-23 19:49:22.355 18102 20843 I MediaCodec:   int32_t max-height = 1280
01-23 19:49:22.355 18102 20843 I MediaCodec:   string mime = "video/avc"
01-23 19:49:22.355 18102 20843 I MediaCodec:   int32_t priority = 0
01-23 19:49:22.355 18102 20843 I MediaCodec:   int32_t color-standard = 1
01-23 19:49:22.355 18102 20843 I MediaCodec:   Buffer csd-1 = {
01-23 19:49:22.355 18102 20843 I MediaCodec:     00000000:  00 00 00 01 68 eb 68 c6  cb                       ....h.h..
01-23 19:49:22.355 18102 20843 I MediaCodec:   }
01-23 19:49:22.355 18102 20843 I MediaCodec:   int32_t color-transfer = 3
01-23 19:49:22.355 18102 20843 I MediaCodec:   int32_t max-width = 720
01-23 19:49:22.355 18102 20843 I MediaCodec:   int32_t width = 720
01-23 19:49:22.355 18102 20843 I MediaCodec:   int32_t color-range = 2
01-23 19:49:22.355 18102 20843 I MediaCodec:   float frame-rate = 25.000000
01-23 19:49:22.355 18102 20843 I MediaCodec:   int32_t rotation-degrees = 0
01-23 19:49:22.355 18102 20843 I MediaCodec:   int32_t max-input-size = 691200
01-23 19:49:22.355 18102 20843 I MediaCodec:   int32_t height = 1280
01-23 19:49:22.355 18102 20843 I MediaCodec:   Buffer csd-0 = {
01-23 19:49:22.355 18102 20843 I MediaCodec:     00000000:  00 00 00 01 67 64 00 1f  ac 53 90 0b 40 a1 b0 16  ....gd...S..@...
01-23 19:49:22.355 18102 20843 I MediaCodec:     00000010:  a0 20 20 28 00 00 03 00  08 00 00 03 01 94 78 c1  .  (..........x.
01-23 19:49:22.355 18102 20843 I MediaCodec:     00000020:  8c b0                                             ..
01-23 19:49:22.355 18102 20843 I MediaCodec:   }
01-23 19:49:22.355 18102 20843 I MediaCodec: }
01-23 19:49:22.355 18102 20843 I MediaCodec: MediaStub sendFrameRate
01-23 19:49:22.355 18102 20843 D MediaImpl: MediaImpl::sendFrameRate: 25
01-23 19:49:22.355 18102 20843 I MediaCodec: MediaStub sendWidth/sendHeight
01-23 19:49:22.355 18102 20843 I MediaCodec: MediaStub sendMine
01-23 19:49:22.355 18102 20843 D MediaImpl: MediaImpl::sendMine: video/avc
01-23 19:49:22.355 18102 20843 I MediaCodec: MediaStub sendDolbyVision
01-23 19:49:22.355 18102 20843 I MediaCodec: MediaStub sendPackageName
01-23 19:49:22.355 18102 20843 D MediaImpl: MediaImpl::sendPackageName: com.instagram.android
01-23 19:49:22.355 18102 20843 I MiMediaCodec: fps video to display enabled
01-23 19:49:22.355 18102 20843 I MiMediaCodec: The Fps from player is 25.000000  frameRateFloat 25.000000 frameRateInt -1
01-23 19:49:22.355 18102 20843 I MediaCodec: configure : init video box disabled
01-23 19:49:22.355 18102 20847 I MediaCodec: [mId: 16] [video-debug-dec] connectToSurface: surface 0xb40000709a79f910, mSurface 0x0
01-23 19:49:22.355 18102 20847 D MediaCodec: [0xb40000707ad7d630] [c2.mtk.avc.decoder] connectToSurface: surface 0xb40000709a79f910, mSurface 0x0
01-23 19:49:22.355 18102 20847 D SurfaceUtils: connecting to surface 0xb40000709a79f920, reason connectToSurface
01-23 19:49:22.356 18102 20847 I MediaCodec: [c2.mtk.avc.decoder] setting surface generation to 18536454
01-23 19:49:22.356 18102 20847 D SurfaceUtils: disconnecting from surface 0xb40000709a79f920, reason connectToSurface(reconnect)
01-23 19:49:22.356 18102 20847 D SurfaceUtils: connecting to surface 0xb40000709a79f910, reason connectToSurface(reconnect-with-listener)
01-23 19:49:22.356 18102 20847 D MediaCodec: [0xb40000707ad7d630] setState: 3
01-23 19:49:22.356 18102 20847 I MediaCodec: [mId: 16] [video-debug-dec] setState: CONFIGURING
01-23 19:49:22.356 18102 20847 D MediaCodec: [c2.mtk.avc.decoder] config set c2 sleep timeout 1500 kC2SleepTimeoutMs=1500
01-23 19:49:22.356 18102 20848 D CCodec  : [c2.mtk.avc.decoder] buffers are bound to CCodec for this session
01-23 19:49:22.356 18102 20848 D CCodecConfig: no c2 equivalents for color-standard
01-23 19:49:22.356 18102 20848 D CCodecConfig: no c2 equivalents for csd-1
01-23 19:49:22.357 18102 20848 D CCodecConfig: no c2 equivalents for native-window
01-23 19:49:22.357 18102 20848 D CCodecConfig: no c2 equivalents for native-window-generation
01-23 19:49:22.357 18102 20848 D CCodecConfig: no c2 equivalents for flags
01-23 19:49:22.358  1004  1087 D C2MtkVdec: (video/avc): MaxInputSizeSetter: 2097152 -> 2097152 bytes, width 720, height 1280
01-23 19:49:22.358  1004  1087 V C2MtkVdec: RealTimePrioritySetter: priority 0
01-23 19:49:22.358  1004  1087 D C2MtkVdec: (video/avc): MaxInputSizeSetter: 2094080 -> 2094080 bytes, width 720, height 1280
01-23 19:49:22.358 18102 20848 D CCodecConfig: c2 config diff is   c2::i32 algo.priority.value = 0
01-23 19:49:22.358 18102 20848 D CCodecConfig:   c2::float coded.frame-rate.value = 25
01-23 19:49:22.358 18102 20848 D CCodecConfig:   c2::u32 default.color.matrix = 1
01-23 19:49:22.358 18102 20848 D CCodecConfig:   c2::u32 default.color.primaries = 1
01-23 19:49:22.358 18102 20848 D CCodecConfig:   c2::u32 default.color.range = 2
01-23 19:49:22.358 18102 20848 D CCodecConfig:   c2::u32 default.color.transfer = 3
01-23 19:49:22.358 18102 20848 D CCodecConfig:   c2::u32 input.buffers.max-size.value = 2094080
01-23 19:49:22.358 18102 20848 D CCodecConfig:   c2::u32 raw.max-size.height = 1280
01-23 19:49:22.358 18102 20848 D CCodecConfig:   c2::u32 raw.max-size.width = 720
01-23 19:49:22.358 18102 20848 D CCodecConfig:   c2::u32 raw.pixel-format.value = 34
01-23 19:49:22.358 18102 20848 D CCodecConfig:   c2::u32 raw.size.height = 1280
01-23 19:49:22.358 18102 20848 D CCodecConfig:   c2::u32 raw.size.width = 720
01-23 19:49:22.358 18102 20848 D CCodecConfig:   c2::u32 vendor.mtk.vdec.buffer.fetch.timeout.ms.value = 1500
01-23 19:49:22.359 18102 20848 W Codec2Client: query -- param skipped: index = 1107298332.
01-23 19:49:22.359 18102 20848 D CCodec  : client requested max input size 691200, which is smaller than what component recommended (2094080); overriding with component recommendation.
01-23 19:49:22.359 18102 20848 W CCodec  : This behavior is subject to change. It is recommended that app developers double check whether the requested max input size is in reasonable range.
01-23 19:49:22.359 18102 20848 D CCodec  : encoding statistics level = 0
01-23 19:49:22.359 18102 20848 D CCodec  : setup formats input: AMessage(what = 0x00000000) = {
01-23 19:49:22.359 18102 20848 D CCodec  :   string mime = "video/avc"
01-23 19:49:22.359 18102 20848 D CCodec  :   int32_t width = 720
01-23 19:49:22.359 18102 20848 D CCodec  :   int32_t profile = 65536
01-23 19:49:22.359 18102 20848 D CCodec  :   int32_t priority = 0
01-23 19:49:22.359 18102 20848 D CCodec  :   int32_t frame-rate = 25
01-23 19:49:22.359 18102 20848 D CCodec  :   int32_t height = 1280
01-23 19:49:22.359 18102 20848 D CCodec  :   int32_t level = 65536
01-23 19:49:22.359 18102 20848 D CCodec  :   int32_t max-input-size = 2094080
01-23 19:49:22.359 18102 20848 D CCodec  :   Rect crop(0, 0, 318, 238)
01-23 19:49:22.359 18102 20848 D CCodec  : }
01-23 19:49:22.359 18102 20848 D CCodec  : setup formats output: AMessage(what = 0x00000000) = {
01-23 19:49:22.359 18102 20848 D CCodec  :   int32_t android._color-format = 2130708361
01-23 19:49:22.359 18102 20848 D CCodec  :   int32_t android._video-scaling = 1
01-23 19:49:22.359 18102 20848 D CCodec  :   int32_t sar-width = 1
01-23 19:49:22.359 18102 20848 D CCodec  :   int32_t color-standard = 4
01-23 19:49:22.359 18102 20848 D CCodec  :   int32_t color-range = 2
01-23 19:49:22.359 18102 20848 D CCodec  :   int32_t color-transfer = 3
01-23 19:49:22.359 18102 20848 D CCodec  :   int32_t android._dataspace = 259
01-23 19:49:22.359 18102 20848 D CCodec  :   int32_t width = 720
01-23 19:49:22.359 18102 20848 D CCodec  :   int32_t rotation-degrees = 0
01-23 19:49:22.359 18102 20848 D CCodec  :   int32_t sar-height = 1
01-23 19:49:22.359 18102 20848 D CCodec  :   int32_t max-width = 720
01-23 19:49:22.359 18102 20848 D CCodec  :   int32_t max-height = 1280
01-23 19:49:22.359 18102 20848 D CCodec  :   int32_t priority = 0
01-23 19:49:22.359 18102 20848 D CCodec  :   string mime = "video/raw"
01-23 19:49:22.359 18102 20848 D CCodec  :   Rect crop(0, 0, 318, 238)
01-23 19:49:22.359 18102 20848 D CCodec  :   Buffer hdr-static-info = {
01-23 19:49:22.359 18102 20848 D CCodec  :     00000000:  00 00 00 00 00 00 00 00  00 00 00 00 00 00 00 00  ................
01-23 19:49:22.359 18102 20848 D CCodec  :     00000010:  00 00 00 00 00 00 00 00  00                       .........
01-23 19:49:22.359 18102 20848 D CCodec  :   }
01-23 19:49:22.359 18102 20848 D CCodec  :   int32_t frame-rate = 25
01-23 19:49:22.359 18102 20848 D CCodec  :   int32_t height = 1280
01-23 19:49:22.359 18102 20848 D CCodec  :   int32_t color-format = 2130708361
01-23 19:49:22.359 18102 20848 D CCodec  : }
01-23 19:49:22.359 18102 20848 I CCodecConfig: query failed after returning 19 values (BAD_INDEX)
01-23 19:49:22.359 18102 20848 D CCodecConfig: c2 config diff is   c2::u32 raw.color.matrix = 1
01-23 19:49:22.359 18102 20848 D CCodecConfig:   c2::u32 raw.color.primaries = 1
01-23 19:49:22.359 18102 20848 D CCodecConfig:   c2::u32 raw.color.transfer = 3
01-23 19:49:22.360 18102 20847 D MediaCodec: [0xb40000707ad7d630] setState: 4
01-23 19:49:22.360 18102 20847 I MediaCodec: [mId: 16] [video-debug-dec] setState: CONFIGURED
01-23 19:49:22.360 18102 20847 D MediaCodec: [0xb40000707ad7d630] setState: 5
01-23 19:49:22.360 18102 20847 I MediaCodec: [mId: 16] [video-debug-dec] setState: STARTING
01-23 19:49:22.360  1004  1087 D C2MtkComponent: [0xB40000708341BAB0] start
01-23 19:49:22.360  1004 20852 I mtkpower_client: perf_lock_acq, hdl:0, dur:0, num:2, pid:1004, tid:20852
01-23 19:49:22.360   991 18590 D AudioDspStreamManager: openPlaybackTask(), getDspVersion[1] not open aud_playbnack UL!!
01-23 19:49:22.361  1004 20852 I mtkpower_client: IMtkPowerService_isDeclared 1
01-23 19:49:22.362  1004 20852 I mtkpower_client: ret_hdl:856708
01-23 19:49:22.362  1004 20852 D C2MtkVdec: [0xB40000708341C0E0] setClientPid: perfLockAcq mFpsLockHandle 856708 pid 18102
01-23 19:49:22.362  1004 20852 D C2MtkComponent: [0xB40000708341BAF0] setWorkflow: PROCESSED->COMPLETED
01-23 19:49:22.362  1004 20852 D C2MtkComponent: [0xB40000708341BAF0] setWorkflow: UNPROCESSED->PROCESSED
01-23 19:49:22.362  1004 20852 D C2MtkVdec: [0xB40000708341BAB0] RealTime: priority 0, operating rate 0.000000
01-23 19:49:22.362  1004 20852 D C2MtkVdec: [0xB40000708341BAB0] Picture size: width 720, height 1280
01-23 19:49:22.362  1004 20852 D C2MtkVdec: [0xB40000708341BAB0] Aligned size: width 768, height 1280
01-23 19:49:22.362  1044  1093 I libPowerHal: [perfLockAcq] idx:13 hdl:856708 hint:-1 pid:1004 tid:20852 duration:0 lock_user:c2@1.2-mediatek => ret_hdl:856708
01-23 19:49:22.362  1044  1093 I libPowerHal: [fpsgo_set_video_pid_thread] 18102, 0xb400007317235ac8
01-23 19:49:22.362  1004 20852 D C2MtkVdec: [0xB40000708341BAB0] VCodec started.
01-23 19:49:22.362  1044  1093 E libPowerHal: Could not open '/sys/kernel/fpsgo/fstb/set_video_pid'
01-23 19:49:22.362  1044  1093 E libPowerHal: error : 2, No such file or directory
01-23 19:49:22.362  1044  1093 I libPowerHal: [PE] c2@1.2-mediatek update ONESHOT(set) cmd:2084000 param:18102
01-23 19:49:22.363   991 18590 D AudioDspStreamManager: addPlaybackHandler() mDspStreamState = 1
01-23 19:49:22.363 18102 20848 W Codec2Client: query -- param skipped: index = 1342179345.
01-23 19:49:22.363 18102 20848 W Codec2Client: query -- param skipped: index = 2415921170.
01-23 19:49:22.363 18102 20848 W Codec2Client: query -- param skipped: index = 1610614798.
01-23 19:49:22.363  1000  1024 I hwcomposer: [HWCDisplay] [Display_0 (type:1, mode:2)] fps:65.597778,dur:1006.13,max:19.55,min:7.04  
01-23 19:49:22.363   991 18590 D AudioDspStreamManager: dataPasstoA2DPTask return false outputdevice = 0x2 playbckType = 10
01-23 19:49:22.363   991 18590 D AudioDspStreamManager: needOpenA2dpTask ret = 4 mDspA2DPStreamState = 0 a2dpstartflag = 0
01-23 19:49:22.363   991 18590 D AudioDspStreamManager: dataPasstoBleDlTask return false outputdevice = 0x2 playbckType = 10
01-23 19:49:22.363   991 18590 D AudioDspStreamManager: needOpenBleDlTask ret = 4 mDspBleDlStreamState = 0 startflag = 0
01-23 19:49:22.363   991 18590 D WCNChipController: IsBTI2SSupport(), BTChipHWInterface() = 3, ret = 0
01-23 19:49:22.363   991 18590 D AudioDspStreamManager: getDspBtscoEnable(), BTSCO offload = 0
01-23 19:49:22.363   991 18590 D AudioDspStreamManager: dataPasstoBtscoDlTask return 0, isDspBtscoEnable = 0, outputdevice = 0x2, playbckType = 10
01-23 19:49:22.363   991 18590 D AudioDspStreamManager: needOpenBtscoDlTask ret = 4 mDspBtscoDlStreamState = 0 startflag = 0
01-23 19:49:22.363   991 18590 D AudioDspStreamManager: dataPasstoUsbDlTask return 0, isDspUsbEnable = 0, outputdevice = 0x2, playbckType = 10
01-23 19:49:22.363   991 18590 D AudioDspStreamManager: needOpenUsbDlTask ret = 4 mDspUsbDlStreamState = 0 startflag = 0
01-23 19:49:22.363   991 18590 D AudioDspStreamManager: SetCinemaAudioModeOn(), SetCinema Audio Mode off
01-23 19:49:22.363   991 18590 D aurisys_utility: input dev: 0x0 0x0, fmt = 0x4, fs: 48000, max fs: 48000, ch: 2, max ch: 3, ch maks: 0xc, hw_info_mask: 0x0; output dev: 0x2 0x0, fmt = 0x4, fs: 48000, max fs: 48000, ch: 2, max ch: 4, ch maks: 0x3, hw_info_mask: 0xc; task_scene: 9, audio_mode: 0, stream_type: 3, output_flags: 0x800, input_source: 0, input_flags: 0x800; network_info: 0, enhancement_feature_mask: 0x0
01-23 19:49:22.363   991 18590 I [Awinic]: aw_skt_arsi_query_param_buf_size_by_custom_info:reserve2 [0] cust_scene[0] ---> aw_scene[0]
01-23 19:49:22.363   991 18590 I [Awinic]: find [music] scene_block with id 0
01-23 19:49:22.363   991 18590 I [Awinic]: aw_skt_arsi_query_param_buf_size_by_custom_info:aw_scene[music] params len is 16416
01-23 19:49:22.363   991 18590 D aurisys_lib_handler: [LIB] Awinic aw_skt_arsi_query_param_buf_size_by_custom_info done!
01-23 19:49:22.363   991 18590 I [Awinic]: aw_skt_arsi_parsing_param_file_by_custom_info:reserve2 [0] cust_scene[0] ---> aw_scene[0]
01-23 19:49:22.363   991 18590 I [Awinic]: find [music] scene_block with id 0
01-23 19:49:22.363   991 18590 I [Awinic]: aw_skt_arsi_parsing_param_file_by_custom_info:load aw_scene[music] params done
01-23 19:49:22.363   991 18590 D aurisys_lib_handler: aurisys_arsi_parsing_param_file(), gProductInfo "platform=MT6897,device=duchamp,model=2311DRK48I", file_path "/vendor/etc/smartpa_param", enhancement_mode 0, param_buf_size 16416, data_size 16416, custom_info SetAudioCustomScene=;
01-23 19:49:22.363   991 18590 D audio_messenger_ipi: hal send, task: 9, msg_id: 0x18, ack_type: 1, p1: 0x4044, p2: 0x0, dma sz: 0, idx: 0, hal sz: 16452
01-23 19:49:22.364  1468  9322 D BufferPoolAccessor2.0: Destruction - bufferpool2 0xb400006f11db5d48 cached: 0/0M, 0/0% in use; allocs: 22, 82% recycled; transfers: 22, 73% unfetched
01-23 19:49:22.364  1468  2157 D BufferPoolAccessor2.0: Destruction - bufferpool2 0xb400006f11db4ac8 cached: 0/0M, 0/0% in use; allocs: 22, 82% recycled; transfers: 22, 82% unfetched
01-23 19:49:22.364  1468  3166 D BufferPoolAccessor2.0: bufferpool2 0xb400006f11db9968 : 0(0 size) total buffers - 0(0 size) used buffers - 23/31 (recycle/alloc) - 8/31 (fetch/transfer)
01-23 19:49:22.364 18102 20848 D CCodecBufferChannel: [c2.mtk.avc.decoder#108] Created input block pool with allocatorID 16 => poolID 31 - OK (0)
01-23 19:49:22.364 18102 20848 I CCodecBufferChannel: [mId: 16] [video-debug-dec] start: inputFormat: AMessage(what = 0x00000000) = {
01-23 19:49:22.364 18102 20848 I CCodecBufferChannel:   string mime = "video/avc"
01-23 19:49:22.364 18102 20848 I CCodecBufferChannel:   int32_t width = 720
01-23 19:49:22.364 18102 20848 I CCodecBufferChannel:   int32_t profile = 65536
01-23 19:49:22.364 18102 20848 I CCodecBufferChannel:   int32_t priority = 0
01-23 19:49:22.364 18102 20848 I CCodecBufferChannel:   int32_t frame-rate = 25
01-23 19:49:22.364 18102 20848 I CCodecBufferChannel:   int32_t height = 1280
01-23 19:49:22.364 18102 20848 I CCodecBufferChannel:   int32_t level = 65536
01-23 19:49:22.364 18102 20848 I CCodecBufferChannel:   int32_t max-input-size = 2094080
01-23 19:49:22.364 18102 20848 I CCodecBufferChannel:   Rect crop(0, 0, 318, 238)
01-23 19:49:22.364 18102 20848 I CCodecBufferChannel: }
01-23 19:49:22.364  1468  3166 D BufferPoolAccessor2.0: Destruction - bufferpool2 0xb400006f11db9968 cached: 0/0M, 0/0% in use; allocs: 31, 74% recycled; transfers: 31, 74% unfetched
01-23 19:49:22.365 18102 20848 D CCodecBufferChannel: [c2.mtk.avc.decoder#108] Query output surface allocator returned 0 params => BAD_INDEX (6)
01-23 19:49:22.365   991 18590 D AudioDspStreamManager: checkMusicTaskStatus ret = DSP_STREAM_START
01-23 19:49:22.365   991 18590 D AudioDspStreamManager: setDspRuntimeEn(), task_scene = 13, condition = 1
01-23 19:49:22.365   991 18590 D audio_messenger_ipi: audio_ipi_dma_cbk_register(), task 13, sz 65536/65536, cbk 0x6eb1893ad0, arg 0xb400006eef91a450
01-23 19:49:22.365 18102 20848 I CCodecBufferChannel: [c2.mtk.avc.decoder#108] Created output block pool with allocatorID 18 => poolID 11443 - OK
01-23 19:49:22.365 18102 20848 D CCodecBufferChannel: [c2.mtk.avc.decoder#108] Configured output block pool ids 11443 => OK
01-23 19:49:22.365 18102 20848 D CCodecBufferChannel: [0xb40000700b1742b0] [c2.mtk.avc.decoder#108] start: output->outputDelay 12, output->numSlots 16
01-23 19:49:22.365 18102 20848 I CCodecBufferChannel: [mId: 16] [video-debug-dec] start: outputFormat: AMessage(what = 0x00000000) = {
01-23 19:49:22.365 18102 20848 I CCodecBufferChannel:   int32_t android._color-format = 2130708361
01-23 19:49:22.365 18102 20848 I CCodecBufferChannel:   int32_t android._video-scaling = 1
01-23 19:49:22.365 18102 20848 I CCodecBufferChannel:   int32_t sar-width = 1
01-23 19:49:22.365 18102 20848 I CCodecBufferChannel:   int32_t color-standard = 1
01-23 19:49:22.365 18102 20848 I CCodecBufferChannel:   int32_t color-range = 2
01-23 19:49:22.365 18102 20848 I CCodecBufferChannel:   int32_t color-transfer = 3
01-23 19:49:22.365 18102 20848 I CCodecBufferChannel:   int32_t android._dataspace = 260
01-23 19:49:22.365 18102 20848 I CCodecBufferChannel:   int32_t width = 720
01-23 19:49:22.365 18102 20848 I CCodecBufferChannel:   int32_t rotation-degrees = 0
01-23 19:49:22.365 18102 20848 I CCodecBufferChannel:   int32_t sar-height = 1
01-23 19:49:22.365 18102 20848 I CCodecBufferChannel:   int32_t max-width = 720
01-23 19:49:22.365 18102 20848 I CCodecBufferChannel:   int32_t max-height = 1280
01-23 19:49:22.365 18102 20848 I CCodecBufferChannel:   int32_t priority = 0
01-23 19:49:22.365 18102 20848 I CCodecBufferChannel:   string mime = "video/raw"
01-23 19:49:22.365 18102 20848 I CCodecBufferChannel:   Rect crop(0, 0, 318, 238)
01-23 19:49:22.365 18102 20848 I CCodecBufferChannel:   Buffer hdr-static-info = {
01-23 19:49:22.365 18102 20848 I CCodecBufferChannel:     00000000:  00 00 00 00 00 00 00 00  00 00 00 00 00 00 00 00  ................
01-23 19:49:22.365 18102 20848 I CCodecBufferChannel:     00000010:  00 00 00 00 00 00 00 00  00                       .........
01-23 19:49:22.365 18102 20848 I CCodecBufferChannel:   }
01-23 19:49:22.365 18102 20848 I CCodecBufferChannel:   int32_t frame-rate = 25
01-23 19:49:22.365 18102 20848 I CCodecBufferChannel:   int32_t height = 1280
01-23 19:49:22.365 18102 20848 I CCodecBufferChannel:   int32_t color-format = 2130708361
01-23 19:49:22.365 18102 20848 I CCodecBufferChannel: }
01-23 19:49:22.365  1468 21460 D BufferPoolAccessor2.0: Destruction - bufferpool2 0xb400006f11db4878 cached: 0/0M, 0/0% in use; allocs: 39, 79% recycled; transfers: 39, 77% unfetched
01-23 19:49:22.365  1468  1709 D BufferPoolAccessor2.0: Destruction - bufferpool2 0xb400006f11dc2fb8 cached: 0/0M, 0/0% in use; allocs: 21, 81% recycled; transfers: 21, 71% unfetched
01-23 19:49:22.365 18102 20848 D Codec2-OutputBufferQueue: C2SurfaceSyncMemory created 20(20)
01-23 19:49:22.365 18102 20848 D Codec2-OutputBufferQueue: remote graphic buffer migration 0/0
01-23 19:49:22.365 18102 20848 D Codec2Client: setOutputSurface -- generation=18536454 consumer usage=0x900 sync
01-23 19:49:22.365   991 18590 D aurisys_utility: input dev: 0x0 0x0, fmt = 0x4, fs: 48000, max fs: 48000, ch: 2, max ch: 3, ch maks: 0xc, hw_info_mask: 0x0; output dev: 0x2 0x0, fmt = 0x4, fs: 48000, max fs: 48000, ch: 2, max ch: 4, ch maks: 0xc, hw_info_mask: 0xc; task_scene: 13, audio_mode: 0, stream_type: 3, output_flags: 0x8, input_source: 0, input_flags: 0x8; network_info: 0, enhancement_feature_mask: 0x0
01-23 19:49:22.366   991 18590 V AudioDspStreamManager: CreateAurisysLibManager() iv is on. 
01-23 19:49:22.366   991 18590 D AudioUtility: setupCustomInfoStr(), custom_info = "SetAudioCustomScene=;", (scene = , vol_level = -1, bt_codec = -1)
01-23 19:49:22.366   991 18590 D AudioDspStreamManager: CreateAurisysLibManager(), custom_info = SetAudioCustomScene=;, voip = 0
01-23 19:49:22.366   991 18590 D aurisys_utility: lib, working fs: 48000, fmt: 0x3, frame = 0, b_interleave = 1, num_ul_ref_buf_array = 0, num_dl_ref_buf_array = 0
01-23 19:49:22.366   991 18590 D aurisys_utility: dl in[type:2], ch: 2, ch_mask: 0x3, buf fs: 48000, buf content fs: 48000, fmt: 0x3; dl out[type:3], ch: 2, ch_mask: 0x3, buf fs: 48000, buf content fs: 48000, fmt: 0x3
01-23 19:49:22.366   991 18590 D aurisys_lib_handler: aurisys_arsi_parsing_param_file(), gProductInfo "platform=MT6897,device=duchamp,model=2311DRK48I", file_path "/vendor/etc/audio_param", enhancement_mode 0, param_buf_size 128, data_size 128, custom_info SetAudioCustomScene=;
01-23 19:49:22.366   991 18590 D audio_messenger_ipi: hal send, task: 13, msg_id: 0x15, ack_type: 1, p1: 0x3c4, p2: 0x0, dma sz: 0, idx: 0, hal sz: 964
01-23 19:49:22.366  1004  1087 D C2BqBuffer: local generation change 18536454 , bqId: 77747497992200 migrated buffers # 0
01-23 19:49:22.366 18102 20848 D Codec2Client: Surface configure completed
01-23 19:49:22.366  1004  1004 D C2MtkComponentStore: setDmaBufUsage: usage 5, flags 0, heapName mtk_mm for decoder.
01-23 19:49:22.366   991 18590 D AudioDspStreamManager: addPlaybackHandler() mDspMusicStreamState = DSP_STREAM_START
01-23 19:49:22.367   991 18590 D AudioDspStreamManager: -addPlaybackHandler(), playbackHandler = 12970367403292730448 0xb400006eef91a450
01-23 19:49:22.367   991 18590 D AudioALSAPlaybackHandlerBase: CreateAurisysLibManager, ph type: 10, voip: 0, mAurisysScenario: 0
01-23 19:49:22.367   991 18590 D aurisys_utility: input dev: 0x80000080 0x0, fmt = 0x3, fs: 48000, max fs: 48000, ch: 2, max ch: 2, ch maks: 0x3, hw_info_mask: 0x0; output dev: 0x2 0x0, fmt = 0x3, fs: 48000, max fs: 48000, ch: 2, max ch: 2, ch maks: 0x3, hw_info_mask: 0xc; task_scene: 2, audio_mode: 0, stream_type: 3, output_flags: 0x8, input_source: 0, input_flags: 0x0; network_info: 0, enhancement_feature_mask: 0x0
01-23 19:49:22.367   991 18590 D AudioUtility: setupCustomInfoStr(), custom_info = "SetAudioCustomScene=;", (scene = , vol_level = -1, bt_codec = -1)
01-23 19:49:22.367   991 18590 D aurisys_utility: lib, working fs: 48000, fmt: 0x3, frame = 10, b_interleave = 0, num_ul_ref_buf_array = 0, num_dl_ref_buf_array = 0
01-23 19:49:22.367   991 18590 D aurisys_utility: dl in[type:2], ch: 2, ch_mask: 0x3, buf fs: 48000, buf content fs: 48000, fmt: 0x3; dl out[type:3], ch: 2, ch_mask: 0x3, buf fs: 48000, buf content fs: 48000, fmt: 0x3
01-23 19:49:22.367   991 18590 D aurisys_utility: lib, working fs: 48000, fmt: 0x3, frame = 10, b_interleave = 0, num_ul_ref_buf_array = 0, num_dl_ref_buf_array = 0
01-23 19:49:22.367   991 18590 D aurisys_utility: dl in[type:2], ch: 2, ch_mask: 0x3, buf fs: 48000, buf content fs: 48000, fmt: 0x3; dl out[type:3], ch: 2, ch_mask: 0x3, buf fs: 48000, buf content fs: 48000, fmt: 0x3
01-23 19:49:22.367   991 18590 D aurisys_lib_handler: aurisys_arsi_parsing_param_file(), gProductInfo "platform=MT6897,device=duchamp,model=2311DRK48I", file_path "/vendor/etc", enhancement_mode 0, param_buf_size 128, data_size 128, custom_info SetAudioCustomScene=;
01-23 19:49:22.367   991 18590 D aurisys_lib_handler: aurisys_arsi_parsing_param_file(), gProductInfo "platform=MT6897,device=duchamp,model=2311DRK48I", file_path "/vendor/etc", enhancement_mode 0, param_buf_size 128, data_size 128, custom_info SetAudioCustomScene=;
01-23 19:49:22.367   991 18590 D aurisys_lib_handler: aurisys_arsi_create_handler(), lib_name misoundcrossfade, [queried_size] dram:432 [avail_size] dram:4294967295
01-23 19:49:22.367   991 18590 I android.hardware.audio.service.mediatek: mi_lrswitch_create_handler entry.
01-23 19:49:22.367   991 18590 I android.hardware.audio.service.mediatek: mi_lrswitch_create_handler stream_type : 3
01-23 19:49:22.367   991 18590 I android.hardware.audio.service.mediatek: mi_lrswitch_create_handler mi_lrswitch_create_handler 193, device type: 2
01-23 19:49:22.367   991 18590 I android.hardware.audio.service.mediatek: mi_lrswitch_create_handler entry: speaker
01-23 19:49:22.367   991 18590 I android.hardware.audio.service.mediatek: mi_lrswitch init done.
01-23 19:49:22.367   991 18590 I android.hardware.audio.service.mediatek: mi_lrswitch create handler end. mi_lrswitch_create_handler 311
01-23 19:49:22.367   991 18590 D aurisys_lib_handler: aurisys_arsi_create_handler(), lib_name misoundcrossfade, 0xb4000070af927690, process_type 1, arsi_handler 0xb40000707f918650, retval 0x0 
01-23 19:49:22.367   991 18590 D aurisys_lib_handler: aurisys_arsi_create_handler(), arsi_query_process_unit_bytes, ul 0, dl 3840, retval 0
01-23 19:49:22.367   991 18590 D aurisys_lib_handler: aurisys_arsi_create_handler(), lib_name misound, [queried_size] dram:472 [avail_size] dram:4294967295
01-23 19:49:22.367   991 18590 I android.hardware.audio.service.mediatek: misound4_arsi_create_handler entry.
01-23 19:49:22.367   991 18590 I android.hardware.audio.service.mediatek: misound4_arsi_create_handler stream_type : 3
01-23 19:49:22.367   991 18590 I android.hardware.audio.service.mediatek: misound4_fx_lib resfile reference 12127
01-23 19:49:22.367   991 18590 I android.hardware.audio.service.mediatek: misound4_fx_lib dsp lib version: 4.0.30
01-23 19:49:22.367   991 18590 I android.hardware.audio.service.mediatek: misound4_fx_lib dsp date: 2022.6.20
01-23 19:49:22.367   991 18590 I android.hardware.audio.service.mediatek: misound4_spk_init done.
01-23 19:49:22.367   991 18590 I android.hardware.audio.service.mediatek: misoundfx create handler end. misound_arsi_create_handler 317
01-23 19:49:22.367   991 18590 D aurisys_lib_handler: aurisys_arsi_create_handler(), lib_name misound, 0xb4000070af922d40, process_type 1, arsi_handler 0xb400006f1f9889d0, retval 0x0 
01-23 19:49:22.367   991 18590 D aurisys_lib_handler: aurisys_arsi_create_handler(), arsi_query_process_unit_bytes, ul 0, dl 3840, retval 0
01-23 19:49:22.367   991 18590 D aurisys_lib_manager: DL Lib, lib_name misoundcrossfade, 0xb4000070af927690, sample_rate: 48000 => 48000, num_channels: 2 => 2, audio_format: 0x3 => 0x3, interleave: 1 => 0, frame: 0 => 10
01-23 19:49:22.367   991 18590 D aurisys_lib_manager: DL Lib, lib_name misound, 0xb4000070af922d40, sample_rate: 48000 => 48000, num_channels: 2 => 2, audio_format: 0x3 => 0x3, interleave: 0 => 0, frame: 10 => 10
01-23 19:49:22.367   991 18590 D aurisys_lib_manager: DL out, sample_rate: 48000 => 48000, num_channels: 2 => 2, audio_format: 0x3 => 0x4, interleave: 0 => 1, frame: 10 => 0
01-23 19:49:22.367   991 18590 D AudioALSAHardwareResourceManager: +startOutputDevice(), new_devices = 0x2, mOutputDevices = 0x0, mStartOutputDevicesCount = 0 SampleRate = 48000
01-23 19:49:22.367   991 18590 D AudioMTKGainController: updatedevpower(), not support power profile
01-23 19:49:22.367   991 18590 D AudioSmartPaController: +dspOnBoardSpeakerOn(), SampleRate: 48000, MD_type: 0, isI2sInEchoRefEn: 0
01-23 19:49:22.367   991 18590 D AudioDspStreamManager: +startDevice() Devices 0x2 mOutputDeviceCount 0x0
01-23 19:49:22.367   991 18590 D AudioDspStreamManager: dataPassToCodec output_devices = 0x2 mAudioOutputFlags = 8 devicecount = 1 ret = 1
01-23 19:49:22.367   991 18590 D AudioDspStreamManager: dataPasstoDspAfe output_devices = 0x2 Flags = 8 isUseAdspPlaybackTask = 1 ret = 1
01-23 19:49:22.367   991 18590 D AudioDspStreamManager: needStartPlaybackTask mDspTaskPlaybackActive = 0 dspstartflag = 1 dsp_recovery_mode 0
01-23 19:49:22.367   991 18590 D AudioDspStreamManager: +startPlaybackTask
01-23 19:49:22.368   991 18590 D AudioDspStreamManager: startTasks_l() mDspStreamState = DSP_STREAM_START
01-23 19:49:22.368   991 18590 D AudioDspStreamManager: dataPasstoA2DPTask return false outputdevice = 0x2 playbckType = 10
01-23 19:49:22.368   991 18590 D AudioDspStreamManager: needStartA2dpTask mDspA2DPStreamState = 0 mDspTaskA2DPActive[0] dspstartflag[0]
01-23 19:49:22.368   991 18590 D AudioDspStreamManager: dataPasstoBleDlTask return false outputdevice = 0x2 playbckType = 10
01-23 19:49:22.368   991 18590 D AudioDspStreamManager: needStartBleDlTask mDspBleDlStreamState = 0 mDspTaskBleDlActive[0] dspstartflag[0]
01-23 19:49:22.368   991 18590 D WCNChipController: IsBTI2SSupport(), BTChipHWInterface() = 3, ret = 0
01-23 19:49:22.368   991 18590 D AudioDspStreamManager: getDspBtscoEnable(), BTSCO offload = 0
01-23 19:49:22.368   991 18590 D AudioDspStreamManager: dataPasstoBtscoDlTask return 0, isDspBtscoEnable = 0, outputdevice = 0x2, playbckType = 10
01-23 19:49:22.368   991 18590 D AudioDspStreamManager: needStartBtscoDlTask mDspBtscoDlStreamState = 0 mBtscoDlActive[0] dspstartflag[0]
01-23 19:49:22.368   991 18590 D AudioDspStreamManager: dataPasstoUsbDlTask return 0, isDspUsbEnable = 0, outputdevice = 0x2, playbckType = 10
01-23 19:49:22.368   991 18590 D AudioDspStreamManager: needStartUsbDlTask mDspUsbDlStreamState = 0 mUsbDlActive[0] dspstartflag[0]
01-23 19:49:22.368   991 18590 D AudioALSAHardwareResourceManager: notifyOutputDeviceStatusChange(), device = 2, status = 0, sampleRate = 48000, mOpenSpeakerPathCount = 1
01-23 19:49:22.368   991 18590 D AudioALSAStreamManager: speakerStatusChangeCb(), status = 0, sampleRate = 48000
01-23 19:49:22.368   991 18590 D AudioALSAVoiceWakeUpController: setSpeakerSampleRate(), sampleRate = 48000
01-23 19:49:22.368   991 18590 D AudioALSAVoiceWakeUpController: updateSpeakerPlaybackStatus(), isSpeakerPlaying = 1
01-23 19:49:22.368   991 18590 D AudioALSAVoiceWakeUpController: +setBargeInEnable(), enable = 1
01-23 19:49:22.368   991 18590 D AudioALSAVoiceWakeUpController: setBargeInEnable(), format = 0, channels = 2, rate = 48000, period_size = 480, period_count = 4
01-23 19:49:22.368   991 18590 D AudioALSAVoiceWakeUpController: setBargeInEnable(), Interconn VOW_BARGE_IN_ECHO_SPEAKER_HIFI3
01-23 19:49:22.368   991 18590 D AudioALSADeviceConfigManager: ApplyDeviceTurnonSequenceByName() DeviceName = VOW_BARGE_IN_ECHO_SPEAKER_HIFI3 descriptor->DeviceStatusCounte = 0, Ctlsize=14
01-23 19:49:22.368  1433 26770 W ResourceManagerServiceUtils: Ignoring request to add new resource entry with value <= 0
