01-23 19:49:22.369   991 18590 D AudioALSAVoiceWakeUpController: setBargeInEnable(), set vow bargein capture path = Capture_9
01-23 19:49:22.369   991 18590 D AudioALSADeviceParser: compare pcm success = 21, stringpair = Capture_9
01-23 19:49:22.369 18102 20847 D MediaCodec: [0xb40000707ad7d630] setState: 6
01-23 19:49:22.369 18102 20847 I MediaCodec: [mId: 16] [video-debug-dec] setState: STARTED
01-23 19:49:22.369 18102 20847 D CCodecBufferChannel: The csd Sample queue
01-23 19:49:22.370 18102 20847 D CCodecBufferChannel: [c2.mtk.avc.decoder#108] send inputSlots num:4 to codec
01-23 19:49:22.370   991 18590 D AudioALSAVoiceWakeUpController: setBargeInEnable(), mBargeInPcm = 0xb400006eff91e9b0, pcmUlRet = 0
01-23 19:49:22.374  1593  2201 I libsensor-displayalgo: the value of channelCali C:185.523093,R:77.493873,G:82.783901,B:31.729089,scales C:1.312945,R:1.441799,G:1.262245,B:1.286638
01-23 19:49:22.374  1593  2201 D libsensor-displayalgo: brightness:1408.000000,flat_mode:0.000000,R1:39.942003,G1:94.132822,B1:116.135568,R2:2799.000116,G2:2925.334470,B2:2718.143357,R3:718.841489,G3:791.538020,B3:758.352747,R4:83.090190,G4:138.394381,B4:156.987705,EVENT C:2463.000000,R:809.000000,G:1194.000000,B:514.000000, lux: 188.592270
01-23 19:49:22.379  8923  8923 I RegionSamplingImageView: onRegionDarknessChanged, new = true, old = true
01-23 19:49:22.380  1004 20852 D C2MtkComponent: [0xB40000708341BAB0] Using output block pool with poolID 11443 => got 11443 - 0
01-23 19:49:22.381 18102 20847 I MiMediaCodec: send fps to display with mFpsFromPlayer:25.000000 state:1 id:16
01-23 19:49:22.381  1004 20852 D C2MtkComponent: processQueue: isCastScreen 0
01-23 19:49:22.381  1004 20852 D C2MtkVdec: [0xB40000708341BAB0] process: mDecAlc C2MTK_ALLOCATOR_TYPE_UNSPECIFIED, mCcAlc C2MTK_ALLOCATOR_TYPE_UNSPECIFIED
01-23 19:49:22.381  1004 20852 D C2MtkVdec: [0xB40000708341BAB0] Using DEC block pool => got 11443 - 0
01-23 19:49:22.381 18102 18312 D BufferPoolAccessor2.0: bufferpool2 0xb4000070ba71a708 : 0(0 size) total buffers - 0(0 size) used buffers - 27/38 (recycle/alloc) - 11/37 (fetch/transfer)
01-23 19:49:22.381  1004 20852 D C2MtkBufferManager: [0xB400007123412AA0] C2MtkBufferManager: allocId 18, mIsFetchCcNeeded 0
01-23 19:49:22.381  1004 20852 D C2MtkVdecExt: [0xB40000712341D690] setBufferManager: bufferManager 0xb400007123412aa0
01-23 19:49:22.381  1004 20852 D C2MtkBufferManager: [0xB400007123412AA0] setBufferFetchTimeout mThreadTimeout set to 1500
01-23 19:49:22.381 18102 18312 D BufferPoolAccessor2.0: Destruction - bufferpool2 0xb4000070ba71a708 cached: 0/0M, 0/0% in use; allocs: 38, 71% recycled; transfers: 37, 70% unfetched
01-23 19:49:22.381  1004 20859 D C2MtkBufferManager: C2MtkBMFetchThread Start
01-23 19:49:22.381  1131  1320 D MI-SF   : updateVideoDecoderInfo state:1 intfps:25  floatfps:0.000000 fromplayer:1 tid:31115
01-23 19:49:22.381  1004 20852 D C2MtkVdec: [0xB40000708341BAB0] mBufferManager created.
01-23 19:49:22.381  1131  1320 D MI-SF   : updateVideoDecoderInfo clear video fps
01-23 19:49:22.381  1131  1320 D MI-SF   : updateVideoDecoderInfo empty, add the first new video fps
01-23 19:49:22.381  1131  1320 D MI-SF   : updateVideoDecoderInfo find same tid, update new video fps
01-23 19:49:22.381  1131  1320 D MI-SF   : after updateVideoDecoderInfo fps= 25,  tid = 31115
01-23 19:49:22.381  1131  1320 D MI-SF   : videoDecoderInfo->state = 1
01-23 19:49:22.381  1131  1320 D MI-SF   : VideoHighFpsFlag 0,mVideoFrameRate 25,50
01-23 19:49:22.381  1004 20852 D C2MtkVdec: [0xB40000708341BAB0] Output buffer: usage 1, ccUsage 1, DefaultWidth 320, DefaultHeight 240, format 32315679, ccFormat 32315659, BufferCount 1
01-23 19:49:22.381  1004 20852 D C2MtkBufferManager: [0xB400007123412AA0] setCcBuffersParams Params: ((320,240) 0x32315659, total:1, type:1, mParamChanged:0)
01-23 19:49:22.381  1004 20852 D C2MtkBufferManager: [0xB400007123412AA0] mFetchLock by cancelAllBuffers
01-23 19:49:22.381  1004 20852 D C2MtkBufferManager: [0xB400007123412AA0]   mBufferLock by cancelAllBuffers
01-23 19:49:22.381  1004 20852 D C2MtkBufferManager: [0xB400007123412AA0] cancelAllBuffers, Free all Buffers Done!
01-23 19:49:22.382  1004 20852 D C2MtkBufferManager: [0xB400007123412AA0] setBuffersParams Params: ((320,240) 0x32315679, total:1, type:1, mParamChanged:0)
01-23 19:49:22.382 18102 18312 D BufferPoolAccessor2.0: Destruction - bufferpool2 0xb4000070ba7fc328 cached: 0/0M, 0/0% in use; allocs: 50, 80% recycled; transfers: 49, 80% unfetched
01-23 19:49:22.382  1004 20852 D C2MtkVdec: [0xB40000708341BAB0] current operating rate = 25, setting 0
01-23 19:49:22.382  1004 20852 D C2MtkVdec: [0xB40000708341BAB0] mSawInputCSD was set.
01-23 19:49:22.382 18102 20847 D CCodecBufferChannel: The csd Sample queue
01-23 19:49:22.383  1004 20852 D C2MtkVdec: [0xB40000708341BAB0] mSawInputCSD was set.
01-23 19:49:22.383   991 18590 D AudioALSAVoiceWakeUpController: setBargeInEnable(), VOW_BARGEIN_ON set, irq = 26, ret = 0
01-23 19:49:22.384 18102 20843 I MediaCodec: [mId: 16] [video-debug-dec] queueInputBuffer: index: 2 pts: 1000000000000 timediff: 0
01-23 19:49:22.384 18102 18312 D BufferPoolAccessor2.0: Destruction - bufferpool2 0xb4000070ba8449b8 cached: 0/0M, 0/0% in use; allocs: 24, 54% recycled; transfers: 16, 31% unfetched
01-23 19:49:22.385  1433  2020 D ResourceTracker: addResource(pid 18102, uid 10302 clientId -5476376668354021008, resources battery/hw-video-codec:[]:1 )
01-23 19:49:22.386 18102 20843 I MediaCodec: [mId: 16] [video-debug-dec] queueInputBuffer: index: 3 pts: 1000000160000 timediff: 3
01-23 19:49:22.387 18102 20843 D MediaCodec: CreateByComponentName: name c2.android.aac.decoder
01-23 19:49:22.391 18102 20843 D CCodecBufferChannel: mBufferCountDebug=0 mIsUserLoad=1
01-23 19:49:22.391 18102 20843 D MBrainDateManager: MBrainDataManager Constructor caller
01-23 19:49:22.391 18102 20843 D MBrainManager: mMBrainSupport 0, return NULL
01-23 19:49:22.391 18102 20843 D MBrainDateManager: mMBrainManager = nullptr
01-23 19:49:22.391 18102 20843 D CCodecBufferChannel: new MBrainDataManager() fail
01-23 19:49:22.391 18102 20843 D MBrainDateManager: MBrainDataManager Constructor clear
01-23 19:49:22.391 18102 20843 D MediaCodec: [0xb40000707ad50310] init: CCodec 0xb4000070ba8219f0, CCodecBufferChannel 0xb40000700aa00410
01-23 19:49:22.391 18102 20843 I MediaCodec: init video box disabled for codec not supported
01-23 19:49:22.393  4710  4747 I tycenter.remote: Background young concurrent mark compact GC freed 5762KB AllocSpace bytes, 32(960KB) LOS objects, 49% free, 6812KB/13MB, paused 1.423ms,2.149ms total 133.741ms
01-23 19:49:22.394 18102 20860 D MediaCodec: [0xb40000707ad50310] setState: 1
01-23 19:49:22.394 18102 20860 I MediaCodec: [mId: 17] [audio-debug-dec] setState: INITIALIZING
01-23 19:49:22.394 18102 20860 D CCodec  : allocate(c2.android.aac.decoder)
01-23 19:49:22.400 18102 20860 I CCodec  : setting up 'default' as default (vendor) store
01-23 19:49:22.400  1004 20849 D C2MtkVdec: [0xB40000708341BAB0] FormatChange: width 768, height 1280, mColorFormat 0x7f000010, crop(Width 720, Height 1280, Left 0, Top 0, BufferCount 6 -> 10)
01-23 19:49:22.400  1004 20849 D C2MtkVdec: [0xB40000708341BAB0] updateInputDelay: input delay was updated to 4
01-23 19:49:22.400  1004 20849 D C2MtkVdec: CropSetter: old 319,239 : new 720,1280
01-23 19:49:22.400  1004 20849 D C2MtkVdec: [0xB40000708341BAB0] FormatChange: output delay was updated to 10
01-23 19:49:22.401  1004 20849 D C2MtkVdec: [0xB40000708341BAB0] NotifyEvent: getAlwaysColorConvertChecker_l: 1, isAlwaysCc: 0, isFirstAlwaysCcCheck: 1
01-23 19:49:22.401 18102 20848 D CCodecConfig: c2 config diff is   c2::u32 input.delay.value = 4
01-23 19:49:22.401  1004 20849 I DMABUFHEAPS: Using DMA-BUF heap named: mtk_mm
01-23 19:49:22.401  1004 20849 D C2MtkVdecExt: [0xB4000070D34821C8] allocBuffer: buffer 0x0xb4000070e34418a8, size 4096, alloc 1, free 0
01-23 19:49:22.401  1004 20849 D C2MtkVdecExt: [0xB4000070D3497F18] allocBuffer: buffer 0x0xb400007043428f48, size 0, alloc 1, free 0
01-23 19:49:22.401  1004 20849 D C2MtkBufferManager: [0xB400007123412AA0] setCcBuffersParams Params: ((720,1280) 0x32315659, total:10, type:1, mParamChanged:0)
01-23 19:49:22.401  1004 20849 D C2MtkBufferManager: [0xB400007123412AA0] mFetchLock by cancelAllBuffers
01-23 19:49:22.401  1004 20849 D C2MtkBufferManager: [0xB400007123412AA0]   mBufferLock by cancelAllBuffers
01-23 19:49:22.402  1004 20849 D C2MtkBufferManager: [0xB400007123412AA0] cancelAllBuffers, Free all Buffers Done!
01-23 19:49:22.402  2668  2668 D ArtChoreographerMonitor: invoke error.
01-23 19:49:22.402  1004 20849 D C2MtkBufferManager: [0xB400007123412AA0] setBuffersParams Params: ((720,1280) 0x7f000010, total:10, type:1, mParamChanged:0)
01-23 19:49:22.403  1468 21460 D BufferPoolAccessor2.0: bufferpool2 0xb400006f11db7468 : 0(0 size) total buffers - 0(0 size) used buffers - 0/0 (recycle/alloc) - 0/0 (fetch/transfer)
01-23 19:49:22.404  1468 21460 D BufferPoolAccessor2.0: bufferpool2 0xb400006f11dc64e8 : 0(0 size) total buffers - 0(0 size) used buffers - 66/70 (recycle/alloc) - 4/69 (fetch/transfer)
01-23 19:49:22.405  1832  2724 D ActivityManager: getProcessesInErrorState callingUid=10302, CallingPid=18102
01-23 19:49:22.406 18102 20860 I CCodec  : Created component [c2.android.aac.decoder]
01-23 19:49:22.406 18102 20860 D CCodecBufferChannel: [0xb40000700aa00410] setComponent: mName c2.android.aac.decoder#586, mPipelineWatcher 0xb40000700aa00900
01-23 19:49:22.406 18102 20860 D CCodecBufferChannel: PipelineWatcher debug info [c2.android.aac.decoder#586] enable=0
01-23 19:49:22.406 18102 20860 D CCodecConfig: read media type: audio/mp4a-latm
01-23 19:49:22.410 18102 20860 D ReflectedParamUpdater: extent() != 1 for single value type: algo.buffers.max-count.values
01-23 19:49:22.411 18102 20860 D ReflectedParamUpdater: extent() != 1 for single value type: output.subscribed-indices.values
01-23 19:49:22.411 18102 20860 D ReflectedParamUpdater: extent() != 1 for single value type: input.buffers.allocator-ids.values
01-23 19:49:22.411 18102 20860 D ReflectedParamUpdater: extent() != 1 for single value type: output.buffers.allocator-ids.values
01-23 19:49:22.412 18102 20860 D ReflectedParamUpdater: extent() != 1 for single value type: algo.buffers.allocator-ids.values
01-23 19:49:22.412 18102 20860 D ReflectedParamUpdater: extent() != 1 for single value type: output.buffers.pool-ids.values
01-23 19:49:22.412 18102 20860 D ReflectedParamUpdater: extent() != 1 for single value type: algo.buffers.pool-ids.values
01-23 19:49:22.412 18102 18312 D BufferPoolAccessor2.0: Destruction - bufferpool2 0xb4000070ba7ef9f8 cached: 0/0M, 0/0% in use; allocs: 31, 68% recycled; transfers: 26, 81% unfetched
01-23 19:49:22.413 18102 20848 D CCodecConfig: c2 config diff is   c2::u32 output.delay.value = 10
01-23 19:49:22.413 18102 18312 D BufferPoolAccessor2.0: bufferpool2 0xb4000070ba8485d8 : 0(0 size) total buffers - 0(0 size) used buffers - 29/39 (recycle/alloc) - 10/34 (fetch/transfer)
01-23 19:49:22.413 18102 18312 D BufferPoolAccessor2.0: Destruction - bufferpool2 0xb4000070ba8485d8 cached: 0/0M, 0/0% in use; allocs: 39, 74% recycled; transfers: 34, 71% unfetched
01-23 19:49:22.413 18102 18312 D BufferPoolAccessor2.0: Destruction - bufferpool2 0xb4000070ba851e78 cached: 0/0M, 0/0% in use; allocs: 47, 79% recycled; transfers: 42, 76% unfetched
01-23 19:49:22.413 18102 20848 D Codec2-OutputBufferQueue: set max dequeue count 19 from update
01-23 19:49:22.413 18102 18312 D BufferPoolAccessor2.0: Destruction - bufferpool2 0xb4000070ba7f7488 cached: 0/0M, 0/0% in use; allocs: 29, 79% recycled; transfers: 24, 75% unfetched
01-23 19:49:22.414  1004 20849 D C2MtkVdec: [0xB40000708341BAB0] CSD work returned: workId 1, mFrameIndex 0
01-23 19:49:22.415  1004 20849 I DMABUFHEAPS: Using DMA-BUF heap named: mtk_mm
01-23 19:49:22.416  1004 20849 D C2MtkVdecExt: [0xB4000070D34821C8] allocBuffer: buffer 0x0xb4000070e342b728, size 4096, alloc 2, free 0
01-23 19:49:22.416  1004 20849 D C2MtkVdecExt: [0xB4000070D3497F18] allocBuffer: buffer 0x0xb400007043418f08, size 0, alloc 2, free 0
01-23 19:49:22.417  1004 20849 D C2MtkVdec: [0xB40000708341BAB0] CSD work returned: workId 2, mFrameIndex 1
01-23 19:49:22.418  1004 20849 I DMABUFHEAPS: Using DMA-BUF heap named: mtk_mm
01-23 19:49:22.418  4710  4749 D MediaPlayer: finalize() native_finalize called
01-23 19:49:22.418  1004 20849 D C2MtkVdecExt: [0xB4000070D34821C8] allocBuffer: buffer 0x0xb4000070e3459228, size 4096, alloc 3, free 0
01-23 19:49:22.418  1004 20849 D C2MtkVdecExt: [0xB4000070D3497F18] allocBuffer: buffer 0x0xb40000704342e3a8, size 0, alloc 3, free 0
01-23 19:49:22.418  4710  4749 D MediaPlayer: finalize() native_finalize finished
01-23 19:49:22.420 18102 20860 I CCodecConfig: query failed after returning 21 values (BAD_INDEX)
01-23 19:49:22.420 18102 20860 D CCodecConfig: c2 config diff is Dict {
01-23 19:49:22.420 18102 20860 D CCodecConfig:   c2::u32 coded.aac-packaging.value = 0
01-23 19:49:22.420 18102 20860 D CCodecConfig:   c2::u32 coded.bitrate.value = 64000
01-23 19:49:22.420 18102 20860 D CCodecConfig:   c2::u32 coded.pl.level = 0
01-23 19:49:22.420 18102 20860 D CCodecConfig:   c2::u32 coded.pl.profile = 8192
01-23 19:49:22.420 18102 20860 D CCodecConfig:   c2::i32 coding.drc.album-mode.value = 0
01-23 19:49:22.420 18102 20860 D CCodecConfig:   c2::float coding.drc.attenuation-factor.value = 1
01-23 19:49:22.420 18102 20860 D CCodecConfig:   c2::float coding.drc.boost-factor.value = 1
01-23 19:49:22.420 18102 20860 D CCodecConfig:   c2::i32 coding.drc.compression-mode.value = 3
01-23 19:49:22.420 18102 20860 D CCodecConfig:   c2::i32 coding.drc.effect-type.value = 3
01-23 19:49:22.420 18102 20860 D CCodecConfig:   c2::float coding.drc.encoded-level.value = 0.25
01-23 19:49:22.420 18102 20860 D CCodecConfig:   c2::float coding.drc.reference-level.value = -16
01-23 19:49:22.420 18102 20860 D CCodecConfig:   c2::u32 input.buffers.max-size.value = 8192
01-23 19:49:22.420 18102 20860 D CCodecConfig:   c2::u32 input.delay.value = 0
01-23 19:49:22.420 18102 20860 D CCodecConfig:   string input.media-type.value = "audio/mp4a-latm"
01-23 19:49:22.420 18102 20860 D CCodecConfig:   c2::u32 output.delay.value = 2
01-23 19:49:22.420 18102 20860 D CCodecConfig:   c2::float output.drc.output-loudness.value = 0.25
01-23 19:49:22.420 18102 20860 D CCodecConfig:   c2::u32 output.large-frame.max-size = 0
01-23 19:49:22.420 18102 20860 D CCodecConfig:   c2::u32 output.large-frame.threshold-size = 0
01-23 19:49:22.420 18102 20860 D CCodecConfig:   string output.media-type.value = "audio/raw"
01-23 19:49:22.420 18102 20860 D CCodecConfig:   c2::u32 raw.channel-count.value = 1
01-23 19:49:22.420 18102 20860 D CCodecConfig:   c2::u32 raw.channel-mask.value = 0
01-23 19:49:22.420 18102 20860 D CCodecConfig:   c2::u32 raw.max-channel-count.value = 8
01-23 19:49:22.420 18102 20860 D CCodecConfig:   c2::u32 raw.sample-rate.value = 44100
01-23 19:49:22.420 18102 20860 D CCodecConfig: }
01-23 19:49:22.420 18102 20860 D MediaCodec: [0xb40000707ad50310] setState: 2
01-23 19:49:22.420 18102 20860 I MediaCodec: [mId: 17] [audio-debug-dec] setState: INITIALIZED
01-23 19:49:22.421  1004 20849 I DMABUFHEAPS: Using DMA-BUF heap named: mtk_mm
01-23 19:49:22.421  1004 20849 D C2MtkVdecExt: [0xB4000070D34821C8] allocBuffer: buffer 0x0xb4000070e345b3a8, size 4096, alloc 4, free 0
01-23 19:49:22.421  1004 20849 D C2MtkVdecExt: [0xB4000070D3497F18] allocBuffer: buffer 0x0xb40000704341efe8, size 0, alloc 4, free 0
01-23 19:49:22.422  1433  2020 D ResourceTracker: addResource(pid 18102, uid 10302 clientId -5476376668354067808, resources non-secure-codec/sw-audio-codec:[]:1 )
01-23 19:49:22.423 18102 20843 D MediaCodec: [0xb40000707ad50310] [c2.android.aac.decoder] configure
01-23 19:49:22.423  1004 20849 I DMABUFHEAPS: Using DMA-BUF heap named: mtk_mm
01-23 19:49:22.423  1004 20849 D C2MtkVdecExt: [0xB4000070D34821C8] allocBuffer: buffer 0x0xb4000070e3450c68, size 4096, alloc 5, free 0
01-23 19:49:22.424  1004 20849 D C2MtkVdecExt: [0xB4000070D3497F18] allocBuffer: buffer 0x0xb400007043426ce8, size 0, alloc 5, free 0
01-23 19:49:22.424  1004 20849 I DMABUFHEAPS: Using DMA-BUF heap named: mtk_mm
01-23 19:49:22.425  1004 20849 D C2MtkVdecExt: [0xB4000070D34821C8] allocBuffer: buffer 0x0xb4000070e3441be8, size 4096, alloc 6, free 0
01-23 19:49:22.425  1004 20849 D C2MtkVdecExt: [0xB4000070D3497F18] allocBuffer: buffer 0x0xb400007043427328, size 0, alloc 6, free 0
01-23 19:49:22.425 18102 20843 I MediaCodec: [mId: 17] [audio-debug-dec] configure: ClientName: com.instagram.android ComponentName: c2.android.aac.decoder
01-23 19:49:22.425 18102 20843 I MediaCodec: [mId: 17] [audio-debug-dec] configure: ClientFormat: AMessage(what = 0x00000000) = {
01-23 19:49:22.425 18102 20843 I MediaCodec:   int32_t sample-rate = 44100
01-23 19:49:22.425 18102 20843 I MediaCodec:   string mime = "audio/mp4a-latm"
01-23 19:49:22.425 18102 20843 I MediaCodec:   int32_t channel-count = 2
01-23 19:49:22.425 18102 20843 I MediaCodec:   int32_t aac-drc-effect-type = 3
01-23 19:49:22.425 18102 20843 I MediaCodec:   int32_t priority = 0
01-23 19:49:22.425 18102 20843 I MediaCodec:   int32_t max-output-channel-count = 99
01-23 19:49:22.425 18102 20843 I MediaCodec:   int32_t aac-target-ref-level = 56
01-23 19:49:22.425 18102 20843 I MediaCodec:   Buffer *csd-0 = 0xb40000701ab36ff0
01-23 19:49:22.425 18102 20843 I MediaCodec: }
01-23 19:49:22.425  1004 20849 I DMABUFHEAPS: Using DMA-BUF heap named: mtk_mm
01-23 19:49:22.425 18102 20843 I MediaCodec: configure : init video box disabled
01-23 19:49:22.425  1004 20849 D C2MtkVdecExt: [0xB4000070D34821C8] allocBuffer: buffer 0x0xb4000070e345c9e8, size 4096, alloc 7, free 0
01-23 19:49:22.425  1004 20849 D C2MtkVdecExt: [0xB4000070D3497F18] allocBuffer: buffer 0x0xb400007043424128, size 0, alloc 7, free 0
01-23 19:49:22.426 18102 20860 D MediaCodec: [0xb40000707ad50310] setState: 3
01-23 19:49:22.426 18102 20860 I MediaCodec: [mId: 17] [audio-debug-dec] setState: CONFIGURING
01-23 19:49:22.426 18102 20860 D CCodec  : [c2.android.aac.decoder] buffers are bound to CCodec for this session
01-23 19:49:22.426 18102 20860 D CCodecConfig: no c2 equivalents for flags
01-23 19:49:22.428  1004 20849 I DMABUFHEAPS: Using DMA-BUF heap named: mtk_mm
01-23 19:49:22.428  1004 20849 D C2MtkVdecExt: [0xB4000070D34821C8] allocBuffer: buffer 0x0xb4000070e343c4a8, size 4096, alloc 8, free 0
01-23 19:49:22.428 18102 20860 D CCodecConfig: c2 config diff is   c2::float coding.drc.reference-level.value = -14
01-23 19:49:22.428 18102 20860 D CCodecConfig:   c2::u32 raw.channel-count.value = 2
01-23 19:49:22.428  1004 20849 D C2MtkVdecExt: [0xB4000070D3497F18] allocBuffer: buffer 0x0xb400007043424a88, size 0, alloc 8, free 0
01-23 19:49:22.429 18102 20860 W Codec2Client: query -- param skipped: index = 1107298332.
01-23 19:49:22.429 18102 20860 D CCodec  : encoding statistics level = 0
01-23 19:49:22.429 18102 20860 D CCodec  : setup formats input: AMessage(what = 0x00000000) = {
01-23 19:49:22.429 18102 20860 D CCodec  :   int32_t aac-drc-album-mode = 0
01-23 19:49:22.429 18102 20860 D CCodec  :   int32_t aac-drc-boost-level = 127
01-23 19:49:22.429 18102 20860 D CCodec  :   int32_t aac-drc-cut-level = 127
01-23 19:49:22.429 18102 20860 D CCodec  :   int32_t aac-drc-effect-type = 3
01-23 19:49:22.429 18102 20860 D CCodec  :   int32_t aac-encoded-target-level = -1
01-23 19:49:22.429 18102 20860 D CCodec  :   int32_t aac-max-output-channel_count = 8
01-23 19:49:22.429 18102 20860 D CCodec  :   int32_t aac-target-ref-level = 56
01-23 19:49:22.429 18102 20860 D CCodec  :   int32_t bitrate = 64000
01-23 19:49:22.429 18102 20860 D CCodec  :   int32_t channel-count = 2
01-23 19:49:22.429 18102 20860 D CCodec  :   int32_t channel-mask = 0
01-23 19:49:22.429 18102 20860 D CCodec  :   int32_t level = 0
01-23 19:49:22.429 18102 20860 D CCodec  :   int32_t max-input-size = 8192
01-23 19:49:22.429 18102 20860 D CCodec  :   int32_t max-output-channel-count = 8
01-23 19:49:22.429 18102 20860 D CCodec  :   string mime = "audio/mp4a-latm"
01-23 19:49:22.429 18102 20860 D CCodec  :   int32_t profile = 2
01-23 19:49:22.429 18102 20860 D CCodec  :   int32_t sample-rate = 44100
01-23 19:49:22.429 18102 20860 D CCodec  : }
01-23 19:49:22.429 18102 20860 D CCodec  : setup formats output: AMessage(what = 0x00000000) = {
01-23 19:49:22.429 18102 20860 D CCodec  :   int32_t aac-drc-album-mode = 0
01-23 19:49:22.429 18102 20860 D CCodec  :   int32_t aac-drc-boost-level = 127
01-23 19:49:22.429 18102 20860 D CCodec  :   int32_t aac-drc-cut-level = 127
01-23 19:49:22.429 18102 20860 D CCodec  :   int32_t aac-drc-effect-type = 3
01-23 19:49:22.429 18102 20860 D CCodec  :   int32_t aac-drc-output-loudness = -1
01-23 19:49:22.429 18102 20860 D CCodec  :   int32_t aac-encoded-target-level = -1
01-23 19:49:22.429 18102 20860 D CCodec  :   int32_t aac-max-output-channel_count = 8
01-23 19:49:22.429 18102 20860 D CCodec  :   int32_t aac-target-ref-level = 56
01-23 19:49:22.429 18102 20860 D CCodec  :   int32_t buffer-batch-max-output-size = 0
01-23 19:49:22.429 18102 20860 D CCodec  :   int32_t buffer-batch-threshold-output-size = 0
01-23 19:49:22.429 18102 20860 D CCodec  :   int32_t channel-count = 2
01-23 19:49:22.429 18102 20860 D CCodec  :   int32_t channel-mask = 0
01-23 19:49:22.429 18102 20860 D CCodec  :   int32_t max-output-channel-count = 8
01-23 19:49:22.429 18102 20860 D CCodec  :   string mime = "audio/raw"
01-23 19:49:22.429 18102 20860 D CCodec  :   int32_t sample-rate = 44100
01-23 19:49:22.429 18102 20860 D CCodec  :   int32_t android._config-pcm-encoding = 2
01-23 19:49:22.429 18102 20860 D CCodec  : }
01-23 19:49:22.429 18102 20860 I CCodecConfig: query failed after returning 21 values (BAD_INDEX)
01-23 19:49:22.429 18102 20860 D MediaCodec: [0xb40000707ad50310] setState: 4
01-23 19:49:22.429 18102 20860 I MediaCodec: [mId: 17] [audio-debug-dec] setState: CONFIGURED
01-23 19:49:22.429 18102 20860 D MediaCodec: [0xb40000707ad50310] setState: 5
01-23 19:49:22.429 18102 20860 I MediaCodec: [mId: 17] [audio-debug-dec] setState: STARTING
01-23 19:49:22.430  1004 20849 I DMABUFHEAPS: Using DMA-BUF heap named: mtk_mm
01-23 19:49:22.430 18102 20860 W Codec2Client: query -- param skipped: index = 1342179345.
01-23 19:49:22.430 18102 20860 W Codec2Client: query -- param skipped: index = 2415921170.
01-23 19:49:22.430 18102 20860 W Codec2Client: query -- param skipped: index = 1610614798.
01-23 19:49:22.430  1004 20849 D C2MtkVdecExt: [0xB4000070D34821C8] allocBuffer: buffer 0x0xb4000070e3458568, size 4096, alloc 9, free 0
01-23 19:49:22.430  1004 20849 D C2MtkVdecExt: [0xB4000070D3497F18] allocBuffer: buffer 0x0xb400007043425708, size 0, alloc 9, free 0
01-23 19:49:22.431 18102 20860 D CCodecBufferChannel: [c2.android.aac.decoder#586] Created input block pool with allocatorID 16 => poolID 32 - OK (0)
01-23 19:49:22.431 18102 20860 I CCodecBufferChannel: [mId: 17] [audio-debug-dec] start: inputFormat: AMessage(what = 0x00000000) = {
01-23 19:49:22.431 18102 20860 I CCodecBufferChannel:   int32_t aac-drc-album-mode = 0
01-23 19:49:22.431 18102 20860 I CCodecBufferChannel:   int32_t aac-drc-boost-level = 127
01-23 19:49:22.431 18102 20860 I CCodecBufferChannel:   int32_t aac-drc-cut-level = 127
01-23 19:49:22.431 18102 20860 I CCodecBufferChannel:   int32_t aac-drc-effect-type = 3
01-23 19:49:22.431 18102 20860 I CCodecBufferChannel:   int32_t aac-encoded-target-level = -1
01-23 19:49:22.431 18102 20860 I CCodecBufferChannel:   int32_t aac-max-output-channel_count = 8
01-23 19:49:22.431 18102 20860 I CCodecBufferChannel:   int32_t aac-target-ref-level = 56
01-23 19:49:22.431 18102 20860 I CCodecBufferChannel:   int32_t bitrate = 64000
01-23 19:49:22.431 18102 20860 I CCodecBufferChannel:   int32_t channel-count = 2
01-23 19:49:22.431 18102 20860 I CCodecBufferChannel:   int32_t channel-mask = 0
01-23 19:49:22.431 18102 20860 I CCodecBufferChannel:   int32_t level = 0
01-23 19:49:22.431 18102 20860 I CCodecBufferChannel:   int32_t max-input-size = 8192
01-23 19:49:22.431 18102 20860 I CCodecBufferChannel:   int32_t max-output-channel-count = 8
01-23 19:49:22.431 18102 20860 I CCodecBufferChannel:   string mime = "audio/mp4a-latm"
01-23 19:49:22.431 18102 20860 I CCodecBufferChannel:   int32_t profile = 2
01-23 19:49:22.431 18102 20860 I CCodecBufferChannel:   int32_t sample-rate = 44100
01-23 19:49:22.431 18102 20860 I CCodecBufferChannel: }
01-23 19:49:22.432  1004 20849 I DMABUFHEAPS: Using DMA-BUF heap named: mtk_mm
01-23 19:49:22.432  1004 20849 D C2MtkVdecExt: [0xB4000070D34821C8] allocBuffer: buffer 0x0xb4000070e34566e8, size 4096, alloc 10, free 0
01-23 19:49:22.432  1004 20849 D C2MtkVdecExt: [0xB4000070D3497F18] allocBuffer: buffer 0x0xb400007043425a28, size 0, alloc 10, free 0
01-23 19:49:22.433   991 18590 D AudioALSAVoiceWakeUpController: -setBargeInEnable(), mBargeInPcm = 0xb400006eff91e9b0, mBargeInEnable = 1
01-23 19:49:22.433   991 18590 D AudioUtility: AudioThrottleTimeControl(), mIsOutput = 1, mBytesSum = 0, mThrottleControlStartTime = 0
01-23 19:49:22.433   991 18590 D send_data_to_xlog: send_EarsCompensation_dailyuse_to_xlog
01-23 19:49:22.433   991 18590 E send_data_to_xlog: get_int_by_key: unable to get property persist.vendor.audio.ears.compensation.state
01-23 19:49:22.433   991 18590 I send_data_to_xlog: get property key: persist.vendor.audio.ears.compensation.state, value: 0 
01-23 19:49:22.433   991 18590 E send_data_to_xlog: the EarsCompensation is closed
01-23 19:49:22.433   991 18590 D send_data_to_xlog: get_headset_type the type is speaker
01-23 19:49:22.433   991 18590 D send_data_to_xlog: send_misound_dailyuse_to_xlog, the headset type is speaker
01-23 19:49:22.433   991 18590 D send_data_to_xlog:  send_misound_dailyuse_to_xlog: misound without usb
01-23 19:49:22.433   991 18590 D AudioALSAStreamOut: open(), flags 8
01-23 19:49:22.433   991 18590 D send_data_to_xlog: send_music_time_data, music start time = 1769208562.
01-23 19:49:22.433   991 18590 V send_data_to_xlog: getCurrentDate
01-23 19:49:22.433   991 18590 V send_data_to_xlog: current time is : 2026/1/23 (yy/mm/dd)
01-23 19:49:22.433   991 18590 V send_data_to_xlog: do not need to seed data to xlog
01-23 19:49:22.433   991 18590 D AudioALSAHardwareCustom: [DEBUG] setDeviceStatusChanged: devices=[0x2], status=[1], isFast=[0]
01-23 19:49:22.433   991 18590 D AudioALSAHardwareCustom: [DEBUG] setCachedParam2soundfx: targetScenario PLAYBACK_NORMAL
01-23 19:49:22.433   991 18590 I android.hardware.audio.service.mediatek: misound_arsi_set_key_value_pair(), key value pair = MisoundEnable=0
01-23 19:49:22.433   991 18590 I android.hardware.audio.service.mediatek: misound_arsi_set_key_value_pair(), key: MisoundEnable
01-23 19:49:22.433   991 18590 I android.hardware.audio.service.mediatek: misound_arsi_set_key_value_pair(), value: 0
01-23 19:49:22.433   991 18590 I android.hardware.audio.service.mediatek: misound FxEnable setparam: 0
01-23 19:49:22.433   991 18590 D aurisys_lib_handler: lib_name misound, 0xb4000070af922d40, ADB_CMD_KEY_VALUE: set 512, 15, MisoundEnable=0, retval 0
01-23 19:49:22.433   991 18590 D AudioALSAHardwareCustom: [DEBUG] setCachedParam2soundfx: mMisoundEnable is 0
01-23 19:49:22.433   991 18590 D AudioALSAPlaybackHandlerDsp: setScreenState, flag 0x8, 0.000000, mode = 1 , buffer_size = 16384, channel 2, format4 reduceInterruptSize = 1024
01-23 19:49:22.433 18102 20860 I CCodecBufferChannel: [c2.android.aac.decoder#586] Created output block pool with allocatorID 16 => poolID 11826 - OK
01-23 19:49:22.433 18102 20860 D CCodecBufferChannel: [c2.android.aac.decoder#586] Configured output block pool ids 11826 => OK
01-23 19:49:22.434 18102 20860 D CCodecBufferChannel: [0xb40000700aa00410] [c2.android.aac.decoder#586] start: output->outputDelay 2, output->numSlots 6
01-23 19:49:22.434 18102 20860 I CCodecBufferChannel: [mId: 17] [audio-debug-dec] start: outputFormat: AMessage(what = 0x00000000) = {
01-23 19:49:22.434 18102 20860 I CCodecBufferChannel:   int32_t aac-drc-album-mode = 0
01-23 19:49:22.434 18102 20860 I CCodecBufferChannel:   int32_t aac-drc-boost-level = 127
01-23 19:49:22.434 18102 20860 I CCodecBufferChannel:   int32_t aac-drc-cut-level = 127
01-23 19:49:22.434 18102 20860 I CCodecBufferChannel:   int32_t aac-drc-effect-type = 3
01-23 19:49:22.434 18102 20860 I CCodecBufferChannel:   int32_t aac-drc-output-loudness = -1
01-23 19:49:22.434 18102 20860 I CCodecBufferChannel:   int32_t aac-encoded-target-level = -1
01-23 19:49:22.434 18102 20860 I CCodecBufferChannel:   int32_t aac-max-output-channel_count = 8
01-23 19:49:22.434 18102 20860 I CCodecBufferChannel:   int32_t aac-target-ref-level = 56
01-23 19:49:22.434 18102 20860 I CCodecBufferChannel:   int32_t buffer-batch-max-output-size = 0
01-23 19:49:22.434 18102 20860 I CCodecBufferChannel:   int32_t buffer-batch-threshold-output-size = 0
01-23 19:49:22.434 18102 20860 I CCodecBufferChannel:   int32_t channel-count = 2
01-23 19:49:22.434 18102 20860 I CCodecBufferChannel:   int32_t channel-mask = 0
01-23 19:49:22.434 18102 20860 I CCodecBufferChannel:   int32_t max-output-channel-count = 8
01-23 19:49:22.434 18102 20860 I CCodecBufferChannel:   string mime = "audio/raw"
01-23 19:49:22.434 18102 20860 I CCodecBufferChannel:   int32_t sample-rate = 44100
01-23 19:49:22.434 18102 20860 I CCodecBufferChannel:   int32_t android._config-pcm-encoding = 2
01-23 19:49:22.434 18102 20860 I CCodecBufferChannel: }
01-23 19:49:22.434  1468  1709 E Codec2-ComponentInterface: We have a failed config
01-23 19:49:22.434 18102 20860 D CCodecBuffers: [c2.android.aac.decoder#586:1D-Output.Impl[N]] converted 0 buffers to array mode of 6
01-23 19:49:22.434  1004  1004 D C2MtkComponentStore: setDmaBufUsage: usage 5, flags 0, heapName mtk_mm for decoder.
01-23 19:49:22.436  1468 20861 D SimpleC2Component: Using output block pool with poolID 11826 => got 11826 - 0
01-23 19:49:22.436 18102 20860 D MediaCodec: [0xb40000707ad50310] setState: 6
01-23 19:49:22.436 18102 20860 I MediaCodec: [mId: 17] [audio-debug-dec] setState: STARTED
01-23 19:49:22.436 18102 20860 D CCodecBufferChannel: The csd Sample queue
01-23 19:49:22.439 18102 20843 I MediaCodec: [mId: 17] [audio-debug-dec] queueInputBuffer: index: 1 pts: 1000000000000 timediff: 0
01-23 19:49:22.439 18102 20843 I MediaCodec: [mId: 17] [audio-debug-dec] queueInputBuffer: index: 2 pts: 1000000046439 timediff: 1
01-23 19:49:22.440 18102 20843 I MediaCodec: [mId: 17] [audio-debug-dec] queueInputBuffer: index: 3 pts: 1000000092879 timediff: 1
01-23 19:49:22.441 18102 20701 D AudioTrack: getTimestamp_l(22205): stale timestamp time corrected, currentTimeNanos: 705587808803438 < limitNs: 705595498809977 < mStartNs: 705595626809977
01-23 19:49:22.442 18102 20843 I MediaCodec: [mId: 16] [video-debug-dec] queueInputBuffer: index: 4 pts: 1000000080000 timediff: 56
01-23 19:49:22.443 18102 20847 D CCodecBufferChannel: [c2.mtk.avc.decoder#108] send inputSlots num:8 to codec
01-23 19:49:22.443  1004 20852 D C2MtkComponent: processQueue: isCastScreen 0
01-23 19:49:22.446  1004  1087 D C2MtkComponentStore: setDmaBufUsage: usage 5, flags 0, heapName mtk_mm for decoder.
01-23 19:49:22.447  1468 20861 I C2SoftAacDec: Reconfiguring decoder: 0->44100 Hz, 0->2 channels
01-23 19:49:22.447  1004 20852 D C2MtkVdec: [0xB40000708341BAB0] configUpdate(720 x 1280) with ts: 1000000000000
01-23 19:49:22.447  1004 20852 D C2MtkVdec: [0xB40000708341BAB0] updateRuntimeInfo: isTextureView 1, mConsumerUsage 256, hasPostproc 0, width 768, height 1280, opRate 0.000000
01-23 19:49:22.447  1004 20852 D C2MtkComponentStore: onRuntimeInfoUpdated[0xB4000071234132D0]: runtime info updated.
01-23 19:49:22.447  1004 20852 D C2MtkComponentStore: onRuntimeInfoUpdated[0xB4000071234132D0]: valid, cUid 10302, cPid 18102, psDisabled 0, isCpuDemanding 1, cluster , minFreq 
01-23 19:49:22.447  1004 20852 D C2MtkComponentStore: onRuntimeInfoUpdated[0xB4000071234132D0]: normal mode. isHeavyLoading 1, numOfValInst 1, psDisable 0
01-23 19:49:22.448  1004  1004 D C2MtkComponentStore: setDmaBufUsage: usage 5, flags 0, heapName mtk_mm for decoder.
01-23 19:49:22.448 18102 20848 D CCodecConfig: c2 config diff is   c2::u32 raw.crop.height = 1280
01-23 19:49:22.448 18102 20848 D CCodecConfig:   c2::u32 raw.crop.width = 720
01-23 19:49:22.448 18102 20848 D CCodecConfig:   c2::u32 raw.pixel-format.value = 2130706448
01-23 19:49:22.449 18102 20848 D CCodecBuffers: [c2.mtk.avc.decoder#108:2D-Output] popFromStashAndRegister: at 1000000000000us, output format changed to AMessage(what = 0x00000000) = {
01-23 19:49:22.449 18102 20848 D CCodecBuffers:   int32_t android._color-format = 2130706448
01-23 19:49:22.449 18102 20848 D CCodecBuffers:   int32_t android._video-scaling = 1
01-23 19:49:22.449 18102 20848 D CCodecBuffers:   int32_t sar-width = 1
01-23 19:49:22.449 18102 20848 D CCodecBuffers:   int32_t color-standard = 1
01-23 19:49:22.449 18102 20848 D CCodecBuffers:   int32_t color-range = 2
01-23 19:49:22.449 18102 20848 D CCodecBuffers:   int32_t color-transfer = 3
01-23 19:49:22.449 18102 20848 D CCodecBuffers:   int32_t android._dataspace = 260
01-23 19:49:22.449 18102 20848 D CCodecBuffers:   int32_t width = 720
01-23 19:49:22.449 18102 20848 D CCodecBuffers:   int32_t rotation-degrees = 0
01-23 19:49:22.449 18102 20848 D CCodecBuffers:   int32_t sar-height = 1
01-23 19:49:22.449 18102 20848 D CCodecBuffers:   int32_t max-width = 720
01-23 19:49:22.449 18102 20848 D CCodecBuffers:   int32_t max-height = 1280
01-23 19:49:22.449 18102 20848 D CCodecBuffers:   int32_t priority = 0
01-23 19:49:22.449 18102 20848 D CCodecBuffers:   string mime = "video/raw"
01-23 19:49:22.449 18102 20848 D CCodecBuffers:   Rect crop(0, 0, 719, 1279)
01-23 19:49:22.449 18102 20848 D CCodecBuffers:   Buffer hdr-static-info = {
01-23 19:49:22.449 18102 20848 D CCodecBuffers:     00000000:  00 00 00 00 00 00 00 00  00 00 00 00 00 00 00 00  ................
01-23 19:49:22.449 18102 20848 D CCodecBuffers:     00000010:  00 00 00 00 00 00 00 00  00                       .........
01-23 19:49:22.449 18102 20848 D CCodecBuffers:   }
01-23 19:49:22.449 18102 20848 D CCodecBuffers:   int32_t frame-rate = 25
01-23 19:49:22.449 18102 20848 D CCodecBuffers:   int32_t height = 1280
01-23 19:49:22.449 18102 20848 D CCodecBuffers:   int32_t color-format = 2130708361
01-23 19:49:22.449 18102 20848 D CCodecBuffers: }
01-23 19:49:22.453 18102 20860 D CCodecConfig: c2 config diff is   c2::float output.drc.output-loudness.value = -14
01-23 19:49:22.453 18102 20860 D CCodecConfig:   c2::u32 raw.channel-mask.value = 12
01-23 19:49:22.454 18102 20860 D CCodecBuffers: [c2.android.aac.decoder#586:Output[N]] popFromStashAndRegister: at 1000000000000us, output format changed to AMessage(what = 0x00000000) = {
01-23 19:49:22.454 18102 20860 D CCodecBuffers:   int32_t aac-drc-album-mode = 0
01-23 19:49:22.454 18102 20860 D CCodecBuffers:   int32_t aac-drc-boost-level = 127
01-23 19:49:22.454 18102 20860 D CCodecBuffers:   int32_t aac-drc-cut-level = 127
01-23 19:49:22.454 18102 20860 D CCodecBuffers:   int32_t aac-drc-effect-type = 3
01-23 19:49:22.454 18102 20860 D CCodecBuffers:   int32_t aac-drc-output-loudness = 56
01-23 19:49:22.454 18102 20860 D CCodecBuffers:   int32_t aac-encoded-target-level = -1
01-23 19:49:22.454 18102 20860 D CCodecBuffers:   int32_t aac-max-output-channel_count = 8
01-23 19:49:22.454 18102 20860 D CCodecBuffers:   int32_t aac-target-ref-level = 56
01-23 19:49:22.454 18102 20860 D CCodecBuffers:   int32_t buffer-batch-max-output-size = 0
01-23 19:49:22.454 18102 20860 D CCodecBuffers:   int32_t buffer-batch-threshold-output-size = 0
01-23 19:49:22.454 18102 20860 D CCodecBuffers:   int32_t channel-count = 2
01-23 19:49:22.454 18102 20860 D CCodecBuffers:   int32_t channel-mask = 12
01-23 19:49:22.454 18102 20860 D CCodecBuffers:   int32_t max-output-channel-count = 8
01-23 19:49:22.454 18102 20860 D CCodecBuffers:   string mime = "audio/raw"
01-23 19:49:22.454 18102 20860 D CCodecBuffers:   int32_t sample-rate = 44100
01-23 19:49:22.454 18102 20860 D CCodecBuffers:   int32_t android._config-pcm-encoding = 2
01-23 19:49:22.454 18102 20860 D CCodecBuffers: }
01-23 19:49:22.455 18102 20847 I MediaCodec: isHDR: standard =1,transfer = 3
01-23 19:49:22.456 18102 20847 I MediaCodec: [mId: 16] [video-debug-dec] onReleaseOutputBuffer index 0 pts: 1000000000000 ptsdiff: 1000000000000 timediff: 705595818 render: 1
01-23 19:49:22.457 18102 20847 D CCodecBufferChannel: [c2.mtk.avc.decoder#108] first render dataSpace=260
01-23 19:49:22.457  1110  1823 D AudioFlinger_Threads: mixer(0xb400007467185700) throttle begin: ret(16384) deltaMs(3) requires sleep 18 ms
01-23 19:49:22.457   991 18590 E AudioALSAPlaybackHandlerBase: -getHardwareBufferInfo(), pcm_get_htimestamp fail, ret = -1, pcm_get_error =  flag = 0x8
01-23 19:49:22.459 18102 20860 I MediaCodec: isHDR: standard =0,transfer = 0
01-23 19:49:22.460  1110 23447 V AudioPolicyInterfaceImpl: getOutput()
01-23 19:49:22.460  1110 23447 D APM::AudioPolicyEngine: getDevices ForStrategy() strategy 0, device 0x2 avadevice 0x1, 0x2, 0x10000 sfu [0]:0, [1]:0, [4]:11
01-23 19:49:22.460  1110 23447 V AudioPolicyInterfaceImpl: getOutput()
01-23 19:49:22.460  1110 23447 D APM::AudioPolicyEngine: getDevices ForStrategy() strategy 0, device 0x2 avadevice 0x1, 0x2, 0x10000 sfu [0]:0, [1]:0, [4]:11
01-23 19:49:22.461  1110 23447 V AudioPolicyInterfaceImpl: getOutput()
01-23 19:49:22.461  1110 23447 D APM::AudioPolicyEngine: getDevices ForStrategy() strategy 0, device 0x2 avadevice 0x1, 0x2, 0x10000 sfu [0]:0, [1]:0, [4]:11
01-23 19:49:22.461 18102 20843 D AudioTrack: INSP: type=audio,case=1,set=0xb40000700b1600d0,stream_type=-1,sample_rate=44100,format=0x1,channel_mask=0x3,frame_count=22620,flags=0x0,notification_frames=0,session_id=0,transfer_type=3,uid=10302,pid=18102
01-23 19:49:22.461 18102 20843 D AudioTrack: INSP: type=audio,case=1,attributes=1,content_type=0,usage=1,source=-1,flags=0xa00
01-23 19:49:22.461 18102 20843 D AudioTrackStub: AudioTrackStub() create
01-23 19:49:22.461 18102 20843 I AudioTrackImpl: initAudioTrackImpl()
01-23 19:49:22.462 18102 20843 D AudioTrack: set: mPowerTrackStatus=0
01-23 19:49:22.463  1000  1640 I android.hardware.graphics.composer@3.2-service: Sensor: notify citsensorservice to trigger cwb
01-23 19:49:22.463  1593  2197 I libsensor-frameBufferManager: request dump start
01-23 19:49:22.463  1593  2197 D libcomposer_ext: ClientImplAidl::getDispDump(), dpy 1, dst (160, 120), dump_point 1, release_fence -1
01-23 19:49:22.463  1000  1024 D libcomposer_ext: DeviceImplAidl::syncPerform(14), client_handle: 1
01-23 19:49:22.463  1000  1024 D libcomposer_ext: DeviceImplAidl::DeviceClientContextAidl::ParseGetDispDump()
01-23 19:49:22.463  1000  1024 D libcomposer_ext: DeviceImplAidl::ParseGetDispDump(), dpy 1, dst (160, 120), dump_point 1
01-23 19:49:22.463  1110 23447 V AudioPolicyInterfaceImpl: getOutput()
01-23 19:49:22.463  1110 23447 D APM::AudioPolicyEngine: getDevices ForStrategy() strategy 0, device 0x2 avadevice 0x1, 0x2, 0x10000 sfu [0]:0, [1]:0, [4]:11
01-23 19:49:22.464  1000  1024 I hwcomposer: [HWC] getDispDump(), dpy 1, (822,7,982,127), (160, 120), (1, 2), (-1), (-1), (0xb400007e2a4e1250)  
01-23 19:49:22.464  1000  1024 I hwcomposer: [DRMDEV] isSupportWbParams(), id_crtc 103, id_connector 34, dump_point 1, src(160, 120), dst(160, 120), config 2  
01-23 19:49:22.464  1000  1024 E hwcomposer: [DRMDEV] isSupportWbParams(), disp(1220, 2712)  
01-23 19:49:22.464  1000  1024 I hwcomposer: [DISP_DUMP] setDumpBuf(), dpy(0), src(822, 7, 982, 127), dst(160, 120), (1, 2), -1, (-1), (0xb400007e2a4e1250)  
01-23 19:49:22.464  1110 23449 V AudioPolicyInterfaceImpl: getOutput()
01-23 19:49:22.464  1000  1024 I hwcomposer: [HWC] (0)fire a callback of refresh to SF[9]  
01-23 19:49:22.464  1110 23449 D APM::AudioPolicyEngine: getDevices ForStrategy() strategy 0, device 0x2 avadevice 0x1, 0x2, 0x10000 sfu [0]:0, [1]:0, [4]:11
01-23 19:49:22.465  1110 23449 V AudioPolicyInterfaceImpl: getOutputForAttr()
01-23 19:49:22.466  1110 23449 D APM_AudioPolicyManager: getOutputForAttrInt()+ attributes={ Content type: AUDIO_CONTENT_TYPE_UNKNOWN Usage: AUDIO_USAGE_MEDIA Source: AUDIO_SOURCE_INVALID Flags: 0xa00 Tags:  } stream=AUDIO_STREAM_MUSIC session 143593 output 0 selectedDeviceId 0 device AUDIO_DEVICE_NONE sampling rate 44100 format 0x1channel mask 0x3 flags 0x8 stream AUDIO_STREAM_MUSIC uid 10302
01-23 19:49:22.466  1110 23449 D APM::AudioPolicyEngine: getDevices ForStrategy() strategy 0, device 0x2 avadevice 0x1, 0x2, 0x10000 sfu [0]:0, [1]:0, [4]:11
01-23 19:49:22.467  1110 23449 D APM::AudioPolicyEngine: getDevices ForStrategy() strategy 0, device 0x2 avadevice 0x1, 0x2, 0x10000 sfu [0]:0, [1]:0, [4]:11
01-23 19:49:22.467  1110 23449 D APM_AudioPolicyManager: getOutputForAttrInt()- attributes={ Content type: AUDIO_CONTENT_TYPE_UNKNOWN Usage: AUDIO_USAGE_MEDIA Source: AUDIO_SOURCE_INVALID Flags: 0xa00 Tags:  } stream=AUDIO_STREAM_MUSIC session 143593 output 21 selectedDeviceId 0 device {AUDIO_DEVICE_OUT_SPEAKER, @:} sampling rate 44100 format 0x1channel mask 0x3 flags 0x8 stream AUDIO_STREAM_MUSIC uid 10302
01-23 19:49:22.468  1110 23449 I AudioFlingerImpl: getPackageName: com.instagram.android for uid: 10302 of audiotrack, note that it is a binder call
01-23 19:49:22.469  1110 23449 I AudioFlingerImpl: getPackageName: com.instagram.android for uid: 10302 of audiotrack, note that it is a binder call
01-23 19:49:22.469  1110 23449 I AF::Track: isInFastModeApp curPkgName com.instagram.android  uid 10302
01-23 19:49:22.469  1110 23449 I AF::Track: isInWhiteList curPkgName com.instagram.android  uid 10302 isSupportCloudCtrl 1
01-23 19:49:22.469  1110 23449 D AF::Track: Track(19133): usage = 1 mbIsAttrNeedFade = 0
01-23 19:49:22.469  1110 23449 D AF::Track: Track, track(0xb400007342a42c60): mFastIndex -1, mStreamType 3, mId 19133, mFrameCount 22620, mSampleRate 44100, mFormat 1, mChannelCount 2, mTrackCount 19078, thread 0xb4000074671c9fe8, sessionId 143593, AudioOut_15, primary-8
01-23 19:49:22.471 18102 20843 D AudioTrack: createTrack_l(22206): 0xb40000700b1600d0, mCblk = 0x6d5f08d000, mLatency = 703, mAfLatency = 191, frameCount = 22620, mSampleRate = 44100, mFlags = 0x8, mReqFrameCount = 22620, mNotificationFramesAct = 1881
01-23 19:49:22.472  1000  1024 D libcomposer_ext: DeviceImplAidl::DeviceClientContextAidl::NotifyDispDumpReady()
01-23 19:49:22.472 18102 20704 W MediaCodec: [mId: 14] [video-debug-dec] onReleaseOutputBuffer: Render time interval reaches 8716ms before pts: 1000000033333
01-23 19:49:22.472 18102 20704 I MediaCodec: [mId: 14] [video-debug-dec] onReleaseOutputBuffer index 1 pts: 1000000033333 ptsdiff: 33333 timediff: 8716 render: 1
01-23 19:49:22.472 18102 18263 D AudioTrack: setVolume(22206): 0xb40000700b1600d0, left = 1.000000, right = 1.000000
01-23 19:49:22.472  1593  1593 D libcomposer_ext: ClientCallbackAidl::asyncPerform(15)
01-23 19:49:22.472  1593  1593 D libcomposer_ext: ClientImplAidl::ParseNotifyDispDumpReady()
01-23 19:49:22.472 18102 20843 D android.media.AudioTrack: setStereoVolume setParameters is 0.0, rightVolume is 0.0, isMuted is true, mIsLastMute is false, mNeedNotifyedNative is true
01-23 19:49:22.472 18102 20843 D AudioTrack: setParameters(22206): Parameter media_set_track_muted is 1 return
01-23 19:49:22.473 18102 20843 D AudioTrack: setVolume(22206): 0xb40000700b1600d0, left = 0.000000, right = 0.000000
01-23 19:49:22.473 18102 20843 D AudioSystem: +setParameters(): MAGT-Process=18102;MAGT-AudioThread=20843 
01-23 19:49:22.473 18102 20843 D AudioSystem: start get log level!
01-23 19:49:22.473  1110 23449 D AudioFlinger: setParameters, get MAGT Process id 18102
01-23 19:49:22.473  1110 23449 D AudioFlinger: setParameters, get MAGT Thread id 20843
01-23 19:49:22.473  1110 23449 D AudioFlinger: setParameters, qos, set vip
01-23 19:49:22.473  1004 20710 D C2MtkVdec: [0xB40000708341AE80] dummy work received, wake up fetch thread
01-23 19:49:22.473  1004 20710 D C2MtkBufferManager: [0xB40000712341ADA0] wakeUpFetchThread release mThreadSem mCcThreadSem
01-23 19:49:22.473  1004 20710 D C2MtkVdec: [0xB40000708341AE80] updateRuntimeInfo: isTextureView 1, mConsumerUsage 256, hasPostproc 0, width 768, height 1280, opRate 0.000000
01-23 19:49:22.473  1004 20710 D C2MtkComponentStore: onRuntimeInfoUpdated[0xB400007123415390]: new instance added.
01-23 19:49:22.473 18102 20704 D CCodecBufferChannel: [c2.mtk.avc.decoder#313] queue dummy work to c2!
01-23 19:49:22.473 18102 20704 D MediaCodec: BufferCallback::isC2Sleep,0
01-23 19:49:22.474 18102 20704 D MediaCodec: kWhatNotifyC2Sleep
01-23 19:49:22.474 18102 20704 D MediaCodec: [0xb40000707ad72f50] [c2.mtk.avc.decoder] codec wake up, mVppEnableMode 0
01-23 19:49:22.475  1004 20719 W C2BqBuffer: last successful dequeue was 8740883 us ago, 0 consecutive failures
01-23 19:49:22.475  1004 20710 D C2MtkComponentStore: onRuntimeInfoUpdated[0xB400007123415390]: valid, cUid 10302, cPid 18102, psDisabled 0, isCpuDemanding 1, cluster , minFreq 
01-23 19:49:22.475  1004 20710 D C2MtkComponentStore: onRuntimeInfoUpdated[0xB4000071234132D0]: valid, cUid 10302, cPid 18102, psDisabled 0, isCpuDemanding 1, cluster , minFreq 
01-23 19:49:22.475  1004 20710 D C2MtkComponentStore: onRuntimeInfoUpdated[0xB400007123415390]: normal mode. isHeavyLoading 1, numOfValInst 2, psDisable 0
01-23 19:49:22.475  1004 20710 D C2MtkVdec: [0xB40000708341AE80] No future processing required.
01-23 19:49:22.475   991  1041 W libc    : Access denied finding property "AUDIO_FEATURE_REVERSE_MIC_DIRECTION_SUPPORT"
01-23 19:49:22.475   991  1041 D AudioALSAHardware: +setParameters(): MAGT-AudioThread=20843;MAGT-Process=18102
01-23 19:49:22.476   991  1041 D AudioALSAHardware: -setParameters(): MAGT-AudioThread=20843;MAGT-Process=18102
01-23 19:49:22.476  1433  2020 D ResourceTracker: addResource(pid 18102, uid 10302 clientId -5476376668355704800, resources battery/hw-video-codec:[]:1 )
01-23 19:49:22.478 18102 20704 I MediaCodec: [mId: 14] [video-debug-dec] onReleaseOutputBuffer index 2 pts: 1000000066666 ptsdiff: 33333 timediff: 5 render: 1
01-23 19:49:22.479   991 18590 E AudioALSAPlaybackHandlerBase: -getHardwareBufferInfo(), pcm_get_htimestamp fail, ret = -1, pcm_get_error =  flag = 0x8
01-23 19:49:22.484 18102 20701 W MediaCodec: [mId: 15] [audio-debug-dec] dequeueInputBuffer: Last successful request is 7700ms ago, 25 failures since then
01-23 19:49:22.484 18102 20701 W MediaCodec: [mId: 15] [audio-debug-dec] queueInputBuffer: Average input time interval reaches 144ms for 7 inputs by pts: 1000001114557
01-23 19:49:22.484 18102 20701 W MediaCodec: [mId: 15] [audio-debug-dec] queueInputBuffer: Input time interval reaches 7701ms before pts: 1000001114557
01-23 19:49:22.484 18102 20701 I MediaCodec: [mId: 15] [audio-debug-dec] queueInputBuffer: index: 0 pts: 1000001114557 timediff: 7701
01-23 19:49:22.487 18102 20701 I MediaCodec: [mId: 15] [audio-debug-dec] queueInputBuffer: index: 1 pts: 1000001160997 timediff: 2
01-23 19:49:22.488 18102 20701 I MediaCodec: [mId: 15] [audio-debug-dec] queueInputBuffer: index: 2 pts: 1000001207437 timediff: 1
01-23 19:49:22.492  1593  2198 D libsensor-parseRGB: the value of RGB [5.344692 7.891418 8.682016]
01-23 19:49:22.503 18102 20704 I MediaCodec: [mId: 14] [video-debug-dec] onReleaseOutputBuffer index 3 pts: 1000000100000 ptsdiff: 33334 timediff: 25 render: 1
01-23 19:49:22.511 23345 23401 W IncomingMessageObserver: Application level read timeout...
01-23 19:49:22.518 23345 23401 D IncomingMessageObserver: [Needs Connection] Network: true, Foreground: false, Time Since Last Interaction: 53578301 ms (over limit), FCM: false, WS Open or Keep-alives: true, Registered: true, Proxy: false, Force websocket: false
01-23 19:49:22.518 23345 23401 D IncomingMessageObserver: Reading message...
01-23 19:49:22.522 18102 20701 W MediaCodec: [mId: 14] [video-debug-dec] dequeueInputBuffer: Last successful request is 7758ms ago, 29 failures since then
01-23 19:49:22.522 18102 20701 W MediaCodec: [mId: 14] [video-debug-dec] queueInputBuffer: Average input time interval reaches 199ms for 5 inputs by pts: 1000001000000
01-23 19:49:22.522 18102 20701 W MediaCodec: [mId: 14] [video-debug-dec] queueInputBuffer: Input time interval reaches 7758ms before pts: 1000001000000
01-23 19:49:22.522 18102 20701 I MediaCodec: [mId: 14] [video-debug-dec] queueInputBuffer: index: 0 pts: 1000001000000 timediff: 7758
01-23 19:49:22.525 18102 20704 I MiMediaCodec: send last fps
01-23 19:49:22.525 18102 20704 I MiMediaCodec: send fps to display with mLastSendedFps:30.000000 state:1 id:14
01-23 19:49:22.526  1131  1320 D MI-SF   : updateVideoDecoderInfo state:1 intfps:30  floatfps:0.000000 fromplayer:1 tid:31115
01-23 19:49:22.526  1131  1320 D MI-SF   : updateVideoDecoderInfo clear video fps
01-23 19:49:22.526  1131  1320 D MI-SF   : updateVideoDecoderInfo empty, add the first new video fps
01-23 19:49:22.526  1131  1320 D MI-SF   : updateVideoDecoderInfo find same tid, update new video fps
01-23 19:49:22.526  1131  1320 D MI-SF   : after updateVideoDecoderInfo fps= 30,  tid = 31115
01-23 19:49:22.526  1131  1320 D MI-SF   : videoDecoderInfo->state = 1
01-23 19:49:22.526  1131  1320 D MI-SF   : VideoHighFpsFlag 0,mVideoFrameRate 30,30
01-23 19:49:22.527  1019  1053 I libPerfCtl: xgfGetFPS pid:2668 fps:-1
01-23 19:49:22.527  1019  1053 I libPerfCtl: xgfGetFPS pid:18102 fps:-1
01-23 19:49:22.528 18102 20701 I MediaCodec: [mId: 14] [video-debug-dec] queueInputBuffer: index: 1 pts: 1000000966666 timediff: 6
01-23 19:49:22.531  1004 20859 W C2MtkBufferManager: [0xB400007123412AA0] fetchNewBlock: wait fence 0x0xb40000713341d610 failed. ret 110
01-23 19:49:22.554 18102 20701 I MediaCodec: [mId: 14] [video-debug-dec] queueInputBuffer: index: 2 pts: 1000001033333 timediff: 26
