01-23 19:49:24.459 18102 20897 D CCodecConfig:   c2::u32 raw.crop.height = 239
01-23 19:49:24.459 18102 20897 D CCodecConfig:   c2::u32 raw.crop.left = 0
01-23 19:49:24.459 18102 20897 D CCodecConfig:   c2::u32 raw.crop.top = 0
01-23 19:49:24.459 18102 20897 D CCodecConfig:   c2::u32 raw.crop.width = 319
01-23 19:49:24.459 18102 20897 D CCodecConfig:   c2::float raw.hdr-static-info.master
01-23 19:49:24.459 18102 20897 W ColorUtils: expected specified color aspects (2:0:0:0)
01-23 19:49:24.459  1004 20904 I mtkpower_client: perf_lock_acq, hdl:0, dur:0, num:2, pid:1004, tid:20904
01-23 19:49:24.459 18102 20896 D MediaCodec: [0xb40000707adbbf70] setState: 2
01-23 19:49:24.459 18102 20896 I MediaCodec: [mId: 19] [video-debug-dec] setState: INITIALIZED
01-23 19:49:24.460  1004 20904 I mtkpower_client: IMtkPowerService_isDeclared 1
01-23 19:49:24.460  1433 26770 D ResourceTracker: addResource(pid 18102, uid 10302 clientId -5476376668354032672, resources non-secure-codec/hw-video-codec:[]:1 )
01-23 19:49:24.460  1004 20904 I mtkpower_client: ret_hdl:856713
01-23 19:49:24.460  1004 20904 D C2MtkVdec: [0xB40000708341CD10] setClientPid: perfLockAcq mFpsLockHandle 856713 pid 18102
01-23 19:49:24.460  1004 20904 D C2MtkComponent: [0xB40000708341C720] setWorkflow: PROCESSED->COMPLETED
01-23 19:49:24.460  1004 20904 D C2MtkComponent: [0xB40000708341C720] setWorkflow: UNPROCESSED->PROCESSED
01-23 19:49:24.460  1004 20904 D C2MtkVdec: [0xB40000708341C6E0] RealTime: priority 0, operating rate 0.000000
01-23 19:49:24.460  1004 20904 D C2MtkVdec: [0xB40000708341C6E0] Picture size: width 720, height 1280
01-23 19:49:24.460  1004 20904 D C2MtkVdec: [0xB40000708341C6E0] Aligned size: width 768, height 1280
01-23 19:49:24.460  1044  1093 I libPowerHal: [perfLockAcq] idx:9 hdl:856713 hint:-1 pid:1004 tid:20904 duration:0 lock_user:c2@1.2-mediatek => ret_hdl:856713
01-23 19:49:24.460  1044  1093 I libPowerHal: [fpsgo_set_video_pid_thread] 18102, 0xb400007317228b28
01-23 19:49:24.460  1044  1093 E libPowerHal: Could not open '/sys/kernel/fpsgo/fstb/set_video_pid'
01-23 19:49:24.460  1044  1093 E libPowerHal: error : 2, No such file or directory
01-23 19:49:24.460  1044  1093 I libPowerHal: [PE] c2@1.2-mediatek update ONESHOT(set) cmd:2084000 param:18102
01-23 19:49:24.461  1004 20904 D C2MtkVdec: [0xB40000708341C6E0] VCodec started.
01-23 19:49:24.461 18102 20895 W Codec2Client: query -- param skipped: index = 1342179345.
01-23 19:49:24.461 18102 20895 W Codec2Client: query -- param skipped: index = 2415921170.
01-23 19:49:24.461 18102 20895 W Codec2Client: query -- param skipped: index = 1610614798.
01-23 19:49:24.461 18102 20887 D MediaCodec: [0xb40000707adbbf70] [c2.mtk.avc.decoder] configure
01-23 19:49:24.461 18102 20887 D AppSceneRecognizer: AppUsageScene: Unspecified
01-23 19:49:24.462 18102 20887 I MediaCodec: [mId: 19] [video-debug-dec] configure: ClientName: com.instagram.android ComponentName: c2.mtk.avc.decoder
01-23 19:49:24.462 18102 20887 I MediaCodec: [mId: 19] [video-debug-dec] configure: ClientFormat: AMessage(what = 0x00000000) = {
01-23 19:49:24.462 18102 20887 I MediaCodec:   int32_t max-height = 1280
01-23 19:49:24.462 18102 20887 I MediaCodec:   string mime = "video/avc"
01-23 19:49:24.462 18102 20887 I MediaCodec:   int32_t priority = 0
01-23 19:49:24.462 18102 20887 I MediaCodec:   int32_t color-standard = 1
01-23 19:49:24.462 18102 20887 I MediaCodec:   Buffer csd-1 = {
01-23 19:49:24.462 18102 20887 I MediaCodec:     00000000:  00 00 00 01 68 eb 68 c6  cb                       ....h.h..
01-23 19:49:24.462 18102 20887 I MediaCodec:   }
01-23 19:49:24.462 18102 20887 I MediaCodec:   int32_t color-transfer = 3
01-23 19:49:24.462 18102 20887 I MediaCodec:   int32_t max-width = 720
01-23 19:49:24.462 18102 20887 I MediaCodec:   int32_t width = 720
01-23 19:49:24.462 18102 20887 I MediaCodec:   int32_t color-range = 2
01-23 19:49:24.462 18102 20887 I MediaCodec:   float frame-rate = 25.000000
01-23 19:49:24.462 18102 20887 I MediaCodec:   int32_t rotation-degrees = 0
01-23 19:49:24.462 18102 20887 I MediaCodec:   int32_t max-input-size = 691200
01-23 19:49:24.462 18102 20887 I MediaCodec:   int32_t height = 1280
01-23 19:49:24.462 18102 20887 I MediaCodec:   Buffer csd-0 = {
01-23 19:49:24.462 18102 20887 I MediaCodec:     00000000:  00 00 00 01 67 64 00 1f  ac 53 90 0b 40 a1 b0 16  ....gd...S..@...
01-23 19:49:24.462 18102 20887 I MediaCodec:     00000010:  a0 20 20 28 00 00 03 00  08 00 00 03 01 94 78 c1  .  (..........x.
01-23 19:49:24.462 18102 20887 I MediaCodec:     00000020:  8c b0                                             ..
01-23 19:49:24.462 18102 20887 I MediaCodec:   }
01-23 19:49:24.462 18102 20887 I MediaCodec: }
01-23 19:49:24.462 18102 20887 I MediaCodec: MediaStub sendFrameRate
01-23 19:49:24.462 18102 20887 D MediaImpl: MediaImpl::sendFrameRate: 25
01-23 19:49:24.462 18102 20887 I MediaCodec: MediaStub sendWidth/sendHeight
01-23 19:49:24.462 18102 20887 I MediaCodec: MediaStub sendMine
01-23 19:49:24.462 18102 20887 D MediaImpl: MediaImpl::sendMine: video/avc
01-23 19:49:24.462 18102 20887 I MediaCodec: MediaStub sendDolbyVision
01-23 19:49:24.462 18102 20887 I MediaCodec: MediaStub sendPackageName
01-23 19:49:24.462 18102 20887 D MediaImpl: MediaImpl::sendPackageName: com.instagram.android
01-23 19:49:24.462 18102 20887 I MiMediaCodec: fps video to display enabled
01-23 19:49:24.462 18102 20887 I MiMediaCodec: The Fps from player is 25.000000  frameRateFloat 25.000000 frameRateInt -1
01-23 19:49:24.462 18102 20887 I MediaCodec: configure : init video box disabled
01-23 19:49:24.462 18102 20895 D BufferPoolAccessor2.0: bufferpool2 0xb4000070ba85a938 : 0(0 size) total buffers - 0(0 size) used buffers - 19/28 (recycle/alloc) - 15/28 (fetch/transfer)
01-23 19:49:24.462 18102 20895 D BufferPoolAccessor2.0: bufferpool2 0xb4000070ba8303a8 : 8(16777216 size) total buffers - 8(16777216 size) used buffers - 19/29 (recycle/alloc) - 10/28 (fetch/transfer)
01-23 19:49:24.462 18102 20896 I MediaCodec: [mId: 19] [video-debug-dec] connectToSurface: surface 0xb40000709a8d4420, mSurface 0x0
01-23 19:49:24.462 18102 20895 D CCodecBufferChannel: [c2.mtk.avc.decoder#60] Created input block pool with allocatorID 16 => poolID 33 - OK (0)
01-23 19:49:24.462 18102 20896 D MediaCodec: [0xb40000707adbbf70] [c2.mtk.avc.decoder] connectToSurface: surface 0xb40000709a8d4420, mSurface 0x0
01-23 19:49:24.462 18102 20895 I CCodecBufferChannel: [mId: 18] [video-debug-dec] start: inputFormat: AMessage(what = 0x00000000) = {
01-23 19:49:24.462 18102 20895 I CCodecBufferChannel:   string mime = "video/avc"
01-23 19:49:24.462 18102 20895 I CCodecBufferChannel:   int32_t width = 720
01-23 19:49:24.462 18102 20895 I CCodecBufferChannel:   int32_t profile = 65536
01-23 19:49:24.462 18102 20895 I CCodecBufferChannel:   int32_t priority = 0
01-23 19:49:24.462 18102 20895 I CCodecBufferChannel:   int32_t frame-rate = 30
01-23 19:49:24.462 18102 20895 I CCodecBufferChannel:   int32_t height = 1280
01-23 19:49:24.462 18102 20895 I CCodecBufferChannel:   int32_t level = 65536
01-23 19:49:24.462 18102 20895 I CCodecBufferChannel:   int32_t max-input-size = 2094080
01-23 19:49:24.462 18102 20895 I CCodecBufferChannel:   Rect crop(0, 0, 318, 238)
01-23 19:49:24.462 18102 20895 I CCodecBufferChannel: }
01-23 19:49:24.462 18102 20896 D SurfaceUtils: connecting to surface 0xb40000709a8d4430, reason connectToSurface
01-23 19:49:24.462 18102 20896 I MediaCodec: [c2.mtk.avc.decoder] setting surface generation to 18536456
01-23 19:49:24.463 18102 20896 D SurfaceUtils: disconnecting from surface 0xb40000709a8d4430, reason connectToSurface(reconnect)
01-23 19:49:24.463 18102 20896 D SurfaceUtils: connecting to surface 0xb40000709a8d4420, reason connectToSurface(reconnect-with-listener)
01-23 19:49:24.463 18102 20895 D CCodecBufferChannel: [c2.mtk.avc.decoder#60] Query output surface allocator returned 0 params => BAD_INDEX (6)
01-23 19:49:24.463 18102 20896 D MediaCodec: [0xb40000707adbbf70] setState: 3
01-23 19:49:24.463 18102 20896 I MediaCodec: [mId: 19] [video-debug-dec] setState: CONFIGURING
01-23 19:49:24.463 18102 20896 D MediaCodec: [c2.mtk.avc.decoder] config set c2 sleep timeout 1500 kC2SleepTimeoutMs=1500
01-23 19:49:24.463 18102 20897 D CCodec  : [c2.mtk.avc.decoder] buffers are bound to CCodec for this session
01-23 19:49:24.463 18102 20895 I CCodecBufferChannel: [c2.mtk.avc.decoder#60] Created output block pool with allocatorID 18 => poolID 11444 - OK
01-23 19:49:24.463 18102 20897 D CCodecConfig: no c2 equivalents for color-standard
01-23 19:49:24.463 18102 20895 D CCodecBufferChannel: [c2.mtk.avc.decoder#60] Configured output block pool ids 11444 => OK
01-23 19:49:24.463 18102 20895 D CCodecBufferChannel: [0xb40000700b12dc20] [c2.mtk.avc.decoder#60] start: output->outputDelay 12, output->numSlots 16
01-23 19:49:24.463 18102 20897 D CCodecConfig: no c2 equivalents for csd-1
01-23 19:49:24.463 18102 20895 I CCodecBufferChannel: [mId: 18] [video-debug-dec] start: outputFormat: AMessage(what = 0x00000000) = {
01-23 19:49:24.463 18102 20895 I CCodecBufferChannel:   int32_t android._color-format = 2130708361
01-23 19:49:24.463 18102 20895 I CCodecBufferChannel:   int32_t android._video-scaling = 1
01-23 19:49:24.463 18102 20895 I CCodecBufferChannel:   int32_t sar-width = 1
01-23 19:49:24.463 18102 20895 I CCodecBufferChannel:   int32_t color-standard = 1
01-23 19:49:24.463 18102 20895 I CCodecBufferChannel:   int32_t color-range = 2
01-23 19:49:24.463 18102 20895 I CCodecBufferChannel:   int32_t color-transfer = 3
01-23 19:49:24.463 18102 20895 I CCodecBufferChannel:   int32_t android._dataspace = 260
01-23 19:49:24.463 18102 20895 I CCodecBufferChannel:   int32_t width = 720
01-23 19:49:24.463 18102 20895 I CCodecBufferChannel:   int32_t rotation-degrees = 0
01-23 19:49:24.463 18102 20895 I CCodecBufferChannel:   int32_t sar-height = 1
01-23 19:49:24.463 18102 20895 I CCodecBufferChannel:   int32_t max-width = 720
01-23 19:49:24.463 18102 20895 I CCodecBufferChannel:   int32_t max-height = 1280
01-23 19:49:24.463 18102 20895 I CCodecBufferChannel:   int32_t priority = 0
01-23 19:49:24.463 18102 20895 I CCodecBufferChannel:   string mime = "video/raw"
01-23 19:49:24.463 18102 20895 I CCodecBufferChannel:   Rect crop(0, 0, 318, 238)
01-23 19:49:24.463 18102 20895 I CCodecBufferChannel:   Buffer hdr-static-info = {
01-23 19:49:24.463 18102 20895 I CCodecBufferChannel:     00000000:  00 00 00 00 00 00 00 00  00 00 00 00 00 00 00 00  ................
01-23 19:49:24.463 18102 20895 I CCodecBufferChannel:     00000010:  00 00 00 00 00 00 00 00  00                       .........
01-23 19:49:24.463 18102 20895 I CCodecBufferChannel:   }
01-23 19:49:24.463 18102 20895 I CCodecBufferChannel:   int32_t frame-rate = 30
01-23 19:49:24.463 18102 20895 I CCodecBufferChannel:   int32_t height = 1280
01-23 19:49:24.463 18102 20895 I CCodecBufferChannel:   int32_t color-format = 2130708361
01-23 19:49:24.463 18102 20895 I CCodecBufferChannel: }
01-23 19:49:24.463 18102 20897 D CCodecConfig: no c2 equivalents for native-window
01-23 19:49:24.463 18102 20897 D CCodecConfig: no c2 equivalents for native-window-generation
01-23 19:49:24.463 18102 20897 D CCodecConfig: no c2 equivalents for flags
01-23 19:49:24.464 18102 20895 D Codec2-OutputBufferQueue: C2SurfaceSyncMemory created 20(20)
01-23 19:49:24.464 18102 20895 D Codec2-OutputBufferQueue: remote graphic buffer migration 0/0
01-23 19:49:24.464 18102 20895 D Codec2Client: setOutputSurface -- generation=18536455 consumer usage=0x900 sync
01-23 19:49:24.464  1004  1004 D C2MtkVdec: (video/avc): MaxInputSizeSetter: 2097152 -> 2097152 bytes, width 720, height 1280
01-23 19:49:24.464  1004  1087 D C2BqBuffer: local generation change 18536455 , bqId: 77747497992202 migrated buffers # 0
01-23 19:49:24.464  1004  1004 V C2MtkVdec: RealTimePrioritySetter: priority 0
01-23 19:49:24.464 18102 20895 D Codec2Client: Surface configure completed
01-23 19:49:24.464  1004  1004 D C2MtkVdec: (video/avc): MaxInputSizeSetter: 2094080 -> 2094080 bytes, width 720, height 1280
01-23 19:49:24.464  1004  1087 D C2MtkComponentStore: setDmaBufUsage: usage 5, flags 0, heapName mtk_mm for decoder.
01-23 19:49:24.465 18102 20897 D CCodecConfig: c2 config diff is   c2::i32 algo.priority.value = 0
01-23 19:49:24.465 18102 20897 D CCodecConfig:   c2::float coded.frame-rate.value = 25
01-23 19:49:24.465 18102 20897 D CCodecConfig:   c2::u32 default.color.matrix = 1
01-23 19:49:24.465 18102 20897 D CCodecConfig:   c2::u32 default.color.primaries = 1
01-23 19:49:24.465 18102 20897 D CCodecConfig:   c2::u32 default.color.range = 2
01-23 19:49:24.465 18102 20897 D CCodecConfig:   c2::u32 default.color.transfer = 3
01-23 19:49:24.465 18102 20897 D CCodecConfig:   c2::u32 input.buffers.max-size.value = 2094080
01-23 19:49:24.465 18102 20897 D CCodecConfig:   c2::u32 raw.max-size.height = 1280
01-23 19:49:24.465 18102 20897 D CCodecConfig:   c2::u32 raw.max-size.width = 720
01-23 19:49:24.465 18102 20897 D CCodecConfig:   c2::u32 raw.pixel-format.value = 34
01-23 19:49:24.465 18102 20897 D CCodecConfig:   c2::u32 raw.size.height = 1280
01-23 19:49:24.465 18102 20897 D CCodecConfig:   c2::u32 raw.size.width = 720
01-23 19:49:24.465 18102 20897 D CCodecConfig:   c2::u32 vendor.mtk.vdec.buffer.fetch.timeout.ms.value = 1500
01-23 19:49:24.466  1433 26770 W ResourceManagerServiceUtils: Ignoring request to add new resource entry with value <= 0
01-23 19:49:24.466 18102 20897 W Codec2Client: query -- param skipped: index = 1107298332.
01-23 19:49:24.466 18102 20897 D CCodec  : client requested max input size 691200, which is smaller than what component recommended (2094080); overriding with component recommendation.
01-23 19:49:24.466 18102 20897 W CCodec  : This behavior is subject to change. It is recommended that app developers double check whether the requested max input size is in reasonable range.
01-23 19:49:24.466 18102 20897 D CCodec  : encoding statistics level = 0
01-23 19:49:24.466 18102 20897 D CCodec  : setup formats input: AMessage(what = 0x00000000) = {
01-23 19:49:24.466 18102 20897 D CCodec  :   string mime = "video/avc"
01-23 19:49:24.466 18102 20897 D CCodec  :   int32_t width = 720
01-23 19:49:24.466 18102 20897 D CCodec  :   int32_t profile = 65536
01-23 19:49:24.466 18102 20897 D CCodec  :   int32_t priority = 0
01-23 19:49:24.466 18102 20897 D CCodec  :   int32_t frame-rate = 25
01-23 19:49:24.466 18102 20897 D CCodec  :   int32_t height = 1280
01-23 19:49:24.466 18102 20897 D CCodec  :   int32_t level = 65536
01-23 19:49:24.466 18102 20897 D CCodec  :   int32_t max-input-size = 2094080
01-23 19:49:24.466 18102 20897 D CCodec  :   Rect crop(0, 0, 318, 238)
01-23 19:49:24.466 18102 20897 D CCodec  : }
01-23 19:49:24.466 18102 20897 D CCodec  : setup formats output: AMessage(what = 0x00000000) = {
01-23 19:49:24.466 18102 20897 D CCodec  :   int32_t android._color-format = 2130708361
01-23 19:49:24.466 18102 20897 D CCodec  :   int32_t android._video-scaling = 1
01-23 19:49:24.466 18102 20897 D CCodec  :   int32_t sar-width = 1
01-23 19:49:24.466 18102 20897 D CCodec  :   int32_t color-standard = 4
01-23 19:49:24.466 18102 20897 D CCodec  :   int32_t color-range = 2
01-23 19:49:24.466 18102 20897 D CCodec  :   int32_t color-transfer = 3
01-23 19:49:24.466 18102 20897 D CCodec  :   int32_t android._dataspace = 259
01-23 19:49:24.466 18102 20897 D CCodec  :   int32_t width = 720
01-23 19:49:24.466 18102 20897 D CCodec  :   int32_t rotation-degrees = 0
01-23 19:49:24.466 18102 20897 D CCodec  :   int32_t sar-height = 1
01-23 19:49:24.466 18102 20897 D CCodec  :   int32_t max-width = 720
01-23 19:49:24.466 18102 20897 D CCodec  :   int32_t max-height = 1280
01-23 19:49:24.466 18102 20897 D CCodec  :   int32_t priority = 0
01-23 19:49:24.466 18102 20897 D CCodec  :   string mime = "video/raw"
01-23 19:49:24.466 18102 20897 D CCodec  :   Rect crop(0, 0, 318, 238)
01-23 19:49:24.466 18102 20897 D CCodec  :   Buffer hdr-static-info = {
01-23 19:49:24.466 18102 20897 D CCodec  :     00000000:  00 00 00 00 00 00 00 00  00 00 00 00 00 00 00 00  ................
01-23 19:49:24.466 18102 20897 D CCodec  :     00000010:  00 00 00 00 00 00 00 00  00                       .........
01-23 19:49:24.466 18102 20897 D CCodec  :   }
01-23 19:49:24.466 18102 20897 D CCodec  :   int32_t frame-rate = 25
01-23 19:49:24.466 18102 20897 D CCodec  :   int32_t height = 1280
01-23 19:49:24.466 18102 20897 D CCodec  :   int32_t color-format = 2130708361
01-23 19:49:24.466 18102 20897 D CCodec  : }
01-23 19:49:24.466 18102 20897 I CCodecConfig: query failed after returning 19 values (BAD_INDEX)
01-23 19:49:24.466 18102 20897 D CCodecConfig: c2 config diff is   c2::u32 raw.color.matrix = 1
01-23 19:49:24.466 18102 20897 D CCodecConfig:   c2::u32 raw.color.primaries = 1
01-23 19:49:24.466 18102 20897 D CCodecConfig:   c2::u32 raw.color.transfer = 3
01-23 19:49:24.466 18102 20889 D MediaCodec: [0xb40000707adafcc0] setState: 6
01-23 19:49:24.466 18102 20889 I MediaCodec: [mId: 18] [video-debug-dec] setState: STARTED
01-23 19:49:24.466  1000  1654 I hwcomposer: [HWC] (0)fire a callback of refresh to SF[4]  
01-23 19:49:24.466 18102 20889 D CCodecBufferChannel: The csd Sample queue
01-23 19:49:24.466 18102 20889 D CCodecBufferChannel: [c2.mtk.avc.decoder#60] send inputSlots num:4 to codec
01-23 19:49:24.466 18102 20896 D MediaCodec: [0xb40000707adbbf70] setState: 4
01-23 19:49:24.466 18102 20896 I MediaCodec: [mId: 19] [video-debug-dec] setState: CONFIGURED
01-23 19:49:24.467 18102 20896 D MediaCodec: [0xb40000707adbbf70] setState: 5
01-23 19:49:24.467 18102 20896 I MediaCodec: [mId: 19] [video-debug-dec] setState: STARTING
01-23 19:49:24.467  1004  3013 D C2MtkComponent: [0xB4000070834189F0] start
01-23 19:49:24.467  1004 20905 I mtkpower_client: perf_lock_acq, hdl:0, dur:0, num:2, pid:1004, tid:20905
01-23 19:49:24.468  1004 20905 I mtkpower_client: IMtkPowerService_isDeclared 1
01-23 19:49:24.468 18102 20889 I MiMediaCodec: send fps to display with mFpsFromPlayer:30.000000 state:1 id:18
01-23 19:49:24.468  1004 20904 D C2MtkComponent: [0xB40000708341C6E0] Using output block pool with poolID 11444 => got 11444 - 0
01-23 19:49:24.468  1004 20905 I mtkpower_client: ret_hdl:856714
01-23 19:49:24.468  1004 20904 D C2MtkComponent: processQueue: isCastScreen 0
01-23 19:49:24.468  1004 20904 D C2MtkVdec: [0xB40000708341C6E0] process: mDecAlc C2MTK_ALLOCATOR_TYPE_UNSPECIFIED, mCcAlc C2MTK_ALLOCATOR_TYPE_UNSPECIFIED
01-23 19:49:24.468  1004 20904 D C2MtkVdec: [0xB40000708341C6E0] Using DEC block pool => got 11444 - 0
01-23 19:49:24.468  1044  1093 I libPowerHal: [perfLockAcq] idx:13 hdl:856714 hint:-1 pid:1004 tid:20905 duration:0 lock_user:c2@1.2-mediatek => ret_hdl:856714
01-23 19:49:24.468  1004 20905 D C2MtkVdec: [0xB400007083419020] setClientPid: perfLockAcq mFpsLockHandle 856714 pid 18102
01-23 19:49:24.469  1044  1093 I libPowerHal: [fpsgo_set_video_pid_thread] 18102, 0xb400007317235ac8
01-23 19:49:24.469  1004 20904 D C2MtkBufferManager: [0xB40000712341D690] C2MtkBufferManager: allocId 18, mIsFetchCcNeeded 0
01-23 19:49:24.469  1044  1093 E libPowerHal: Could not open '/sys/kernel/fpsgo/fstb/set_video_pid'
01-23 19:49:24.469  1004 20904 D C2MtkVdecExt: [0xB4000071234184B0] setBufferManager: bufferManager 0xb40000712341d690
01-23 19:49:24.469  1004 20904 D C2MtkBufferManager: [0xB40000712341D690] setBufferFetchTimeout mThreadTimeout set to 1500
01-23 19:49:24.469  1004 20904 D C2MtkVdec: [0xB40000708341C6E0] mBufferManager created.
01-23 19:49:24.469  1131  1321 D MI-SF   : updateVideoDecoderInfo state:1 intfps:30  floatfps:0.000000 fromplayer:1 tid:31115
01-23 19:49:24.469  1044  1093 E libPowerHal: error : 2, No such file or directory
01-23 19:49:24.469  1044  1093 I libPowerHal: [PE] c2@1.2-mediatek update ONESHOT(set) cmd:2084000 param:18102
01-23 19:49:24.469  1131  1321 D MI-SF   : updateVideoDecoderInfo empty, add the first new video fps
01-23 19:49:24.469  1004 20904 D C2MtkVdec: [0xB40000708341C6E0] Output buffer: usage 1, ccUsage 1, DefaultWidth 320, DefaultHeight 240, format 32315679, ccFormat 32315659, BufferCount 1
01-23 19:49:24.469  1131  1321 D MI-SF   : updateVideoDecoderInfo find same tid, update new video fps
01-23 19:49:24.469  1004 20904 D C2MtkBufferManager: [0xB40000712341D690] setCcBuffersParams Params: ((320,240) 0x32315659, total:1, type:1, mParamChanged:0)
01-23 19:49:24.469  1131  1321 D MI-SF   : after updateVideoDecoderInfo fps= 30,  tid = 31115
01-23 19:49:24.469  1004 20904 D C2MtkBufferManager: [0xB40000712341D690] mFetchLock by cancelAllBuffers
01-23 19:49:24.469  1004 20904 D C2MtkBufferManager: [0xB40000712341D690]   mBufferLock by cancelAllBuffers
01-23 19:49:24.469  1004 20904 D C2MtkBufferManager: [0xB40000712341D690] cancelAllBuffers, Free all Buffers Done!
01-23 19:49:24.469  1131  1321 D MI-SF   : videoDecoderInfo->state = 1
01-23 19:49:24.469  1004 20904 D C2MtkBufferManager: [0xB40000712341D690] setBuffersParams Params: ((320,240) 0x32315679, total:1, type:1, mParamChanged:0)
01-23 19:49:24.469  1131  1321 D MI-SF   : VideoHighFpsFlag 0,mVideoFrameRate 30,30
01-23 19:49:24.469  1004 20904 D C2MtkVdec: [0xB40000708341C6E0] current operating rate = 30, setting 0
01-23 19:49:24.469  1004 20904 D C2MtkVdec: [0xB40000708341C6E0] mSawInputCSD was set.
01-23 19:49:24.469  1004 20918 D C2MtkBufferManager: C2MtkBMFetchThread Start
01-23 19:49:24.469 18102 20889 D CCodecBufferChannel: The csd Sample queue
01-23 19:49:24.469  1004 20905 D C2MtkComponent: [0xB400007083418A30] setWorkflow: PROCESSED->COMPLETED
01-23 19:49:24.469  1004 20905 D C2MtkComponent: [0xB400007083418A30] setWorkflow: UNPROCESSED->PROCESSED
01-23 19:49:24.469  1004 20905 D C2MtkVdec: [0xB4000070834189F0] RealTime: priority 0, operating rate 0.000000
01-23 19:49:24.469  1004 20905 D C2MtkVdec: [0xB4000070834189F0] Picture size: width 720, height 1280
01-23 19:49:24.470  1004 20904 D C2MtkVdec: [0xB40000708341C6E0] mSawInputCSD was set.
01-23 19:49:24.470  1004 20905 D C2MtkVdec: [0xB4000070834189F0] Aligned size: width 768, height 1280
01-23 19:49:24.470 18102 20884 I MediaCodec: [mId: 18] [video-debug-dec] queueInputBuffer: index: 2 pts: 1000000000000 timediff: 0
01-23 19:49:24.471  1004 20905 D C2MtkVdec: [0xB4000070834189F0] VCodec started.
01-23 19:49:24.471 18102 20897 W Codec2Client: query -- param skipped: index = 1342179345.
01-23 19:49:24.471 18102 20897 W Codec2Client: query -- param skipped: index = 2415921170.
01-23 19:49:24.471 18102 20897 W Codec2Client: query -- param skipped: index = 1610614798.
01-23 19:49:24.472  1433 26770 D ResourceTracker: addResource(pid 18102, uid 10302 clientId -5476376668354063344, resources battery/hw-video-codec:[]:1 )
01-23 19:49:24.472 18102 20897 D CCodecBufferChannel: [c2.mtk.avc.decoder#725] Created input block pool with allocatorID 16 => poolID 34 - OK (0)
01-23 19:49:24.473 18102 20897 I CCodecBufferChannel: [mId: 19] [video-debug-dec] start: inputFormat: AMessage(what = 0x00000000) = {
01-23 19:49:24.473 18102 20897 I CCodecBufferChannel:   string mime = "video/avc"
01-23 19:49:24.473 18102 20897 I CCodecBufferChannel:   int32_t width = 720
01-23 19:49:24.473 18102 20897 I CCodecBufferChannel:   int32_t profile = 65536
01-23 19:49:24.473 18102 20897 I CCodecBufferChannel:   int32_t priority = 0
01-23 19:49:24.473 18102 20897 I CCodecBufferChannel:   int32_t frame-rate = 25
01-23 19:49:24.473 18102 20897 I CCodecBufferChannel:   int32_t height = 1280
01-23 19:49:24.473 18102 20897 I CCodecBufferChannel:   int32_t level = 65536
01-23 19:49:24.473 18102 20897 I CCodecBufferChannel:   int32_t max-input-size = 2094080
01-23 19:49:24.473 18102 20897 I CCodecBufferChannel:   Rect crop(0, 0, 318, 238)
01-23 19:49:24.473 18102 20897 I CCodecBufferChannel: }
01-23 19:49:24.473 18102 20884 I MediaCodec: [mId: 18] [video-debug-dec] queueInputBuffer: index: 3 pts: 1000000133333 timediff: 3
01-23 19:49:24.473 18102 20897 D CCodecBufferChannel: [c2.mtk.avc.decoder#725] Query output surface allocator returned 0 params => BAD_INDEX (6)
01-23 19:49:24.474 18102 20897 I CCodecBufferChannel: [c2.mtk.avc.decoder#725] Created output block pool with allocatorID 18 => poolID 11445 - OK
01-23 19:49:24.474 18102 20884 D MediaCodec: CreateByComponentName: name c2.android.aac.decoder
01-23 19:49:24.474 18102 20897 D CCodecBufferChannel: [c2.mtk.avc.decoder#725] Configured output block pool ids 11445 => OK
01-23 19:49:24.474 18102 20897 D CCodecBufferChannel: [0xb40000700b12f5e0] [c2.mtk.avc.decoder#725] start: output->outputDelay 12, output->numSlots 16
01-23 19:49:24.474 18102 20897 I CCodecBufferChannel: [mId: 19] [video-debug-dec] start: outputFormat: AMessage(what = 0x00000000) = {
01-23 19:49:24.474 18102 20897 I CCodecBufferChannel:   int32_t android._color-format = 2130708361
01-23 19:49:24.474 18102 20897 I CCodecBufferChannel:   int32_t android._video-scaling = 1
01-23 19:49:24.474 18102 20897 I CCodecBufferChannel:   int32_t sar-width = 1
01-23 19:49:24.474 18102 20897 I CCodecBufferChannel:   int32_t color-standard = 1
01-23 19:49:24.474 18102 20897 I CCodecBufferChannel:   int32_t color-range = 2
01-23 19:49:24.474 18102 20897 I CCodecBufferChannel:   int32_t color-transfer = 3
01-23 19:49:24.474 18102 20897 I CCodecBufferChannel:   int32_t android._dataspace = 260
01-23 19:49:24.474 18102 20897 I CCodecBufferChannel:   int32_t width = 720
01-23 19:49:24.474 18102 20897 I CCodecBufferChannel:   int32_t rotation-degrees = 0
01-23 19:49:24.474 18102 20897 I CCodecBufferChannel:   int32_t sar-height = 1
01-23 19:49:24.474 18102 20897 I CCodecBufferChannel:   int32_t max-width = 720
01-23 19:49:24.474 18102 20897 I CCodecBufferChannel:   int32_t max-height = 1280
01-23 19:49:24.474 18102 20897 I CCodecBufferChannel:   int32_t priority = 0
01-23 19:49:24.474 18102 20897 I CCodecBufferChannel:   string mime = "video/raw"
01-23 19:49:24.474 18102 20897 I CCodecBufferChannel:   Rect crop(0, 0, 318, 238)
01-23 19:49:24.474 18102 20897 I CCodecBufferChannel:   Buffer hdr-static-info = {
01-23 19:49:24.474 18102 20897 I CCodecBufferChannel:     00000000:  00 00 00 00 00 00 00 00  00 00 00 00 00 00 00 00  ................
01-23 19:49:24.474 18102 20897 I CCodecBufferChannel:     00000010:  00 00 00 00 00 00 00 00  00                       .........
01-23 19:49:24.474 18102 20897 I CCodecBufferChannel:   }
01-23 19:49:24.474 18102 20897 I CCodecBufferChannel:   int32_t frame-rate = 25
01-23 19:49:24.474 18102 20897 I CCodecBufferChannel:   int32_t height = 1280
01-23 19:49:24.474 18102 20897 I CCodecBufferChannel:   int32_t color-format = 2130708361
01-23 19:49:24.474 18102 20897 I CCodecBufferChannel: }
01-23 19:49:24.475 18102 20897 D Codec2-OutputBufferQueue: C2SurfaceSyncMemory created 20(20)
01-23 19:49:24.475 18102 20897 D Codec2-OutputBufferQueue: remote graphic buffer migration 0/0
01-23 19:49:24.475 18102 20897 D Codec2Client: setOutputSurface -- generation=18536456 consumer usage=0x900 sync
01-23 19:49:24.475  1004  1087 D C2BqBuffer: local generation change 18536456 , bqId: 77747497992201 migrated buffers # 0
01-23 19:49:24.476 18102 20897 D Codec2Client: Surface configure completed
01-23 19:49:24.476  1004  1087 D C2MtkComponentStore: setDmaBufUsage: usage 5, flags 0, heapName mtk_mm for decoder.
01-23 19:49:24.478  1044  1056 E libPowerHal: [getHintRscSize] hint_id 56 cannot be found in PowerScnTbl
01-23 19:49:24.479  1131  1131 I BufferQueueProducer: [FramebufferSurface](this:0xb40000729a44bf50,id:-1,api:1,p:1131,c:1131) queueBuffer: fps=0.09 dur=10992.19 max=10992.19 min=10992.19
01-23 19:49:24.479  1433  2020 W ResourceManagerServiceUtils: Ignoring request to add new resource entry with value <= 0
01-23 19:49:24.480 18102 20896 D MediaCodec: [0xb40000707adbbf70] setState: 6
01-23 19:49:24.480 18102 20896 I MediaCodec: [mId: 19] [video-debug-dec] setState: STARTED
01-23 19:49:24.480 18102 20896 D CCodecBufferChannel: The csd Sample queue
01-23 19:49:24.480 18102 20896 D CCodecBufferChannel: [c2.mtk.avc.decoder#725] send inputSlots num:4 to codec
01-23 19:49:24.481 18102 20884 D CCodecBufferChannel: mBufferCountDebug=0 mIsUserLoad=1
01-23 19:49:24.481 18102 20884 D MBrainDateManager: MBrainDataManager Constructor caller
01-23 19:49:24.481 18102 20884 D MBrainManager: mMBrainSupport 0, return NULL
01-23 19:49:24.481 18102 20884 D MBrainDateManager: mMBrainManager = nullptr
01-23 19:49:24.481 18102 20884 D CCodecBufferChannel: new MBrainDataManager() fail
01-23 19:49:24.481 18102 20884 D MBrainDateManager: MBrainDataManager Constructor clear
01-23 19:49:24.481 18102 20884 D MediaCodec: [0xb40000707ad50310] init: CCodec 0xb4000070ba748ae0, CCodecBufferChannel 0xb40000700aa00410
01-23 19:49:24.481 18102 20884 I MediaCodec: init video box disabled for codec not supported
01-23 19:49:24.482 18102 20919 D MediaCodec: [0xb40000707ad50310] setState: 1
01-23 19:49:24.482 18102 20919 I MediaCodec: [mId: 20] [audio-debug-dec] setState: INITIALIZING
01-23 19:49:24.482 18102 20919 D CCodec  : allocate(c2.android.aac.decoder)
01-23 19:49:24.482  1004 20905 D C2MtkComponent: [0xB4000070834189F0] Using output block pool with poolID 11445 => got 11445 - 0
01-23 19:49:24.482  1004 20905 D C2MtkComponent: processQueue: isCastScreen 0
01-23 19:49:24.482  1004 20905 D C2MtkVdec: [0xB4000070834189F0] process: mDecAlc C2MTK_ALLOCATOR_TYPE_UNSPECIFIED, mCcAlc C2MTK_ALLOCATOR_TYPE_UNSPECIFIED
01-23 19:49:24.482  1004 20905 D C2MtkVdec: [0xB4000070834189F0] Using DEC block pool => got 11445 - 0
01-23 19:49:24.482 18102 20896 I MiMediaCodec: send fps to display with mFpsFromPlayer:25.000000 state:1 id:19
01-23 19:49:24.483  1004 20905 D C2MtkBufferManager: [0xB400007123412AA0] C2MtkBufferManager: allocId 18, mIsFetchCcNeeded 0
01-23 19:49:24.483  1004 20905 D C2MtkVdecExt: [0xB400007123411210] setBufferManager: bufferManager 0xb400007123412aa0
01-23 19:49:24.483  1004 20905 D C2MtkBufferManager: [0xB400007123412AA0] setBufferFetchTimeout mThreadTimeout set to 1500
01-23 19:49:24.483  1004 20905 D C2MtkVdec: [0xB4000070834189F0] mBufferManager created.
01-23 19:49:24.483  1004 20905 D C2MtkVdec: [0xB4000070834189F0] Output buffer: usage 1, ccUsage 1, DefaultWidth 320, DefaultHeight 240, format 32315679, ccFormat 32315659, BufferCount 1
01-23 19:49:24.483  1004 20905 D C2MtkBufferManager: [0xB400007123412AA0] setCcBuffersParams Params: ((320,240) 0x32315659, total:1, type:1, mParamChanged:0)
01-23 19:49:24.483  1004 20905 D C2MtkBufferManager: [0xB400007123412AA0] mFetchLock by cancelAllBuffers
01-23 19:49:24.483  1004 20905 D C2MtkBufferManager: [0xB400007123412AA0]   mBufferLock by cancelAllBuffers
01-23 19:49:24.483  1004 20905 D C2MtkBufferManager: [0xB400007123412AA0] cancelAllBuffers, Free all Buffers Done!
01-23 19:49:24.483  1004 20905 D C2MtkBufferManager: [0xB400007123412AA0] setBuffersParams Params: ((320,240) 0x32315679, total:1, type:1, mParamChanged:0)
01-23 19:49:24.483  1004 20905 D C2MtkVdec: [0xB4000070834189F0] current operating rate = 25, setting 0
01-23 19:49:24.483  1004 20905 D C2MtkVdec: [0xB4000070834189F0] mSawInputCSD was set.
01-23 19:49:24.483  1131  1321 D MI-SF   : updateVideoDecoderInfo state:1 intfps:25  floatfps:0.000000 fromplayer:1 tid:31115
01-23 19:49:24.483  1131  1321 D MI-SF   : updateVideoDecoderInfo clear video fps
01-23 19:49:24.483  1131  1321 D MI-SF   : updateVideoDecoderInfo empty, add the first new video fps
01-23 19:49:24.483  1131  1321 D MI-SF   : updateVideoDecoderInfo find same tid, update new video fps
01-23 19:49:24.483  1131  1321 D MI-SF   : after updateVideoDecoderInfo fps= 25,  tid = 31115
01-23 19:49:24.483  1131  1321 D MI-SF   : videoDecoderInfo->state = 1
01-23 19:49:24.483  1131  1321 D MI-SF   : VideoHighFpsFlag 0,mVideoFrameRate 25,50
01-23 19:49:24.483 18102 20919 I CCodec  : setting up 'default' as default (vendor) store
01-23 19:49:24.484 18102 20896 D CCodecBufferChannel: The csd Sample queue
01-23 19:49:24.484  1004 20920 D C2MtkBufferManager: C2MtkBMFetchThread Start
01-23 19:49:24.485  1468  9322 D BufferPoolAccessor2.0: bufferpool2 0xb400006f11db61e8 : 0(0 size) total buffers - 0(0 size) used buffers - 0/0 (recycle/alloc) - 0/0 (fetch/transfer)
01-23 19:49:24.486  1004 20905 D C2MtkVdec: [0xB4000070834189F0] mSawInputCSD was set.
01-23 19:49:24.486 18102 20919 I CCodec  : Created component [c2.android.aac.decoder]
01-23 19:49:24.486 18102 20919 D CCodecBufferChannel: [0xb40000700aa00410] setComponent: mName c2.android.aac.decoder#370, mPipelineWatcher 0xb40000700aa00900
01-23 19:49:24.486 18102 20919 D CCodecBufferChannel: PipelineWatcher debug info [c2.android.aac.decoder#370] enable=0
01-23 19:49:24.486  1004 20899 D C2MtkVdec: [0xB40000708341C6E0] FormatChange: width 768, height 1280, mColorFormat 0x7f000010, crop(Width 720, Height 1280, Left 0, Top 0, BufferCount 6 -> 10)
01-23 19:49:24.486  1004 20899 D C2MtkVdec: [0xB40000708341C6E0] updateInputDelay: input delay was updated to 4
01-23 19:49:24.486 18102 20919 D CCodecConfig: read media type: audio/mp4a-latm
01-23 19:49:24.486  1004 20899 D C2MtkVdec: CropSetter: old 319,239 : new 720,1280
01-23 19:49:24.486  1004 20899 D C2MtkVdec: [0xB40000708341C6E0] FormatChange: output delay was updated to 10
01-23 19:49:24.487  1004 20899 D C2MtkVdec: [0xB40000708341C6E0] NotifyEvent: getAlwaysColorConvertChecker_l: 1, isAlwaysCc: 0, isFirstAlwaysCcCheck: 1
01-23 19:49:24.487  1004 20899 I DMABUFHEAPS: Using DMA-BUF heap named: mtk_mm
01-23 19:49:24.487  1004 20899 D C2MtkVdecExt: [0xB4000070D347E628] allocBuffer: buffer 0x0xb4000070e34673a8, size 4096, alloc 1, free 0
01-23 19:49:24.487  1004 20899 D C2MtkVdecExt: [0xB4000070D347D818] allocBuffer: buffer 0x0xb400007043425a28, size 0, alloc 1, free 0
01-23 19:49:24.487 18102 20887 I MediaCodec: [mId: 19] [video-debug-dec] queueInputBuffer: index: 2 pts: 1000000000000 timediff: 0
01-23 19:49:24.487  1004 20899 D C2MtkBufferManager: [0xB40000712341D690] setCcBuffersParams Params: ((720,1280) 0x32315659, total:10, type:1, mParamChanged:0)
01-23 19:49:24.487  1004 20899 D C2MtkBufferManager: [0xB40000712341D690] mFetchLock by cancelAllBuffers
01-23 19:49:24.487  1004 20899 D C2MtkBufferManager: [0xB40000712341D690]   mBufferLock by cancelAllBuffers
01-23 19:49:24.488 18102 20895 D CCodecConfig: c2 config diff is   c2::u32 input.delay.value = 4
01-23 19:49:24.488  1004 20899 D C2MtkBufferManager: [0xB40000712341D690] cancelAllBuffers, Free all Buffers Done!
01-23 19:49:24.489  1004 20899 D C2MtkBufferManager: [0xB40000712341D690] setBuffersParams Params: ((720,1280) 0x7f000010, total:10, type:1, mParamChanged:0)
01-23 19:49:24.489  1433  2020 D ResourceTracker: addResource(pid 18102, uid 10302 clientId -5476376668354032672, resources battery/hw-video-codec:[]:1 )
01-23 19:49:24.489 18102 20887 I MediaCodec: [mId: 19] [video-debug-dec] queueInputBuffer: index: 3 pts: 1000000160000 timediff: 2
01-23 19:49:24.490 18102 20895 D CCodecConfig: c2 config diff is   c2::u32 output.delay.value = 10
01-23 19:49:24.491 18102 20887 D MediaCodec: CreateByComponentName: name c2.android.aac.decoder
01-23 19:49:24.491 18102 20895 D Codec2-OutputBufferQueue: set max dequeue count 19 from update
01-23 19:49:24.492 18102 20919 D ReflectedParamUpdater: extent() != 1 for single value type: algo.buffers.max-count.values
01-23 19:49:24.492 18102 20887 D CCodecBufferChannel: mBufferCountDebug=0 mIsUserLoad=1
01-23 19:49:24.492 18102 20887 D MBrainDateManager: MBrainDataManager Constructor caller
01-23 19:49:24.492 18102 20887 D MBrainManager: mMBrainSupport 0, return NULL
01-23 19:49:24.493 18102 20887 D MBrainDateManager: mMBrainManager = nullptr
01-23 19:49:24.493 18102 20887 D CCodecBufferChannel: new MBrainDataManager() fail
01-23 19:49:24.493 18102 20887 D MBrainDateManager: MBrainDataManager Constructor clear
01-23 19:49:24.493 18102 20887 D MediaCodec: [0xb40000707ada1e40] init: CCodec 0xb4000070ba710500, CCodecBufferChannel 0xb40000700ae5df70
01-23 19:49:24.493 18102 20887 I MediaCodec: init video box disabled for codec not supported
01-23 19:49:24.494 18102 20919 D ReflectedParamUpdater: extent() != 1 for single value type: output.subscribed-indices.values
01-23 19:49:24.494 18102 20919 D ReflectedParamUpdater: extent() != 1 for single value type: input.buffers.allocator-ids.values
01-23 19:49:24.494 18102 20919 D ReflectedParamUpdater: extent() != 1 for single value type: output.buffers.allocator-ids.values
01-23 19:49:24.494 18102 20919 D ReflectedParamUpdater: extent() != 1 for single value type: algo.buffers.allocator-ids.values
01-23 19:49:24.494 18102 20919 D ReflectedParamUpdater: extent() != 1 for single value type: output.buffers.pool-ids.values
01-23 19:49:24.494 18102 20919 D ReflectedParamUpdater: extent() != 1 for single value type: algo.buffers.pool-ids.values
01-23 19:49:24.495 18102 20922 D MediaCodec: [0xb40000707ada1e40] setState: 1
01-23 19:49:24.495 18102 20922 I MediaCodec: [mId: 21] [audio-debug-dec] setState: INITIALIZING
01-23 19:49:24.495 18102 20922 D CCodec  : allocate(c2.android.aac.decoder)
01-23 19:49:24.497 18102 20922 I CCodec  : setting up 'default' as default (vendor) store
01-23 19:49:24.500 18102 20922 I CCodec  : Created component [c2.android.aac.decoder]
01-23 19:49:24.500 18102 20922 D CCodecBufferChannel: [0xb40000700ae5df70] setComponent: mName c2.android.aac.decoder#222, mPipelineWatcher 0xb40000700ae5e460
01-23 19:49:24.500 18102 20922 D CCodecBufferChannel: PipelineWatcher debug info [c2.android.aac.decoder#222] enable=0
01-23 19:49:24.501 18102 20919 I CCodecConfig: query failed after returning 21 values (BAD_INDEX)
01-23 19:49:24.501 18102 20919 D CCodecConfig: c2 config diff is Dict {
01-23 19:49:24.501 18102 20919 D CCodecConfig:   c2::u32 coded.aac-packaging.value = 0
01-23 19:49:24.501 18102 20919 D CCodecConfig:   c2::u32 coded.bitrate.value = 64000
01-23 19:49:24.501 18102 20919 D CCodecConfig:   c2::u32 coded.pl.level = 0
01-23 19:49:24.501 18102 20919 D CCodecConfig:   c2::u32 coded.pl.profile = 8192
01-23 19:49:24.501 18102 20919 D CCodecConfig:   c2::i32 coding.drc.album-mode.value = 0
01-23 19:49:24.501 18102 20919 D CCodecConfig:   c2::float coding.drc.attenuation-factor.value = 1
01-23 19:49:24.501 18102 20919 D CCodecConfig:   c2::float coding.drc.boost-factor.value = 1
01-23 19:49:24.501 18102 20919 D CCodecConfig:   c2::i32 coding.drc.compression-mode.value = 3
01-23 19:49:24.501 18102 20919 D CCodecConfig:   c2::i32 coding.drc.effect-type.value = 3
01-23 19:49:24.501 18102 20919 D CCodecConfig:   c2::float coding.drc.encoded-level.value = 0.25
01-23 19:49:24.501 18102 20919 D CCodecConfig:   c2::float coding.drc.reference-level.value = -16
01-23 19:49:24.501 18102 20919 D CCodecConfig:   c2::u32 input.buffers.max-size.value = 8192
01-23 19:49:24.501 18102 20919 D CCodecConfig:   c2::u32 input.delay.value = 0
01-23 19:49:24.501 18102 20919 D CCodecConfig:   string input.media-type.value = "audio/mp4a-latm"
01-23 19:49:24.501 18102 20919 D CCodecConfig:   c2::u32 output.delay.value = 2
01-23 19:49:24.501 18102 20919 D CCodecConfig:   c2::float output.drc.output-loudness.value = 0.25
01-23 19:49:24.501 18102 20919 D CCodecConfig:   c2::u32 output.large-frame.max-size = 0
01-23 19:49:24.501 18102 20919 D CCodecConfig:   c2::u32 output.large-frame.threshold-size = 0
01-23 19:49:24.501 18102 20919 D CCodecConfig:   string output.media-type.value = "audio/raw"
01-23 19:49:24.501 18102 20919 D CCodecConfig:   c2::u32 raw.channel-count.value = 1
01-23 19:49:24.501 18102 20919 D CCodecConfig:   c2::u32 raw.channel-mask.value = 0
01-23 19:49:24.501 18102 20919 D CCodecConfig:   c2::u32 raw.max-channel-count.value = 8
01-23 19:49:24.501 18102 20919 D CCodecConfig:   c2::u32 raw.sample-rate.value = 44100
01-23 19:49:24.501 18102 20919 D CCodecConfig: }
01-23 19:49:24.501 18102 20919 D MediaCodec: [0xb40000707ad50310] setState: 2
01-23 19:49:24.501 18102 20919 I MediaCodec: [mId: 20] [audio-debug-dec] setState: INITIALIZED
01-23 19:49:24.502  1433  2020 D ResourceTracker: addResource(pid 18102, uid 10302 clientId -5476376668354064208, resources non-secure-codec/sw-audio-codec:[]:1 )
01-23 19:49:24.503 18102 20884 D MediaCodec: [0xb40000707ad50310] [c2.android.aac.decoder] configure
01-23 19:49:24.503 18102 20884 I MediaCodec: [mId: 20] [audio-debug-dec] configure: ClientName: com.instagram.android ComponentName: c2.android.aac.decoder
01-23 19:49:24.503  1004 20898 D C2MtkVdec: [0xB4000070834189F0] FormatChange: width 768, height 1280, mColorFormat 0x7f000010, crop(Width 720, Height 1280, Left 0, Top 0, BufferCount 6 -> 10)
01-23 19:49:24.503 18102 20884 I MediaCodec: [mId: 20] [audio-debug-dec] configure: ClientFormat: AMessage(what = 0x00000000) = {
01-23 19:49:24.503 18102 20884 I MediaCodec:   int32_t sample-rate = 44100
01-23 19:49:24.503 18102 20884 I MediaCodec:   string mime = "audio/mp4a-latm"
01-23 19:49:24.503 18102 20884 I MediaCodec:   int32_t channel-count = 2
01-23 19:49:24.503 18102 20884 I MediaCodec:   int32_t aac-drc-effect-type = 3
01-23 19:49:24.503 18102 20884 I MediaCodec:   int32_t priority = 0
01-23 19:49:24.503 18102 20884 I MediaCodec:   int32_t max-output-channel-count = 99
01-23 19:49:24.503 18102 20884 I MediaCodec:   int32_t aac-target-ref-level = 56
01-23 19:49:24.503 18102 20884 I MediaCodec:   Buffer *csd-0 = 0xb40000701aac4c70
01-23 19:49:24.503 18102 20884 I MediaCodec: }
01-23 19:49:24.503 18102 20884 I MediaCodec: configure : init video box disabled
01-23 19:49:24.503  1004 20898 D C2MtkVdec: [0xB4000070834189F0] updateInputDelay: input delay was updated to 4
01-23 19:49:24.503 18102 20919 D MediaCodec: [0xb40000707ad50310] setState: 3
01-23 19:49:24.503 18102 20919 I MediaCodec: [mId: 20] [audio-debug-dec] setState: CONFIGURING
01-23 19:49:24.503 18102 20919 D CCodec  : [c2.android.aac.decoder] buffers are bound to CCodec for this session
01-23 19:49:24.504 18102 20919 D CCodecConfig: no c2 equivalents for flags
01-23 19:49:24.504  1004 20898 D C2MtkVdec: CropSetter: old 319,239 : new 720,1280
01-23 19:49:24.504  1004 20898 D C2MtkVdec: [0xB4000070834189F0] FormatChange: output delay was updated to 10
01-23 19:49:24.504  1004 20899 D C2MtkVdec: [0xB40000708341C6E0] CSD work returned: workId 1, mFrameIndex 0
01-23 19:49:24.504  1004 20898 D C2MtkVdec: [0xB4000070834189F0] NotifyEvent: getAlwaysColorConvertChecker_l: 1, isAlwaysCc: 0, isFirstAlwaysCcCheck: 1
01-23 19:49:24.504  1004 20898 I DMABUFHEAPS: Using DMA-BUF heap named: mtk_mm
01-23 19:49:24.504  1004 20898 D C2MtkVdecExt: [0xB4000070D34A6888] allocBuffer: buffer 0x0xb4000070e3445de8, size 4096, alloc 1, free 0
01-23 19:49:24.504  1004 20898 D C2MtkVdecExt: [0xB4000070D343AD08] allocBuffer: buffer 0x0xb400007043426ce8, size 0, alloc 1, free 0
01-23 19:49:24.504 18102 20919 D CCodecConfig: c2 config diff is   c2::float coding.drc.reference-level.value = -14
01-23 19:49:24.504 18102 20919 D CCodecConfig:   c2::u32 raw.channel-count.value = 2
01-23 19:49:24.504  1004 20898 D C2MtkBufferManager: [0xB400007123412AA0] setCcBuffersParams Params: ((720,1280) 0x32315659, total:10, type:1, mParamChanged:0)
01-23 19:49:24.504  1004 20898 D C2MtkBufferManager: [0xB400007123412AA0] mFetchLock by cancelAllBuffers
01-23 19:49:24.504  1004 20898 D C2MtkBufferManager: [0xB400007123412AA0]   mBufferLock by cancelAllBuffers
01-23 19:49:24.505 18102 20919 W Codec2Client: query -- param skipped: index = 1107298332.
01-23 19:49:24.505  1004 20899 I DMABUFHEAPS: Using DMA-BUF heap named: mtk_mm
01-23 19:49:24.505 18102 20919 D CCodec  : encoding statistics level = 0
01-23 19:49:24.505 18102 18312 D CCodecBufferChannel: [c2.mtk.avc.decoder#60] Ignoring stale input buffer done callback: last flush index = 0, frameIndex = 0
01-23 19:49:24.505  1004 20899 D C2MtkVdecExt: [0xB4000070D347E628] allocBuffer: buffer 0x0xb4000070e344f728, size 4096, alloc 2, free 0
01-23 19:49:24.505  1004 20898 D C2MtkBufferManager: [0xB400007123412AA0] cancelAllBuffers, Free all Buffers Done!
01-23 19:49:24.505 18102 20897 D CCodecConfig: c2 config diff is   c2::u32 input.delay.value = 4
01-23 19:49:24.505  1004 20899 D C2MtkVdecExt: [0xB4000070D347D818] allocBuffer: buffer 0x0xb400007043427328, size 0, alloc 2, free 0
01-23 19:49:24.505 18102 20919 D CCodec  : setup formats input: AMessage(what = 0x00000000) = {
01-23 19:49:24.505 18102 20919 D CCodec  :   int32_t aac-drc-album-mode = 0
01-23 19:49:24.505 18102 20919 D CCodec  :   int32_t aac-drc-boost-level = 127
01-23 19:49:24.505 18102 20919 D CCodec  :   int32_t aac-drc-cut-level = 127
01-23 19:49:24.505 18102 20919 D CCodec  :   int32_t aac-drc-effect-type = 3
01-23 19:49:24.505 18102 20919 D CCodec  :   int32_t aac-encoded-target-level = -1
01-23 19:49:24.505 18102 20919 D CCodec  :   int32_t aac-max-output-channel_count = 8
01-23 19:49:24.505 18102 20919 D CCodec  :   int32_t aac-target-ref-level = 56
01-23 19:49:24.505 18102 20919 D CCodec  :   int32_t bitrate = 64000
01-23 19:49:24.505 18102 20919 D CCodec  :   int32_t channel-count = 2
01-23 19:49:24.505 18102 20919 D CCodec  :   int32_t channel-mask = 0
01-23 19:49:24.505 18102 20919 D CCodec  :   int32_t level = 0
01-23 19:49:24.505 18102 20919 D CCodec  :   int32_t max-input-size = 8192
01-23 19:49:24.505 18102 20919 D CCodec  :   int32_t max-output-channel-count = 8
01-23 19:49:24.505 18102 20919 D CCodec  :   string mime = "audio/mp4a-latm"
01-23 19:49:24.505 18102 20919 D CCodec  :   int32_t profile = 2
01-23 19:49:24.505 18102 20919 D CCodec  :   int32_t sample-rate = 44100
01-23 19:49:24.505 18102 20919 D CCodec  : }
01-23 19:49:24.505  1004 20898 D C2MtkBufferManager: [0xB400007123412AA0] setBuffersParams Params: ((720,1280) 0x7f000010, total:10, type:1, mParamChanged:0)
01-23 19:49:24.505 18102 20919 D CCodec  : setup formats output: AMessage(what = 0x00000000) = {
01-23 19:49:24.505 18102 20919 D CCodec  :   int32_t aac-drc-album-mode = 0
01-23 19:49:24.505 18102 20919 D CCodec  :   int32_t aac-drc-boost-level = 127
01-23 19:49:24.505 18102 20919 D CCodec  :   int32_t aac-drc-cut-level = 127
01-23 19:49:24.505 18102 20919 D CCodec  :   int32_t aac-drc-effect-type = 3
01-23 19:49:24.505 18102 20919 D CCodec  :   int32_t aac-drc-output-loudness = -1
01-23 19:49:24.505 18102 20919 D CCodec  :   int32_t aac-encoded-target-level = -1
01-23 19:49:24.505 18102 20919 D CCodec  :   int32_t aac-max-output-channel_count = 8
01-23 19:49:24.505 18102 20919 D CCodec  :   int32_t aac-target-ref-level = 56
01-23 19:49:24.505 18102 20919 D CCodec  :   int32_t buffer-batch-max-output-size = 0
01-23 19:49:24.505 18102 20919 D CCodec  :   int32_t buffer-batch-threshold-output-size = 0
01-23 19:49:24.505 18102 20919 D CCodec  :   int32_t channel-count = 2
01-23 19:49:24.505 18102 20919 D CCodec  :   int32_t channel-mask = 0
01-23 19:49:24.505 18102 20919 D CCodec  :   int32_t max-output-channel-count = 8
01-23 19:49:24.505 18102 20919 D CCodec  :   string mime = "audio/raw"
01-23 19:49:24.505 18102 20919 D CCodec  :   int32_t sample-rate = 44100
01-23 19:49:24.505 18102 20919 D CCodec  :   int32_t android._config-pcm-encoding = 2
01-23 19:49:24.505 18102 20919 D CCodec  : }
01-23 19:49:24.505 18102 20919 I CCodecConfig: query failed after returning 21 values (BAD_INDEX)
01-23 19:49:24.505 18102 20919 D MediaCodec: [0xb40000707ad50310] setState: 4
01-23 19:49:24.505 18102 20919 I MediaCodec: [mId: 20] [audio-debug-dec] setState: CONFIGURED
01-23 19:49:24.506 18102 20919 D MediaCodec: [0xb40000707ad50310] setState: 5
01-23 19:49:24.506 18102 20919 I MediaCodec: [mId: 20] [audio-debug-dec] setState: STARTING
01-23 19:49:24.506 18102 20919 W Codec2Client: query -- param skipped: index = 1342179345.
01-23 19:49:24.506 18102 20919 W Codec2Client: query -- param skipped: index = 2415921170.
01-23 19:49:24.506 18102 20919 W Codec2Client: query -- param skipped: index = 1610614798.
01-23 19:49:24.507  1004 20899 D C2MtkVdec: [0xB40000708341C6E0] CSD work returned: workId 2, mFrameIndex 1
01-23 19:49:24.507 18102 20919 D CCodecBufferChannel: [c2.android.aac.decoder#370] Created input block pool with allocatorID 16 => poolID 35 - OK (0)
01-23 19:49:24.507 18102 20919 I CCodecBufferChannel: [mId: 20] [audio-debug-dec] start: inputFormat: AMessage(what = 0x00000000) = {
01-23 19:49:24.507 18102 20919 I CCodecBufferChannel:   int32_t aac-drc-album-mode = 0
01-23 19:49:24.507 18102 20919 I CCodecBufferChannel:   int32_t aac-drc-boost-level = 127
01-23 19:49:24.507 18102 20919 I CCodecBufferChannel:   int32_t aac-drc-cut-level = 127
01-23 19:49:24.507 18102 20919 I CCodecBufferChannel:   int32_t aac-drc-effect-type = 3
01-23 19:49:24.507 18102 20919 I CCodecBufferChannel:   int32_t aac-encoded-target-level = -1
01-23 19:49:24.507 18102 20919 I CCodecBufferChannel:   int32_t aac-max-output-channel_count = 8
01-23 19:49:24.507 18102 20919 I CCodecBufferChannel:   int32_t aac-target-ref-level = 56
01-23 19:49:24.507 18102 20919 I CCodecBufferChannel:   int32_t bitrate = 64000
01-23 19:49:24.507 18102 20919 I CCodecBufferChannel:   int32_t channel-count = 2
01-23 19:49:24.507 18102 20919 I CCodecBufferChannel:   int32_t channel-mask = 0
01-23 19:49:24.507 18102 20919 I CCodecBufferChannel:   int32_t level = 0
01-23 19:49:24.507 18102 20919 I CCodecBufferChannel:   int32_t max-input-size = 8192
01-23 19:49:24.507 18102 20919 I CCodecBufferChannel:   int32_t max-output-channel-count = 8
01-23 19:49:24.507 18102 20919 I CCodecBufferChannel:   string mime = "audio/mp4a-latm"
01-23 19:49:24.507 18102 20919 I CCodecBufferChannel:   int32_t profile = 2
01-23 19:49:24.507 18102 20919 I CCodecBufferChannel:   int32_t sample-rate = 44100
01-23 19:49:24.507 18102 20919 I CCodecBufferChannel: }
01-23 19:49:24.507  1004  1087 D C2MtkComponentStore: setDmaBufUsage: usage 5, flags 0, heapName mtk_mm for decoder.
01-23 19:49:24.508 18102 20922 D CCodecConfig: read media type: audio/mp4a-latm
01-23 19:49:24.508  1004 20899 I DMABUFHEAPS: Using DMA-BUF heap named: mtk_mm
