01-23 19:21:48.944  1258  1258 I mtkpower_client: perf_lock_acq, hdl:0, dur:50, num:14, pid:1258, tid:1258
01-23 19:21:48.944  1258  1258 I mtkpower_client: IMtkPowerService_isDeclared 1
01-23 19:21:48.945  1832  2180 I MIUIInput: [MotionEvent] publisher action=0x0, deviceId=6, 703942305, channel 'cdd7043 InputMethod (server)'
01-23 19:21:48.945  1044  1093 I libPowerHal: [perfLockAcq] idx:9 hdl:854565 hint:25 pid:1044 tid:1044 duration:10000 lock_user:vendor.mediatek => ret_hdl:854565
01-23 19:21:48.945  1832  2180 I MIUIInput: [MotionEvent] publisher action=0x0, deviceId=6, 703942305, channel '[Gesture Monitor] onehanded-touch (server)'
01-23 19:21:48.945  1258  1258 I mtkpower_client: ret_hdl:854566
01-23 19:21:48.945 24346 24346 I SidebarCoverView: onTouch : 4
01-23 19:21:48.945  1832  2180 I MIUIInput: [MotionEvent] publisher action=0x0, deviceId=6, 703942305, channel '[Gesture Monitor] miui-gesture (server)'
01-23 19:21:48.945  1044  1093 I libPowerHal: [perfLockAcq] idx:12 hdl:854566 hint:-1 pid:1258 tid:1258 duration:50 lock_user:touch_boost => ret_hdl:854566
01-23 19:21:48.945  1044  1093 I libPowerHal: [setClusterFreq] touch_boost set cpufreq[0] min:1100000 max:-1 cpufreq[1] min:1400000 max:-1 cpufreq[2] min:400000 max:-1 
01-23 19:21:48.946  1044  1093 I libPowerHal: [setClusterFreq]  set cpu_ctrl cpufreq: 1100000 -1 1400000 -1 -1 -1 
01-23 19:21:48.946  1044  1093 I libPowerHal: [PE] touch_boost update cmd:1404100, param:1
01-23 19:21:48.946  1044  1093 I libPowerHal: [PE] touch_boost update cmd:1404300, param:1
01-23 19:21:48.946  4267  4267 I MIUIInput: [MotionEvent] ViewRootImpl windowName 'InputMethod', { action=ACTION_DOWN, id[0]=0, pointerCount=1, eventTime=703942305, downTime=703942305, phoneEventTime=19:21:48.944 } moveCount:0
01-23 19:21:48.947  1832  5246 I HapticFeedbackUtil: 7,2,true
01-23 19:21:48.947  1832  5246 D VibratorManagerService: Starting vibrate for vibration 57279
01-23 19:21:48.947  1832  5246 D system_server: xlog_init
01-23 19:21:48.947  1832  5246 D system_server:  _xog_get_handle 
01-23 19:21:48.948  1832  5246 D system_server: get xlog handle
01-23 19:21:48.948  1832  5246 V xlog_client: xlog_check_permission event name waveform_info level 0
01-23 19:21:48.948  1832  5246 D system_server:  xlog_deinit 
01-23 19:21:48.948  1832  5246 D MiuiXlog: eventName = waveform_info level = 0 result = false
01-23 19:21:48.948  1832  5246 D VibratorManagerServiceImpl: attrs = VibrationAttributes{mUsage=TOUCH, mAudioUsage= USAGE_UNKNOWN, mCategory=UNKNOWN, mFlags=0}, attrs.usage = 18
01-23 19:21:48.948  1832  5246 E VibratorManagerServiceImpl: vibrationThreadSetParameters
01-23 19:21:48.948  1090  1119 D vendor.hardware.vibratorfeature: configStrengthForEffect id : 7 , strength: 1.000000
01-23 19:21:48.949  1090  1119 D vendor.hardware.vibratorfeature: Vibrator perform effect 7
01-23 19:21:48.949  1090  1119 D vendor.hardware.vibratorfeature: uses mCurrMagnitudeExt 1.410000
01-23 19:21:48.949  1090  1119 D vendor.hardware.vibratorfeature: getAmplitudeFromEffectStrength 1.000000
01-23 19:21:48.949  1090  1119 D vendor.hardware.vibratorfeature: return from driver is 20
01-23 19:21:48.949  1090  1119 D vendor.hardware.vibratorfeature: playLengthMs is 70
01-23 19:21:48.950  1090 26587 D vendor.hardware.vibratorfeature: Starting perform on another thread
01-23 19:21:48.951  1044  1093 I libPowerHal: [PE] touch_boost update cmd:1408100, param:1
01-23 19:21:48.952  1044  1093 I libPowerHal: [PE] touch_boost update cmd:1408300, param:1
01-23 19:21:48.968  1009  1388 E HfLooper: sensor imu_hand_detect in hal data=4000,974,9000,9000,10161,40104
01-23 19:21:48.994  1258  1258 I touch_boost: enable=0, boost_up=0, boost_down=1, render_deboost=0, active_time=100, duration=50, idleprefer(TA,FG)=(1,1), util(TA,FG)=(1,1), freq(c0,c1,c2)=(1100000,1400000,400000)
01-23 19:21:48.994  1258  1258 I mtkpower_client: perf_lock_rel, hdl:854566, tid:1258
01-23 19:21:48.994  1258  1258 I mtkpower_client: IMtkPowerService_isDeclared 1
01-23 19:21:48.994  1044  1093 I libPowerHal: [perfLockRel] hdl:854566, idx:12
01-23 19:21:48.994  1044  1093 I libPowerHal: [setClusterFreq]  set cpu_ctrl cpufreq: -1 -1 -1 -1 -1 -1 
01-23 19:21:48.995  1044  1093 I libPowerHal: [PD] touch_boost update cmd:1404100 param:0
01-23 19:21:48.995  1044  1093 I libPowerHal: [PD] touch_boost update cmd:1404300 param:0
01-23 19:21:48.995  1044  1093 I libPowerHal: [PD] touch_boost update cmd:1408100 param:0
01-23 19:21:48.998  1044  1093 I libPowerHal: [PD] touch_boost update cmd:1408300 param:0
01-23 19:21:49.001  1832  2181 I MIUIInput: [MotionEvent] notifyMotion - eventTime=703942362158000, deviceId=6, source=0x1002, policyFlags=0x0, action=0x1, flags=0x0, downTime=703942305312000
01-23 19:21:49.002  1832  2180 I MIUIInput: [MotionEvent] publisher action=0x1, deviceId=6, 703942362, channel '[Gesture Monitor] onehanded-touch (server)'
01-23 19:21:49.002  1044  1093 I libPowerHal: [perfLockRel] hdl:854565, idx:9
01-23 19:21:49.002  1832  2180 I MIUIInput: [MotionEvent] publisher action=0x1, deviceId=6, 703942362, channel '[Gesture Monitor] miui-gesture (server)'
01-23 19:21:49.002  1832  2180 I MIUIInput: [MotionEvent] publisher action=0x1, deviceId=6, 703942362, channel 'cdd7043 InputMethod (server)'
01-23 19:21:49.005  4267  4267 I MIUIInput: [MotionEvent] ViewRootImpl windowName 'InputMethod', { action=ACTION_UP, id[0]=0, pointerCount=1, eventTime=703942362, downTime=703942305, phoneEventTime=19:21:49.001 } moveCount:4
01-23 19:21:49.009  4267  4267 W TooltipLifecycleManager: TooltipLifecycleManager.dismissTooltips():153 Tooltip with id SUGGESTION_VIEW_EDU_MINI_DIALOG not found in tooltipManager.
01-23 19:21:49.010  1000  1654 I hwcomposer: [HWC] (0)fire a callback of refresh to SF[4]  
01-23 19:21:49.020  1090 26587 D vendor.hardware.vibratorfeature: Notifying perform complete
01-23 19:21:49.020  1832  5246 D VibratorManagerService: Vibration 57279 on vibrator 0 complete, notifying thread
01-23 19:21:49.021  1090  1119 D vendor.hardware.vibratorfeature: QTI Vibrator off
01-23 19:21:49.021  1090  1119 D DynamicEffectThread: pause
01-23 19:21:49.021  1090  1119 D DynamicEffectDevice: FFDevice pause
01-23 19:21:49.021  1832  2104 D VibratorManagerService: Vibration 57279 finished with EndInfo{status=FINISHED, endedBy=null}
01-23 19:21:49.021  1832  2104 D VibratorManagerService: Reporting vibration 57279 finished with EndInfo{status=FINISHED, endedBy=null}
01-23 19:21:49.021  1832  2104 D VibratorManagerService: Vibration for uid=1000 and with attrs=VibrationAttributes{mUsage=TOUCH, mAudioUsage= USAGE_UNKNOWN, mCategory=UNKNOWN, mFlags=0} ended with status FINISHED
01-23 19:21:49.022  1832  2104 D VibratorManagerService: VibrationThread released after finished vibration
01-23 19:21:49.022  1832  2104 D VibratorManagerService: Processing VibrationThread released callback
01-23 19:21:49.023  1832  2311 I SmartPower: com.android.externalstorage/10094(19759): background->idle(3000ms) R(content provider start ContentProviderRecord{19ab160 u0 com.android.externalstorage/.ExternalStorageProvider}) adj=0.
01-23 19:21:49.035  1000  1640 I android.hardware.graphics.composer@3.2-service: Sensor: notify citsensorservice to trigger cwb
01-23 19:21:49.035  1593  2197 I libsensor-frameBufferManager: request dump start
01-23 19:21:49.035  1593  2197 D libcomposer_ext: ClientImplAidl::getDispDump(), dpy 1, dst (160, 120), dump_point 1, release_fence -1
01-23 19:21:49.036 16048 20677 E om.whatsapp.w4b: hiddenapi: Accessing hidden method Landroid/app/MiuiNotification;-><init>()V (runtime_flags=0, domain=platform, api=blocked) from LX/9qd; (domain=app, TargetSdkVersion=35) using reflection: denied
01-23 19:21:49.037  1000  1024 D libcomposer_ext: DeviceImplAidl::syncPerform(14), client_handle: 1
01-23 19:21:49.037  1000  1024 D libcomposer_ext: DeviceImplAidl::DeviceClientContextAidl::ParseGetDispDump()
01-23 19:21:49.037  1000  1024 D libcomposer_ext: DeviceImplAidl::ParseGetDispDump(), dpy 1, dst (160, 120), dump_point 1
01-23 19:21:49.037  1000  1024 I hwcomposer: [HWC] getDispDump(), dpy 1, (822,7,982,127), (160, 120), (1, 2), (-1), (-1), (0xb400007e2a4e0830)  
01-23 19:21:49.037  1000  1024 I hwcomposer: [DRMDEV] isSupportWbParams(), id_crtc 103, id_connector 34, dump_point 1, src(160, 120), dst(160, 120), config 2  
01-23 19:21:49.037  1000  1024 E hwcomposer: [DRMDEV] isSupportWbParams(), disp(1220, 2712)  
01-23 19:21:49.038  1000  1024 I hwcomposer: [DISP_DUMP] setDumpBuf(), dpy(0), src(822, 7, 982, 127), dst(160, 120), (1, 2), -1, (-1), (0xb400007e2a4e0830)  
01-23 19:21:49.039  4267  4267 I KeyboardModeUtils: KeyboardModeUtils.getKeyboardBottomOffset():435 inch: 0.000000 ydpi: 445.614014 adjustKeyboardBottomByDisplaySize: false currentDensityDpi: 480 defaultDensityDpi: 480 keyboardBottomToScreenPx: 0 keyboardBottomToNavBarPx: 0 navBarHeight: 0
01-23 19:21:49.039  1000  1024 I hwcomposer: [HWC] (0)fire a callback of refresh to SF[9]  
01-23 19:21:49.039  4267  4267 I BaseKeyboardSizeHelper: BaseKeyboardSizeHelper.calculateMaxKeyboardBodyHeight():73 leave 321 height for app when ime window height:2610, header height:132 and isFullscreenMode:false, so the max keyboard body height is:2157
01-23 19:21:49.040  4267  4267 I BaseKeyboardSizeHelper: BaseKeyboardSizeHelper.calculateMaxKeyboardBodyHeight():73 leave 321 height for app when ime window height:2610, header height:132 and isFullscreenMode:false, so the max keyboard body height is:2157
01-23 19:21:49.044  1000  1024 D libcomposer_ext: DeviceImplAidl::DeviceClientContextAidl::NotifyDispDumpReady()
01-23 19:21:49.045  1593  1593 D libcomposer_ext: ClientCallbackAidl::asyncPerform(15)
01-23 19:21:49.045  1593  1593 D libcomposer_ext: ClientImplAidl::ParseNotifyDispDumpReady()
01-23 19:21:49.050  1832  2181 I MIUIInput: [MotionEvent] notifyMotion - eventTime=703942411712000, deviceId=6, source=0x1002, policyFlags=0x0, action=0x0, flags=0x0, downTime=703942411712000
01-23 19:21:49.051  1832  2180 I MIUIInput: [MotionEvent] publisher action=0x0, deviceId=6, 703942411, channel 'cdd7043 InputMethod (server)'
01-23 19:21:49.052  1832  2180 I MIUIInput: [MotionEvent] publisher action=0x0, deviceId=6, 703942411, channel '[Gesture Monitor] onehanded-touch (server)'
01-23 19:21:49.052 24346 24346 I SidebarCoverView: onTouch : 4
01-23 19:21:49.052  1832  2180 I MIUIInput: [MotionEvent] publisher action=0x0, deviceId=6, 703942411, channel '[Gesture Monitor] miui-gesture (server)'
01-23 19:21:49.052  4267  4267 I MIUIInput: [MotionEvent] ViewRootImpl windowName 'InputMethod', { action=ACTION_DOWN, id[0]=0, pointerCount=1, eventTime=703942411, downTime=703942411, phoneEventTime=19:21:49.049 } moveCount:0
01-23 19:21:49.053  1044  1093 I libPowerHal: [perfLockAcq] idx:9 hdl:854567 hint:25 pid:1044 tid:1044 duration:10000 lock_user:vendor.mediatek => ret_hdl:854567
01-23 19:21:49.054  1258  1258 I touch_boost: enable=1, boost_up=0, boost_down=1, render_deboost=0, active_time=100, duration=50, idleprefer(TA,FG)=(1,1), util(TA,FG)=(1,1), freq(c0,c1,c2)=(1100000,1400000,400000)
01-23 19:21:49.054  1258  1258 I mtkpower_client: perf_lock_acq, hdl:0, dur:50, num:14, pid:1258, tid:1258
01-23 19:21:49.054  1258  1258 I mtkpower_client: IMtkPowerService_isDeclared 1
01-23 19:21:49.054  1258  1258 I mtkpower_client: ret_hdl:854568
01-23 19:21:49.055  1044  1093 I libPowerHal: [perfLockAcq] idx:12 hdl:854568 hint:-1 pid:1258 tid:1258 duration:50 lock_user:touch_boost => ret_hdl:854568
01-23 19:21:49.055  1044  1093 I libPowerHal: [setClusterFreq] touch_boost set cpufreq[0] min:1100000 max:-1 cpufreq[1] min:1400000 max:-1 cpufreq[2] min:400000 max:-1 
01-23 19:21:49.055  1044  1093 I libPowerHal: [setClusterFreq]  set cpu_ctrl cpufreq: 1100000 -1 1400000 -1 -1 -1 
01-23 19:21:49.055  1044  1093 I libPowerHal: [PE] touch_boost update cmd:1404100, param:1
01-23 19:21:49.055  1044  1093 I libPowerHal: [PE] touch_boost update cmd:1404300, param:1
01-23 19:21:49.057  1832  5153 I HapticFeedbackUtil: 7,2,true
01-23 19:21:49.057  1832  5153 D VibratorManagerService: Starting vibrate for vibration 57280
01-23 19:21:49.057  1832  5153 D system_server: xlog_init
01-23 19:21:49.057  1832  5153 D system_server:  _xog_get_handle 
01-23 19:21:49.057  1832  5153 D system_server: get xlog handle
01-23 19:21:49.057  1832  5153 V xlog_client: xlog_check_permission event name waveform_info level 0
01-23 19:21:49.057  1832  5153 D system_server:  xlog_deinit 
01-23 19:21:49.057  1832  5153 D MiuiXlog: eventName = waveform_info level = 0 result = false
01-23 19:21:49.057  1832  5153 D VibratorManagerServiceImpl: attrs = VibrationAttributes{mUsage=TOUCH, mAudioUsage= USAGE_UNKNOWN, mCategory=UNKNOWN, mFlags=0}, attrs.usage = 18
01-23 19:21:49.057  1832  5153 E VibratorManagerServiceImpl: vibrationThreadSetParameters
01-23 19:21:49.057  1090  1119 D vendor.hardware.vibratorfeature: configStrengthForEffect id : 7 , strength: 1.000000
01-23 19:21:49.058  1090  1119 D vendor.hardware.vibratorfeature: Vibrator perform effect 7
01-23 19:21:49.058  1090  1119 D vendor.hardware.vibratorfeature: uses mCurrMagnitudeExt 1.410000
01-23 19:21:49.058  1090  1119 D vendor.hardware.vibratorfeature: getAmplitudeFromEffectStrength 1.000000
01-23 19:21:49.058  1090  1119 D vendor.hardware.vibratorfeature: return from driver is 20
01-23 19:21:49.058  1090  1119 D vendor.hardware.vibratorfeature: playLengthMs is 70
01-23 19:21:49.059  1044  1093 I libPowerHal: [PE] touch_boost update cmd:1408100, param:1
01-23 19:21:49.060  1044  1093 I libPowerHal: [PE] touch_boost update cmd:1408300, param:1
01-23 19:21:49.061  1090 26588 D vendor.hardware.vibratorfeature: Starting perform on another thread
01-23 19:21:49.065  1593  2198 D libsensor-parseRGB: the value of RGB [4.905944 5.356730 5.364257]
01-23 19:21:49.079  1593  2201 I libsensor-displayalgo: the value of channelCali C:209.679756,R:88.137502,G:93.629238,B:35.679663,scales C:1.312945,R:1.441799,G:1.262245,B:1.286638
01-23 19:21:49.079  1593  2201 D libsensor-displayalgo: brightness:1408.000000,flat_mode:0.000000,R1:33.081844,G1:40.140197,B1:40.264379,R2:2896.521130,G2:2986.654895,B2:2741.054999,R3:1261.884725,G3:1301.038000,B3:1204.429526,R4:75.848648,G4:84.204944,B4:80.625460,EVENT C:902.000000,R:323.000000,G:411.000000,B:200.000000, lux: 55.674389
01-23 19:21:49.103  1258  1258 I touch_boost: enable=0, boost_up=0, boost_down=1, render_deboost=0, active_time=100, duration=50, idleprefer(TA,FG)=(1,1), util(TA,FG)=(1,1), freq(c0,c1,c2)=(1100000,1400000,400000)
01-23 19:21:49.103  1258  1258 I mtkpower_client: perf_lock_rel, hdl:854568, tid:1258
01-23 19:21:49.104  1258  1258 I mtkpower_client: IMtkPowerService_isDeclared 1
01-23 19:21:49.104  1044  1093 I libPowerHal: [perfLockRel] hdl:854568, idx:12
01-23 19:21:49.104  1044  1093 I libPowerHal: [setClusterFreq]  set cpu_ctrl cpufreq: -1 -1 -1 -1 -1 -1 
01-23 19:21:49.105  1044  1093 I libPowerHal: [PD] touch_boost update cmd:1404100 param:0
01-23 19:21:49.105  1044  1093 I libPowerHal: [PD] touch_boost update cmd:1404300 param:0
01-23 19:21:49.105  1044  1093 I libPowerHal: [PD] touch_boost update cmd:1408100 param:0
01-23 19:21:49.110  1044  1093 I libPowerHal: [PD] touch_boost update cmd:1408300 param:0
01-23 19:21:49.131  1090 26588 D vendor.hardware.vibratorfeature: Notifying perform complete
01-23 19:21:49.131  1832  5153 D VibratorManagerService: Vibration 57280 on vibrator 0 complete, notifying thread
01-23 19:21:49.132  1090  1119 D vendor.hardware.vibratorfeature: QTI Vibrator off
01-23 19:21:49.132  1090  1119 D DynamicEffectThread: pause
01-23 19:21:49.132  1090  1119 D DynamicEffectDevice: FFDevice pause
01-23 19:21:49.132  1832  2104 D VibratorManagerService: Vibration 57280 finished with EndInfo{status=FINISHED, endedBy=null}
01-23 19:21:49.132  1832  2104 D VibratorManagerService: Reporting vibration 57280 finished with EndInfo{status=FINISHED, endedBy=null}
01-23 19:21:49.132  1832  2104 D VibratorManagerService: Vibration for uid=1000 and with attrs=VibrationAttributes{mUsage=TOUCH, mAudioUsage= USAGE_UNKNOWN, mCategory=UNKNOWN, mFlags=0} ended with status FINISHED
01-23 19:21:49.133  1832  2104 D VibratorManagerService: VibrationThread released after finished vibration
01-23 19:21:49.133  1832  2104 D VibratorManagerService: Processing VibrationThread released callback
01-23 19:21:49.140  1832  2181 I MIUIInput: [MotionEvent] notifyMotion - eventTime=703942501709000, deviceId=6, source=0x1002, policyFlags=0x0, action=0x1, flags=0x0, downTime=703942411712000
01-23 19:21:49.142  1832  2180 I MIUIInput: [MotionEvent] publisher action=0x1, deviceId=6, 703942501, channel '[Gesture Monitor] onehanded-touch (server)'
01-23 19:21:49.142  1832  2180 I MIUIInput: [MotionEvent] publisher action=0x1, deviceId=6, 703942501, channel '[Gesture Monitor] miui-gesture (server)'
01-23 19:21:49.143  1832  2180 I MIUIInput: [MotionEvent] publisher action=0x1, deviceId=6, 703942501, channel 'cdd7043 InputMethod (server)'
01-23 19:21:49.144  1044  1093 I libPowerHal: [perfLockRel] hdl:854567, idx:9
01-23 19:21:49.144  4267  4267 I MIUIInput: [MotionEvent] ViewRootImpl windowName 'InputMethod', { action=ACTION_UP, id[0]=0, pointerCount=1, eventTime=703942501, downTime=703942411, phoneEventTime=19:21:49.140 } moveCount:7
01-23 19:21:49.148  4267  4267 W TooltipLifecycleManager: TooltipLifecycleManager.dismissTooltips():153 Tooltip with id SUGGESTION_VIEW_EDU_MINI_DIALOG not found in tooltipManager.
01-23 19:21:49.158  1000  1654 I hwcomposer: [HWC] (0)fire a callback of refresh to SF[4]  
01-23 19:21:49.167  1044  1056 E libPowerHal: [getHintRscSize] hint_id 56 cannot be found in PowerScnTbl
01-23 19:21:49.168  4267  4267 I KeyboardModeUtils: KeyboardModeUtils.getKeyboardBottomOffset():435 inch: 0.000000 ydpi: 445.614014 adjustKeyboardBottomByDisplaySize: false currentDensityDpi: 480 defaultDensityDpi: 480 keyboardBottomToScreenPx: 0 keyboardBottomToNavBarPx: 0 navBarHeight: 0
01-23 19:21:49.168  4267  4267 I BaseKeyboardSizeHelper: BaseKeyboardSizeHelper.calculateMaxKeyboardBodyHeight():73 leave 321 height for app when ime window height:2610, header height:132 and isFullscreenMode:false, so the max keyboard body height is:2157
01-23 19:21:49.168  4267  4267 I BaseKeyboardSizeHelper: BaseKeyboardSizeHelper.calculateMaxKeyboardBodyHeight():73 leave 321 height for app when ime window height:2610, header height:132 and isFullscreenMode:false, so the max keyboard body height is:2157
01-23 19:21:49.185  1832  2181 I MIUIInput: [MotionEvent] notifyMotion - eventTime=703942546766000, deviceId=6, source=0x1002, policyFlags=0x0, action=0x0, flags=0x0, downTime=703942546766000
01-23 19:21:49.187  1258  1258 I touch_boost: enable=1, boost_up=0, boost_down=1, render_deboost=0, active_time=100, duration=50, idleprefer(TA,FG)=(1,1), util(TA,FG)=(1,1), freq(c0,c1,c2)=(1100000,1400000,400000)
01-23 19:21:49.187  1832  2180 I MIUIInput: [MotionEvent] publisher action=0x0, deviceId=6, 703942546, channel 'cdd7043 InputMethod (server)'
01-23 19:21:49.187  1258  1258 I mtkpower_client: perf_lock_acq, hdl:0, dur:50, num:14, pid:1258, tid:1258
01-23 19:21:49.187  1832  2180 I MIUIInput: [MotionEvent] publisher action=0x0, deviceId=6, 703942546, channel '[Gesture Monitor] onehanded-touch (server)'
01-23 19:21:49.188  1832  2180 I MIUIInput: [MotionEvent] publisher action=0x0, deviceId=6, 703942546, channel '[Gesture Monitor] miui-gesture (server)'
01-23 19:21:49.188  1258  1258 I mtkpower_client: IMtkPowerService_isDeclared 1
01-23 19:21:49.189 24346 24346 I SidebarCoverView: onTouch : 4
01-23 19:21:49.189  1044  1093 I libPowerHal: [perfLockAcq] idx:9 hdl:854569 hint:25 pid:1044 tid:1044 duration:10000 lock_user:vendor.mediatek => ret_hdl:854569
01-23 19:21:49.189  4267  4267 I MIUIInput: [MotionEvent] ViewRootImpl windowName 'InputMethod', { action=ACTION_DOWN, id[0]=0, pointerCount=1, eventTime=703942546, downTime=703942546, phoneEventTime=19:21:49.184 } moveCount:0
01-23 19:21:49.190  1258  1258 I mtkpower_client: ret_hdl:854570
01-23 19:21:49.190  1044  1093 I libPowerHal: [perfLockAcq] idx:12 hdl:854570 hint:-1 pid:1258 tid:1258 duration:50 lock_user:touch_boost => ret_hdl:854570
01-23 19:21:49.190  1044  1093 I libPowerHal: [setClusterFreq] touch_boost set cpufreq[0] min:1100000 max:-1 cpufreq[1] min:1400000 max:-1 cpufreq[2] min:400000 max:-1 
01-23 19:21:49.190  1044  1093 I libPowerHal: [setClusterFreq]  set cpu_ctrl cpufreq: 1100000 -1 1400000 -1 -1 -1 
01-23 19:21:49.191  1044  1093 I libPowerHal: [PE] touch_boost update cmd:1404100, param:1
01-23 19:21:49.191  1044  1093 I libPowerHal: [PE] touch_boost update cmd:1404300, param:1
01-23 19:21:49.191  1832  5153 I HapticFeedbackUtil: 7,2,true
01-23 19:21:49.191  1832  5153 D VibratorManagerService: Starting vibrate for vibration 57281
01-23 19:21:49.191  1832  5153 D system_server: xlog_init
01-23 19:21:49.191  1832  5153 D system_server:  _xog_get_handle 
01-23 19:21:49.191  1832  5153 D system_server: get xlog handle
01-23 19:21:49.191  1832  5153 V xlog_client: xlog_check_permission event name waveform_info level 0
01-23 19:21:49.191  1832  5153 D system_server:  xlog_deinit 
01-23 19:21:49.191  1832  5153 D MiuiXlog: eventName = waveform_info level = 0 result = false
01-23 19:21:49.191  1832  5153 D VibratorManagerServiceImpl: attrs = VibrationAttributes{mUsage=TOUCH, mAudioUsage= USAGE_UNKNOWN, mCategory=UNKNOWN, mFlags=0}, attrs.usage = 18
01-23 19:21:49.191  1832  5153 E VibratorManagerServiceImpl: vibrationThreadSetParameters
01-23 19:21:49.192  1090  1119 D vendor.hardware.vibratorfeature: configStrengthForEffect id : 7 , strength: 1.000000
01-23 19:21:49.193  1090  1119 D vendor.hardware.vibratorfeature: Vibrator perform effect 7
01-23 19:21:49.193  1090  1119 D vendor.hardware.vibratorfeature: uses mCurrMagnitudeExt 1.410000
01-23 19:21:49.193  1090  1119 D vendor.hardware.vibratorfeature: getAmplitudeFromEffectStrength 1.000000
01-23 19:21:49.193  1090  1119 D vendor.hardware.vibratorfeature: return from driver is 20
01-23 19:21:49.193  1090  1119 D vendor.hardware.vibratorfeature: playLengthMs is 70
01-23 19:21:49.193  1090 26589 D vendor.hardware.vibratorfeature: Starting perform on another thread
01-23 19:21:49.195  1044  1093 I libPowerHal: [PE] touch_boost update cmd:1408100, param:1
01-23 19:21:49.196  1044  1093 I libPowerHal: [PE] touch_boost update cmd:1408300, param:1
01-23 19:21:49.226 25441 24193 I NearbySharing: Network state changed: NetworkState(isRestricted=false, isOnline=true, isCongested=false, isMetered=false, isWifiConnected=true)
01-23 19:21:49.237  1258  1258 I touch_boost: enable=0, boost_up=0, boost_down=1, render_deboost=0, active_time=100, duration=50, idleprefer(TA,FG)=(1,1), util(TA,FG)=(1,1), freq(c0,c1,c2)=(1100000,1400000,400000)
01-23 19:21:49.237  1258  1258 I mtkpower_client: perf_lock_rel, hdl:854570, tid:1258
01-23 19:21:49.238  1258  1258 I mtkpower_client: IMtkPowerService_isDeclared 1
01-23 19:21:49.238  1044  1093 I libPowerHal: [perfLockRel] hdl:854570, idx:12
01-23 19:21:49.238  1044  1093 I libPowerHal: [setClusterFreq]  set cpu_ctrl cpufreq: -1 -1 -1 -1 -1 -1 
01-23 19:21:49.238  1044  1093 I libPowerHal: [PD] touch_boost update cmd:1404100 param:0
01-23 19:21:49.238  1832  2181 I MIUIInput: [MotionEvent] notifyMotion - eventTime=703942599901000, deviceId=6, source=0x1002, policyFlags=0x0, action=0x1, flags=0x0, downTime=703942546766000
01-23 19:21:49.238  1044  1093 I libPowerHal: [PD] touch_boost update cmd:1404300 param:0
01-23 19:21:49.238  1044  1093 I libPowerHal: [PD] touch_boost update cmd:1408100 param:0
01-23 19:21:49.241  1044  1093 I libPowerHal: [PD] touch_boost update cmd:1408300 param:0
01-23 19:21:49.242  1832  2180 I MIUIInput: [MotionEvent] publisher action=0x1, deviceId=6, 703942599, channel '[Gesture Monitor] onehanded-touch (server)'
01-23 19:21:49.243  1044  1093 I libPowerHal: [perfLockRel] hdl:854569, idx:9
01-23 19:21:49.243  1832  2180 I MIUIInput: [MotionEvent] publisher action=0x1, deviceId=6, 703942599, channel '[Gesture Monitor] miui-gesture (server)'
01-23 19:21:49.243  1832  2180 I MIUIInput: [MotionEvent] publisher action=0x1, deviceId=6, 703942599, channel 'cdd7043 InputMethod (server)'
01-23 19:21:49.244  4267  4267 I MIUIInput: [MotionEvent] ViewRootImpl windowName 'InputMethod', { action=ACTION_UP, id[0]=0, pointerCount=1, eventTime=703942599, downTime=703942546, phoneEventTime=19:21:49.238 } moveCount:3
01-23 19:21:49.247  4267  4267 W TooltipLifecycleManager: TooltipLifecycleManager.dismissTooltips():153 Tooltip with id SUGGESTION_VIEW_EDU_MINI_DIALOG not found in tooltipManager.
01-23 19:21:49.263  1090 26589 D vendor.hardware.vibratorfeature: Notifying perform complete
01-23 19:21:49.264  1832  5246 D VibratorManagerService: Vibration 57281 on vibrator 0 complete, notifying thread
01-23 19:21:49.264  1090  1119 D vendor.hardware.vibratorfeature: QTI Vibrator off
01-23 19:21:49.264  1090  1119 D DynamicEffectThread: pause
01-23 19:21:49.264  1090  1119 D DynamicEffectDevice: FFDevice pause
01-23 19:21:49.264  4267  4267 I KeyboardModeUtils: KeyboardModeUtils.getKeyboardBottomOffset():435 inch: 0.000000 ydpi: 445.614014 adjustKeyboardBottomByDisplaySize: false currentDensityDpi: 480 defaultDensityDpi: 480 keyboardBottomToScreenPx: 0 keyboardBottomToNavBarPx: 0 navBarHeight: 0
01-23 19:21:49.264  1832  2104 D VibratorManagerService: Vibration 57281 finished with EndInfo{status=FINISHED, endedBy=null}
01-23 19:21:49.264  4267  4267 I BaseKeyboardSizeHelper: BaseKeyboardSizeHelper.calculateMaxKeyboardBodyHeight():73 leave 321 height for app when ime window height:2610, header height:132 and isFullscreenMode:false, so the max keyboard body height is:2157
01-23 19:21:49.264  1832  2104 D VibratorManagerService: Reporting vibration 57281 finished with EndInfo{status=FINISHED, endedBy=null}
01-23 19:21:49.264  1832  2104 D VibratorManagerService: Vibration for uid=1000 and with attrs=VibrationAttributes{mUsage=TOUCH, mAudioUsage= USAGE_UNKNOWN, mCategory=UNKNOWN, mFlags=0} ended with status FINISHED
01-23 19:21:49.264  4267  4267 I BaseKeyboardSizeHelper: BaseKeyboardSizeHelper.calculateMaxKeyboardBodyHeight():73 leave 321 height for app when ime window height:2610, header height:132 and isFullscreenMode:false, so the max keyboard body height is:2157
01-23 19:21:49.265  1832  2104 D VibratorManagerService: VibrationThread released after finished vibration
01-23 19:21:49.265  1832  2104 D VibratorManagerService: Processing VibrationThread released callback
01-23 19:21:49.266  1000  1654 I hwcomposer: [HWC] (0)fire a callback of refresh to SF[4]  
01-23 19:21:49.269  1832  5153 I ClipboardServiceI: checkProviderWakePathForClipboard: com.lzofseven.mcserveris not a activePermissionOwner
01-23 19:21:49.273  1000  1640 I android.hardware.graphics.composer@3.2-service: Sensor: notify citsensorservice to trigger cwb
01-23 19:21:49.273  1593  2197 I libsensor-frameBufferManager: request dump start
01-23 19:21:49.273  1593  2197 D libcomposer_ext: ClientImplAidl::getDispDump(), dpy 1, dst (160, 120), dump_point 1, release_fence -1
01-23 19:21:49.273  1000  1024 D libcomposer_ext: DeviceImplAidl::syncPerform(14), client_handle: 1
01-23 19:21:49.273  1000  1024 D libcomposer_ext: DeviceImplAidl::DeviceClientContextAidl::ParseGetDispDump()
01-23 19:21:49.274  1000  1024 D libcomposer_ext: DeviceImplAidl::ParseGetDispDump(), dpy 1, dst (160, 120), dump_point 1
01-23 19:21:49.274  1000  1024 I hwcomposer: [HWC] getDispDump(), dpy 1, (822,7,982,127), (160, 120), (1, 2), (-1), (-1), (0xb400007e2a4e0cb0)  
01-23 19:21:49.274  1000  1024 I hwcomposer: [DRMDEV] isSupportWbParams(), id_crtc 103, id_connector 34, dump_point 1, src(160, 120), dst(160, 120), config 2  
01-23 19:21:49.274  1000  1024 E hwcomposer: [DRMDEV] isSupportWbParams(), disp(1220, 2712)  
01-23 19:21:49.274  1000  1024 I hwcomposer: [DISP_DUMP] setDumpBuf(), dpy(0), src(822, 7, 982, 127), dst(160, 120), (1, 2), -1, (-1), (0xb400007e2a4e0cb0)  
01-23 19:21:49.274  1000  1024 I hwcomposer: [HWC] (0)fire a callback of refresh to SF[9]  
01-23 19:21:49.278  1000  1024 D libcomposer_ext: DeviceImplAidl::DeviceClientContextAidl::NotifyDispDumpReady()
01-23 19:21:49.278  1593  1593 D libcomposer_ext: ClientCallbackAidl::asyncPerform(15)
01-23 19:21:49.279  1593  1593 D libcomposer_ext: ClientImplAidl::ParseNotifyDispDumpReady()
01-23 19:21:49.297  1593  2198 D libsensor-parseRGB: the value of RGB [4.905944 5.356730 5.364257]
01-23 19:21:49.302  1044  1056 E libPowerHal: [getHintRscSize] hint_id 56 cannot be found in PowerScnTbl
01-23 19:21:49.363  1000  1654 I hwcomposer: [HWC] (0)fire a callback of refresh to SF[4]  
01-23 19:21:49.364  1009  1388 E HfLooper: sensor imu_hand_detect in hal data=4000,989,9000,9000,10194,40123
01-23 19:21:49.377  1593  2201 I libsensor-displayalgo: the value of channelCali C:209.679756,R:88.137502,G:93.629238,B:35.679663,scales C:1.312945,R:1.441799,G:1.262245,B:1.286638
01-23 19:21:49.377  1593  2201 D libsensor-displayalgo: brightness:1408.000000,flat_mode:0.000000,R1:33.081844,G1:40.140197,B1:40.264379,R2:2896.521130,G2:2986.654895,B2:2741.054999,R3:1261.884725,G3:1301.038000,B3:1204.429526,R4:75.848648,G4:84.204944,B4:80.625460,EVENT C:895.000000,R:319.000000,G:405.000000,B:197.000000, lux: 55.486343
01-23 19:21:49.498  1019  1053 I libPerfCtl: xgfGetFPS pid:2668 fps:-1
01-23 19:21:49.499  1019  1053 I libPerfCtl: xgfGetFPS pid:4267 fps:-1
01-23 19:21:49.499  1019  1053 I libPerfCtl: xgfGetFPS pid:22443 fps:-1
01-23 19:21:49.523  1000  1640 I android.hardware.graphics.composer@3.2-service: Sensor: notify citsensorservice to trigger cwb
01-23 19:21:49.524  1593  2197 I libsensor-frameBufferManager: request dump start
01-23 19:21:49.524  1593  2197 D libcomposer_ext: ClientImplAidl::getDispDump(), dpy 1, dst (160, 120), dump_point 1, release_fence -1
01-23 19:21:49.524  1000  1024 D libcomposer_ext: DeviceImplAidl::syncPerform(14), client_handle: 1
01-23 19:21:49.525  1000  1024 D libcomposer_ext: DeviceImplAidl::DeviceClientContextAidl::ParseGetDispDump()
01-23 19:21:49.525  1000  1024 D libcomposer_ext: DeviceImplAidl::ParseGetDispDump(), dpy 1, dst (160, 120), dump_point 1
01-23 19:21:49.525  1000  1024 I hwcomposer: [HWC] getDispDump(), dpy 1, (822,7,982,127), (160, 120), (1, 2), (-1), (-1), (0xb400007e2a4e0710)  
01-23 19:21:49.525  1000  1024 I hwcomposer: [DRMDEV] isSupportWbParams(), id_crtc 103, id_connector 34, dump_point 1, src(160, 120), dst(160, 120), config 2  
01-23 19:21:49.525  1000  1024 E hwcomposer: [DRMDEV] isSupportWbParams(), disp(1220, 2712)  
01-23 19:21:49.525  1000  1024 I hwcomposer: [DISP_DUMP] setDumpBuf(), dpy(0), src(822, 7, 982, 127), dst(160, 120), (1, 2), -1, (-1), (0xb400007e2a4e0710)  
01-23 19:21:49.525  1000  1024 I hwcomposer: [HWC] (0)fire a callback of refresh to SF[9]  
01-23 19:21:49.529  1832  2181 I MIUIInput: [MotionEvent] notifyMotion - eventTime=703942890583000, deviceId=6, source=0x1002, policyFlags=0x0, action=0x0, flags=0x0, downTime=703942890583000
01-23 19:21:49.529  1258  1258 I touch_boost: enable=1, boost_up=0, boost_down=1, render_deboost=0, active_time=100, duration=50, idleprefer(TA,FG)=(1,1), util(TA,FG)=(1,1), freq(c0,c1,c2)=(1100000,1400000,400000)
01-23 19:21:49.529  1258  1258 I mtkpower_client: perf_lock_acq, hdl:0, dur:50, num:14, pid:1258, tid:1258
01-23 19:21:49.530  1258  1258 I mtkpower_client: IMtkPowerService_isDeclared 1
01-23 19:21:49.531  1258  1258 I mtkpower_client: ret_hdl:854571
01-23 19:21:49.531  1044  1093 I libPowerHal: [perfLockAcq] idx:9 hdl:854571 hint:-1 pid:1258 tid:1258 duration:50 lock_user:touch_boost => ret_hdl:854571
01-23 19:21:49.531  1044  1093 I libPowerHal: [setClusterFreq] touch_boost set cpufreq[0] min:1100000 max:-1 cpufreq[1] min:1400000 max:-1 cpufreq[2] min:400000 max:-1 
01-23 19:21:49.531  1044  1093 I libPowerHal: [setClusterFreq]  set cpu_ctrl cpufreq: 1100000 -1 1400000 -1 -1 -1 
01-23 19:21:49.531  1044  1093 I libPowerHal: [PE] touch_boost update cmd:1404100, param:1
01-23 19:21:49.531  1044  1093 I libPowerHal: [PE] touch_boost update cmd:1404300, param:1
01-23 19:21:49.532  1832  2180 I MIUIInput: [MotionEvent] publisher action=0x0, deviceId=6, 703942890, channel 'cdd7043 InputMethod (server)'
01-23 19:21:49.532  1832  2180 I MIUIInput: [MotionEvent] publisher action=0x0, deviceId=6, 703942890, channel '[Gesture Monitor] onehanded-touch (server)'
01-23 19:21:49.532  1832  2180 I MIUIInput: [MotionEvent] publisher action=0x0, deviceId=6, 703942890, channel '[Gesture Monitor] miui-gesture (server)'
01-23 19:21:49.532 24346 24346 I SidebarCoverView: onTouch : 4
01-23 19:21:49.532  4267  4267 I MIUIInput: [MotionEvent] ViewRootImpl windowName 'InputMethod', { action=ACTION_DOWN, id[0]=0, pointerCount=1, eventTime=703942890, downTime=703942890, phoneEventTime=19:21:49.528 } moveCount:0
01-23 19:21:49.534  1832  5151 I HapticFeedbackUtil: 7,2,true
01-23 19:21:49.534  1832  5151 D VibratorManagerService: Starting vibrate for vibration 57282
01-23 19:21:49.534  1832  5151 D system_server: xlog_init
01-23 19:21:49.534  1832  5151 D system_server:  _xog_get_handle 
01-23 19:21:49.534  1832  5151 D system_server: get xlog handle
01-23 19:21:49.534  1000  1024 I hwcomposer: [HWCDisplay] [Display_0 (type:1, mode:2)] fps:32.463467,dur:1139.74,max:161.98,min:4.56  
01-23 19:21:49.534  1832  5151 V xlog_client: xlog_check_permission event name waveform_info level 0
01-23 19:21:49.534  1832  5151 D system_server:  xlog_deinit 
01-23 19:21:49.534  1832  5151 D MiuiXlog: eventName = waveform_info level = 0 result = false
01-23 19:21:49.534  1832  5151 D VibratorManagerServiceImpl: attrs = VibrationAttributes{mUsage=TOUCH, mAudioUsage= USAGE_UNKNOWN, mCategory=UNKNOWN, mFlags=0}, attrs.usage = 18
01-23 19:21:49.534  1044  1093 I libPowerHal: [PE] touch_boost update cmd:1408100, param:1
01-23 19:21:49.534  1832  5151 E VibratorManagerServiceImpl: vibrationThreadSetParameters
01-23 19:21:49.534  1090  1119 D vendor.hardware.vibratorfeature: configStrengthForEffect id : 7 , strength: 1.000000
01-23 19:21:49.534  1000  1024 D libcomposer_ext: DeviceImplAidl::DeviceClientContextAidl::NotifyDispDumpReady()
01-23 19:21:49.535  1044  1093 I libPowerHal: [PE] touch_boost update cmd:1408300, param:1
01-23 19:21:49.535  1000  1640 I android.hardware.graphics.composer@3.2-service: Sensor: notify citsensorservice to trigger cwb
01-23 19:21:49.535  1593  2197 I libsensor-frameBufferManager: request dump start
01-23 19:21:49.535  1593  2197 D libcomposer_ext: ClientImplAidl::getDispDump(), dpy 1, dst (160, 120), dump_point 1, release_fence -1
01-23 19:21:49.535  1593  1593 D libcomposer_ext: ClientCallbackAidl::asyncPerform(15)
01-23 19:21:49.535  1593  1593 D libcomposer_ext: ClientImplAidl::ParseNotifyDispDumpReady()
01-23 19:21:49.536  1000  1024 D libcomposer_ext: DeviceImplAidl::syncPerform(14), client_handle: 1
01-23 19:21:49.536  1000  1024 D libcomposer_ext: DeviceImplAidl::DeviceClientContextAidl::ParseGetDispDump()
01-23 19:21:49.536  1000  1024 D libcomposer_ext: DeviceImplAidl::ParseGetDispDump(), dpy 1, dst (160, 120), dump_point 1
01-23 19:21:49.536  1000  1024 I hwcomposer: [HWC] getDispDump(), dpy 1, (822,7,982,127), (160, 120), (1, 2), (-1), (-1), (0xb400007e2a4e0830)  
01-23 19:21:49.536  1000  1024 I hwcomposer: [DRMDEV] isSupportWbParams(), id_crtc 103, id_connector 34, dump_point 1, src(160, 120), dst(160, 120), config 2  
01-23 19:21:49.536  1000  1024 E hwcomposer: [DRMDEV] isSupportWbParams(), disp(1220, 2712)  
01-23 19:21:49.536  1000  1024 I hwcomposer: [DISP_DUMP] setDumpBuf(), dpy(0), src(822, 7, 982, 127), dst(160, 120), (1, 2), -1, (-1), (0xb400007e2a4e0830)  
01-23 19:21:49.537  1090  1119 D vendor.hardware.vibratorfeature: Vibrator perform effect 7
01-23 19:21:49.537  1044  1093 I libPowerHal: [perfLockAcq] idx:12 hdl:854572 hint:25 pid:1044 tid:1044 duration:10000 lock_user:vendor.mediatek => ret_hdl:854572
01-23 19:21:49.537  1090  1119 D vendor.hardware.vibratorfeature: uses mCurrMagnitudeExt 1.410000
01-23 19:21:49.537  1090  1119 D vendor.hardware.vibratorfeature: getAmplitudeFromEffectStrength 1.000000
01-23 19:21:49.537  1090  1119 D vendor.hardware.vibratorfeature: return from driver is 20
01-23 19:21:49.537  1090  1119 D vendor.hardware.vibratorfeature: playLengthMs is 70
01-23 19:21:49.538  1090 26590 D vendor.hardware.vibratorfeature: Starting perform on another thread
01-23 19:21:49.539 22443 25918 D skia    : SkJpegCodec::onGetPixels + (1024, 1024)
01-23 19:21:49.539 22443 25918 I DMABUFHEAPS: Using DMA-BUF heap named: mtk_mm
01-23 19:21:49.539  2395  2755 I Launcher.ApplicationsMessage: onReceive true
01-23 19:21:49.540  2395  2755 I Launcher.ApplicationsMessage: return:com.whatsapp.w4b|false
01-23 19:21:49.540 22443 25918 D skia    : stream getLength() supported, buffer addr 0x6eaedf1000 length 504832
01-23 19:21:49.540 22443 25918 D skia    : LoadInputStreamToMem va 0x6eaedf1000  size 504832
01-23 19:21:49.540 22443 25918 D libjpeg-alpha: Huffman Builder run in subthread
01-23 19:21:49.541 22443 25918 D libjpeg-alpha: Tile Decoder (#thread:4, size:256 256 256 256x256, alignment:256x16)
01-23 19:21:49.543 22443 26596 D libjpeg-alpha: [Hybrid] Wait IRQ thread (26596)
01-23 19:21:49.544 22443 26596 D libjpeg-alpha: [Hybrid] Wait IRQ thread terminated
01-23 19:21:49.551  1000  1024 D libcomposer_ext: DeviceImplAidl::DeviceClientContextAidl::NotifyDispDumpReady()
01-23 19:21:49.555  1593  2198 D libsensor-parseRGB: the value of RGB [4.905944 5.356730 5.364257]
01-23 19:21:49.555  1593 14044 D libcomposer_ext: ClientCallbackAidl::asyncPerform(15)
01-23 19:21:49.555  1593 14044 D libcomposer_ext: ClientImplAidl::ParseNotifyDispDumpReady()
01-23 19:21:49.556 22443 25918 D skia    : SkJpegCodec::onGetPixels -
01-23 19:21:49.571  1593  2198 D libsensor-parseRGB: the value of RGB [4.905944 5.356730 5.364257]
01-23 19:21:49.576  1593  2201 I libsensor-displayalgo: the value of channelCali C:209.679756,R:88.137502,G:93.629238,B:35.679663,scales C:1.312945,R:1.441799,G:1.262245,B:1.286638
01-23 19:21:49.577  1593  2201 D libsensor-displayalgo: brightness:1408.000000,flat_mode:0.000000,R1:33.081844,G1:40.140197,B1:40.264379,R2:2896.521130,G2:2986.654895,B2:2741.054999,R3:1261.884725,G3:1301.038000,B3:1204.429526,R4:75.848648,G4:84.204944,B4:80.625460,EVENT C:888.000000,R:316.000000,G:404.000000,B:196.000000, lux: 54.845795
01-23 19:21:49.579  1258  1258 I touch_boost: enable=0, boost_up=0, boost_down=1, render_deboost=0, active_time=100, duration=50, idleprefer(TA,FG)=(1,1), util(TA,FG)=(1,1), freq(c0,c1,c2)=(1100000,1400000,400000)
01-23 19:21:49.579  1258  1258 I mtkpower_client: perf_lock_rel, hdl:854571, tid:1258
01-23 19:21:49.579  1258  1258 I mtkpower_client: IMtkPowerService_isDeclared 1
01-23 19:21:49.580  1044  1093 I libPowerHal: [perfLockRel] hdl:854571, idx:9
01-23 19:21:49.580  1044  1093 I libPowerHal: [setClusterFreq]  set cpu_ctrl cpufreq: -1 -1 -1 -1 -1 -1 
01-23 19:21:49.580  1044  1093 I libPowerHal: [PD] touch_boost update cmd:1404100 param:0
01-23 19:21:49.580  1044  1093 I libPowerHal: [PD] touch_boost update cmd:1404300 param:0
01-23 19:21:49.581  1044  1093 I libPowerHal: [PD] touch_boost update cmd:1408100 param:0
01-23 19:21:49.583  1044  1093 I libPowerHal: [PD] touch_boost update cmd:1408300 param:0
01-23 19:21:49.586  1832  2181 I MIUIInput: [MotionEvent] notifyMotion - eventTime=703942947732000, deviceId=6, source=0x1002, policyFlags=0x0, action=0x1, flags=0x0, downTime=703942890583000
01-23 19:21:49.588  1832  2180 I MIUIInput: [MotionEvent] publisher action=0x1, deviceId=6, 703942947, channel '[Gesture Monitor] onehanded-touch (server)'
01-23 19:21:49.588  1832  2180 I MIUIInput: [MotionEvent] publisher action=0x1, deviceId=6, 703942947, channel '[Gesture Monitor] miui-gesture (server)'
01-23 19:21:49.588  1832  2180 I MIUIInput: [MotionEvent] publisher action=0x1, deviceId=6, 703942947, channel 'cdd7043 InputMethod (server)'
01-23 19:21:49.588  1044  1093 I libPowerHal: [perfLockRel] hdl:854572, idx:12
01-23 19:21:49.590  4267  4267 I MIUIInput: [MotionEvent] ViewRootImpl windowName 'InputMethod', { action=ACTION_UP, id[0]=0, pointerCount=1, eventTime=703942947, downTime=703942890, phoneEventTime=19:21:49.585 } moveCount:3
01-23 19:21:49.593  4267  4267 W TooltipLifecycleManager: TooltipLifecycleManager.dismissTooltips():153 Tooltip with id SUGGESTION_VIEW_EDU_MINI_DIALOG not found in tooltipManager.
01-23 19:21:49.609  1090 26590 D vendor.hardware.vibratorfeature: Notifying perform complete
01-23 19:21:49.609  1832  5151 D VibratorManagerService: Vibration 57282 on vibrator 0 complete, notifying thread
01-23 19:21:49.609  1090  1119 D vendor.hardware.vibratorfeature: QTI Vibrator off
01-23 19:21:49.610  1090  1119 D DynamicEffectThread: pause
01-23 19:21:49.610  1090  1119 D DynamicEffectDevice: FFDevice pause
01-23 19:21:49.610  1832  2104 D VibratorManagerService: Vibration 57282 finished with EndInfo{status=FINISHED, endedBy=null}
01-23 19:21:49.610  1832  2104 D VibratorManagerService: Reporting vibration 57282 finished with EndInfo{status=FINISHED, endedBy=null}
01-23 19:21:49.610  1832  2104 D VibratorManagerService: Vibration for uid=1000 and with attrs=VibrationAttributes{mUsage=TOUCH, mAudioUsage= USAGE_UNKNOWN, mCategory=UNKNOWN, mFlags=0} ended with status FINISHED
01-23 19:21:49.611  1832  2104 D VibratorManagerService: VibrationThread released after finished vibration
01-23 19:21:49.611  1832  2104 D VibratorManagerService: Processing VibrationThread released callback
01-23 19:21:49.624  4267  4267 I KeyboardModeUtils: KeyboardModeUtils.getKeyboardBottomOffset():435 inch: 0.000000 ydpi: 445.614014 adjustKeyboardBottomByDisplaySize: false currentDensityDpi: 480 defaultDensityDpi: 480 keyboardBottomToScreenPx: 0 keyboardBottomToNavBarPx: 0 navBarHeight: 0
01-23 19:21:49.624  4267  4267 I BaseKeyboardSizeHelper: BaseKeyboardSizeHelper.calculateMaxKeyboardBodyHeight():73 leave 321 height for app when ime window height:2610, header height:132 and isFullscreenMode:false, so the max keyboard body height is:2157
01-23 19:21:49.624  4267  4267 I BaseKeyboardSizeHelper: BaseKeyboardSizeHelper.calculateMaxKeyboardBodyHeight():73 leave 321 height for app when ime window height:2610, header height:132 and isFullscreenMode:false, so the max keyboard body height is:2157
01-23 19:21:49.644  1044  1056 E libPowerHal: [getHintRscSize] hint_id 56 cannot be found in PowerScnTbl
01-23 19:21:49.714  1000  1654 I hwcomposer: [HWC] (0)fire a callback of refresh to SF[4]  
01-23 19:21:49.733  1131  1131 I BufferQueueProducer: [FramebufferSurface](this:0xb40000729a44bf50,id:-1,api:1,p:1131,c:1131) queueBuffer: fps=5.94 dur=1010.17 max=361.27 min=98.62
01-23 19:21:49.758  1832  2181 I MIUIInput: [MotionEvent] notifyMotion - eventTime=703943119889000, deviceId=6, source=0x1002, policyFlags=0x0, action=0x0, flags=0x0, downTime=703943119889000
01-23 19:21:49.758  1258  1258 I touch_boost: enable=1, boost_up=0, boost_down=1, render_deboost=0, active_time=100, duration=50, idleprefer(TA,FG)=(1,1), util(TA,FG)=(1,1), freq(c0,c1,c2)=(1100000,1400000,400000)
01-23 19:21:49.759  1258  1258 I mtkpower_client: perf_lock_acq, hdl:0, dur:50, num:14, pid:1258, tid:1258
01-23 19:21:49.760  1258  1258 I mtkpower_client: IMtkPowerService_isDeclared 1
01-23 19:21:49.761  1258  1258 I mtkpower_client: ret_hdl:854573
01-23 19:21:49.761  1044  1093 I libPowerHal: [perfLockAcq] idx:9 hdl:854573 hint:-1 pid:1258 tid:1258 duration:50 lock_user:touch_boost => ret_hdl:854573
01-23 19:21:49.761  1044  1093 I libPowerHal: [setClusterFreq] touch_boost set cpufreq[0] min:1100000 max:-1 cpufreq[1] min:1400000 max:-1 cpufreq[2] min:400000 max:-1 
01-23 19:21:49.761  1044  1093 I libPowerHal: [setClusterFreq]  set cpu_ctrl cpufreq: 1100000 -1 1400000 -1 -1 -1 
01-23 19:21:49.761  1044  1093 I libPowerHal: [PE] touch_boost update cmd:1404100, param:1
01-23 19:21:49.761  1044  1093 I libPowerHal: [PE] touch_boost update cmd:1404300, param:1
01-23 19:21:49.761  1832  2180 I MIUIInput: [MotionEvent] publisher action=0x0, deviceId=6, 703943119, channel '1b71644 com.lzofseven.mcserver/com.lzofseven.mcserver.MainActivity (server)'
01-23 19:21:49.762  1832  2180 I MIUIInput: [MotionEvent] publisher action=0x0, deviceId=6, 703943119, channel '[Gesture Monitor] onehanded-touch (server)'
01-23 19:21:49.762  1832  2180 I MIUIInput: [MotionEvent] publisher action=0x0, deviceId=6, 703943119, channel '[Gesture Monitor] miui-gesture (server)'
01-23 19:21:49.763 24346 24346 I SidebarCoverView: onTouch : 4
01-23 19:21:49.764  1044  1093 I libPowerHal: [PE] touch_boost update cmd:1408100, param:1
01-23 19:21:49.764 22443 22443 I MIUIInput: [MotionEvent] ViewRootImpl windowName 'com.lzofseven.mcserver/com.lzofseven.mcserver.MainActivity', { action=ACTION_DOWN, id[0]=0, pointerCount=1, eventTime=703943119, downTime=703943119, phoneEventTime=19:21:49.757 } moveCount:0
01-23 19:21:49.764  1044  1093 I libPowerHal: [PE] touch_boost update cmd:1408300, param:1
01-23 19:21:49.764  1044  1093 I libPowerHal: [perfLockAcq] idx:12 hdl:854574 hint:25 pid:1044 tid:1044 duration:10000 lock_user:vendor.mediatek => ret_hdl:854574
01-23 19:21:49.773  1009  1388 E HfLooper: sensor imu_hand_detect in hal data=4000,984,9000,9000,10315,40198
01-23 19:21:49.779  2668  2668 D ArtChoreographerMonitor: invoke error.
01-23 19:21:49.785  1000  1640 I android.hardware.graphics.composer@3.2-service: Sensor: notify citsensorservice to trigger cwb
01-23 19:21:49.785  1593  2197 I libsensor-frameBufferManager: request dump start
01-23 19:21:49.785  1593  2197 D libcomposer_ext: ClientImplAidl::getDispDump(), dpy 1, dst (160, 120), dump_point 1, release_fence -1
01-23 19:21:49.786  1000  1024 D libcomposer_ext: DeviceImplAidl::syncPerform(14), client_handle: 1
01-23 19:21:49.786  2538 21227 D IpClient/wlan0: interfaceLinkStateChanged: ifindex 37 up
01-23 19:21:49.786  1000  1024 D libcomposer_ext: DeviceImplAidl::DeviceClientContextAidl::ParseGetDispDump()
01-23 19:21:49.787  1000  1024 D libcomposer_ext: DeviceImplAidl::ParseGetDispDump(), dpy 1, dst (160, 120), dump_point 1
01-23 19:21:49.787  1000  1024 I hwcomposer: [HWC] getDispDump(), dpy 1, (822,7,982,127), (160, 120), (1, 2), (-1), (-1), (0xb400007e2a4e0cb0)  
01-23 19:21:49.787  1000  1024 I hwcomposer: [DRMDEV] isSupportWbParams(), id_crtc 103, id_connector 34, dump_point 1, src(160, 120), dst(160, 120), config 2  
01-23 19:21:49.787  1000  1024 E hwcomposer: [DRMDEV] isSupportWbParams(), disp(1220, 2712)  
01-23 19:21:49.787  1000  1024 I hwcomposer: [DISP_DUMP] setDumpBuf(), dpy(0), src(822, 7, 982, 127), dst(160, 120), (1, 2), -1, (-1), (0xb400007e2a4e0cb0)  
01-23 19:21:49.787  1000  1024 I hwcomposer: [HWC] (0)fire a callback of refresh to SF[9]  
01-23 19:21:49.792  1000  1024 D libcomposer_ext: DeviceImplAidl::DeviceClientContextAidl::NotifyDispDumpReady()
01-23 19:21:49.792  1593 14044 D libcomposer_ext: ClientCallbackAidl::asyncPerform(15)
01-23 19:21:49.792  1593 14044 D libcomposer_ext: ClientImplAidl::ParseNotifyDispDumpReady()
01-23 19:21:49.799  1832  2181 I MIUIInput: [MotionEvent] notifyMotion - eventTime=703943160613000, deviceId=6, source=0x1002, policyFlags=0x0, action=0x1, flags=0x0, downTime=703943119889000
01-23 19:21:49.800  1832  2180 I MIUIInput: [MotionEvent] publisher action=0x1, deviceId=6, 703943160, channel '[Gesture Monitor] onehanded-touch (server)'
01-23 19:21:49.800  1832  2180 I MIUIInput: [MotionEvent] publisher action=0x1, deviceId=6, 703943160, channel '[Gesture Monitor] miui-gesture (server)'
01-23 19:21:49.800  1044  1093 I libPowerHal: [perfLockRel] hdl:854574, idx:12
01-23 19:21:49.800  1832  2180 I MIUIInput: [MotionEvent] publisher action=0x1, deviceId=6, 703943160, channel '1b71644 com.lzofseven.mcserver/com.lzofseven.mcserver.MainActivity (server)'
01-23 19:21:49.807 22443 22443 I MIUIInput: [MotionEvent] ViewRootImpl windowName 'com.lzofseven.mcserver/com.lzofseven.mcserver.MainActivity', { action=ACTION_UP, id[0]=0, pointerCount=1, eventTime=703943160, downTime=703943119, phoneEventTime=19:21:49.799 } moveCount:0
01-23 19:21:49.808  1258  1258 I touch_boost: enable=0, boost_up=0, boost_down=1, render_deboost=0, active_time=100, duration=50, idleprefer(TA,FG)=(1,1), util(TA,FG)=(1,1), freq(c0,c1,c2)=(1100000,1400000,400000)
01-23 19:21:49.808  1258  1258 I mtkpower_client: perf_lock_rel, hdl:854573, tid:1258
01-23 19:21:49.809  1258  1258 I mtkpower_client: IMtkPowerService_isDeclared 1
01-23 19:21:49.809  1044  1093 I libPowerHal: [perfLockRel] hdl:854573, idx:9
01-23 19:21:49.810  1044  1093 I libPowerHal: [setClusterFreq]  set cpu_ctrl cpufreq: -1 -1 -1 -1 -1 -1 
01-23 19:21:49.810  1044  1093 I libPowerHal: [PD] touch_boost update cmd:1404100 param:0
01-23 19:21:49.810  1044  1093 I libPowerHal: [PD] touch_boost update cmd:1404300 param:0
01-23 19:21:49.810  1044  1093 I libPowerHal: [PD] touch_boost update cmd:1408100 param:0
01-23 19:21:49.812  1593  2198 D libsensor-parseRGB: the value of RGB [4.905944 5.356730 5.364257]
01-23 19:21:49.812  1044  1093 I libPowerHal: [PD] touch_boost update cmd:1408300 param:0
01-23 19:21:49.871 22443 22443 I HandWritingStubImpl: getCurrentKeyboardType: 1
01-23 19:21:49.876  5500  5500 V A11yInputMethod: restartInput(): editor=android.view.inputmethod.EditorInfo@1583dbb
01-23 19:21:49.876  5500  5500 V A11yInputMethod: CALL: onStartInput
01-23 19:21:49.877  1832  2193 I ImeTracker: com.lzofseven.mcserver:d9b25ce4: onRequestShow at ORIGIN_SERVER reason ATTACH_NEW_INPUT fromUser false
01-23 19:21:49.877  1832  2193 I InputMethodManagerService: IMMS.showCurrentInputLocked(), flags = 0
01-23 19:21:49.877  1832  2193 D SmartPower: com.google.android.inputmethod.latin:train/10178(319): show input method
01-23 19:21:49.877  1832  2193 D SmartPower: com.google.android.inputmethod.latin/10178(4267): show input method
01-23 19:21:49.877  7478 12353 D MirrorManager:  sendAcceptInput 1 0
