01-23 19:21:49.878  1832  2193 I DefaultImeVisibilityApplier: IMMS.showCurrentInputLocked request ims to show inputMethod.
01-23 19:21:49.880  1593  2201 I libsensor-displayalgo: the value of channelCali C:209.679756,R:88.137502,G:93.629238,B:35.679663,scales C:1.312945,R:1.441799,G:1.262245,B:1.286638
01-23 19:21:49.880  1593  2201 D libsensor-displayalgo: brightness:1408.000000,flat_mode:0.000000,R1:33.081844,G1:40.140197,B1:40.264379,R2:2896.521130,G2:2986.654895,B2:2741.054999,R3:1261.884725,G3:1301.038000,B3:1204.429526,R4:75.848648,G4:84.204944,B4:80.625460,EVENT C:888.000000,R:316.000000,G:401.000000,B:196.000000, lux: 54.978745
01-23 19:21:49.880  1044  1056 E libPowerHal: [getHintRscSize] hint_id 56 cannot be found in PowerScnTbl
01-23 19:21:49.882  4267  4267 I GoogleInputMethodService: GoogleInputMethodService.onStartInput():1349 onStartInput(EditorInfo{EditorInfo{packageName=com.lzofseven.mcserver, inputType=28001, inputTypeString=Normal[MultiLine|AutoCorrect], enableLearning=true, autoCorrection=true, autoComplete=true, imeOptions=42000000, privateImeOptions=null, actionName=UNSPECIFIED, actionLabel=null, initialSelStart=0, initialSelEnd=0, initialCapsMode=0, label=null, fieldId=-1, fieldName=null, extras=Bundle[mParcelledData.dataSize=308], hintText=null, hintLocales=[]}}, true)
01-23 19:21:49.882  4267  4267 W SessionManager: SessionManager.beginSession():53 Try to begin an already begun session [INPUT_SESSION], end it first
01-23 19:21:49.883  4267  4267 W SessionManager: SessionManager.endSession():96 Child session [INPUT_VIEW_SESSION] is not ended while ending session [{INPUT_SESSION=1769206905566, IME_SESSION=1769206905594, INPUT_VIEW_SESSION=1769206905575, TRAINING_CACHE_SESSION=1769206905595}], ending it now.
01-23 19:21:49.886  4267  4267 W SessionManager: SessionManager.endSession():96 Child session [IME_SESSION] is not ended while ending session [{INPUT_SESSION=1769206905566, IME_SESSION=1769206905594, INPUT_VIEW_SESSION=1769206905575, TRAINING_CACHE_SESSION=1769206905595}], ending it now.
01-23 19:21:49.888  4267  4267 I Module  : DeviceLockedStatusModuleProvider$Module.updateDeviceLockedStatus():103 repeatCheckTimes = 1, locked = false
01-23 19:21:49.889  4267  4267 I GoogleInputMethodService: GoogleInputMethodService.onStartInputView():1447 onStartInputView(EditorInfo{EditorInfo{packageName=com.lzofseven.mcserver, inputType=28001, inputTypeString=Normal[MultiLine|AutoCorrect], enableLearning=true, autoCorrection=true, autoComplete=true, imeOptions=42000000, privateImeOptions=null, actionName=UNSPECIFIED, actionLabel=null, initialSelStart=0, initialSelEnd=0, initialCapsMode=0, label=null, fieldId=-1, fieldName=null, extras=Bundle[{android.support.text.emoji.emojiCompat_metadataVersion=12, android.support.text.emoji.emojiCompat_replaceAll=false, hand_writing_keyboard_type=1}], hintText=null, hintLocales=[]}}, true)
01-23 19:21:49.890  1832  5246 W PackageConfigPersister: App-specific configuration not found for packageName: com.lzofseven.mcserver and userId: 0
01-23 19:21:49.891  4267  4267 I InputBundle: InputBundle.consumeEvent():1033 Skip consuming an event as keyboard status is INACTIVE
01-23 19:21:49.894  4267  4267 I AndroidIME: AbstractIme.onDeactivate():213 LatinIme.onDeactivate()
01-23 19:21:49.895  4267  4267 W SessionManager: SessionManager.endSession():88 Try to end a not begun session [IME_SESSION].
01-23 19:21:49.896  4267  4267 I KeyboardHeightUtil: KeyboardHeightUtil.getOemKeyboardHeightRatio():81 systemKeyboardHeightRatio:1.000000.
01-23 19:21:49.911  4267  5017 I OnDeviceWmrCalculator: OnDeviceWmrCalculator.calculateWmr():94 WMR: 0.0000 (0 / 3)
01-23 19:21:49.918  1000  1654 I hwcomposer: [HWC] (0)fire a callback of refresh to SF[4]  
01-23 19:21:49.919 22443 22443 E FileUtils: err write to mi_exception_log
01-23 19:21:49.947  2668  2668 D ArtChoreographerMonitor: invoke error.
01-23 19:21:49.948  1131  1131 I BufferQueueProducer: [com.lzofseven.mcserver/com.lzofseven.mcserver.MainActivity#215867](this:0xb4000070da6f4ee0,id:-1,api:0,p:-1,c:1131) queueBuffer: fps=23.85 dur=1006.13 max=340.99 min=6.55
01-23 19:21:49.950  4267  4267 I AndroidIME: InputBundleManager.loadActiveInputBundleId():528 loadActiveInputBundleId: pt-BR, ime_portuguese_brazil
01-23 19:21:49.950  4267  4267 I AndroidIME: AbstractIme.onActivate():95 LatinIme.onActivate() : EditorInfo = EditorInfo{packageName=com.lzofseven.mcserver, inputType=28001, inputTypeString=Normal[MultiLine|AutoCorrect], enableLearning=true, autoCorrection=true, autoComplete=true, imeOptions=42000000, privateImeOptions=null, actionName=UNSPECIFIED, actionLabel=null, initialSelStart=0, initialSelEnd=0, initialCapsMode=0, label=null, fieldId=-1, fieldName=null, extras=Bundle[{android.support.text.emoji.emojiCompat_metadataVersion=12, android.support.text.emoji.emojiCompat_replaceAll=false, hand_writing_keyboard_type=1}], hintText=null, hintLocales=[]}, IncognitoMode = false, DeviceLocked = false
01-23 19:21:49.950  4267  4267 I Delight5Facilitator: Delight5Facilitator.initializeForIme():745 initializeForIme() : Locale = [pt_BR], layout = qwerty
01-23 19:21:49.950  4267  4267 I LatinIme: LatinIme.updateEnableInlineSuggestionsOnDecoderSideFlags():1241 inline flag updated to:false
01-23 19:21:49.951  4267  4267 I LatinIme: LatinIme.updateEnableInlineSuggestionsOnDecoderSideFlags():1241 inline flag updated to:false
01-23 19:21:49.952  4267  4267 I LatinIme: LatinIme.resetInputContext():2247 resetInputContext(): reason=1, externalEditsInfo=ExternalEditsInfo{action=0, offset=-1, text=null, originalText=null, edits=null}
01-23 19:21:49.952  4267  4267 I InputBundle: InputBundle.consumeEvent():1033 Skip consuming an event as keyboard status is INACTIVE
01-23 19:21:49.953  4267  4267 I KeyboardWrapper: KeyboardWrapper.activateKeyboard():582 activateKeyboard(): type=prime, status=INACTIVE, imeDef=nch{stringId=ime_portuguese_brazil, language=pt-BR, languageTag=pt-BR, processedConditions={writing_helper_enable_by_word_revert=false, true=true, enable_number_row=true, device=phone, enable_pk_simulator=false}, className=com.google.android.apps.inputmethod.libs.latin5.LatinIme, label=0, keyEventInterpreter=null, inlineComposing=true, autoCapital=true, announceAutoSelectedCandidate=true, statusIcon=0, indicatorIcon=0, indicatorLabel=BR, displayAppCompletions=true, extraValues=nca{#0x7f0b02dd=TypedValue{t=0x3/d=0x0 "com.google.android.apps.inputmethod.libs.latin5.LatinIme"}}, processors=nea@47f7c68, unacceptableMetaKeys=4098, languageSpecificSettings=0, asciiCapable=true, alwaysShowSuggestions=false, useAsciiPasswordKeyboard=false, keyboardGroupDef=ndj@11f619d, phenotypeFlagId=0, localizationLanguageTag=null, supportsInlineSuggestion=true}
01-23 19:21:49.953  4267  4267 I KeyboardManager: KeyboardManager.requestKeyboard():249 Creating keyboard prime, imeId=ime_portuguese_brazil, cacheKey=theme,!gsf,!pgsans,!pgsf,!use_system_font,BORDER,EXPRESSION_PAPERCUTS_V2,FLAVOR_DPI=XXHDPI,KEYBOARD_WIDTH_CATEGORY=NORMAL,KEY_BORDER_SHAPE=1,LIGHT_THEME=false,PHYSICAL_DIAGONAL=6.002206,POPUP,SCREEN_SHORTEST_WIDTH=407,SCREEN_SHORTEST_WIDTH_NO_SCALE=407,SW400DP,XXHDPI,bottom4dp,builtin_color_black.binarypb,enable_popup_on_keypress=true,keyboard_redesign_google_sans=true,non_linear_scale,noshadow,silkpopup,use_expression_papercuts_v2_colors=true
01-23 19:21:49.953  4267  4267 I KeyboardWrapper: KeyboardWrapper.onKeyboardReady():224 onKeyboardReady(): type=prime(prime), kb=com.google.android.apps.inputmethod.latin.keyboard.LatinPrimeKeyboard@1544650
01-23 19:21:49.953  4267  4267 I KeyboardWrapper: KeyboardWrapper.doActivateKeyboard():612 doActivateKeyboard(): prime
01-23 19:21:49.955  4267  4267 I AutofillAccessPointProviderModule: AutofillAccessPointProviderModule.getAccessPointDefDataBuilder():313 Autofill access point shown at BAR
01-23 19:21:49.955  4267  4267 I BaseKeyboardSizeHelper: BaseKeyboardSizeHelper.calculateMaxKeyboardBodyHeight():73 leave 321 height for app when ime window height:2610, header height:132 and isFullscreenMode:false, so the max keyboard body height is:2157
01-23 19:21:49.955  4267  4267 W TooltipLifecycleManager: TooltipLifecycleManager.dismissTooltips():153 Tooltip with id undo_access_point_promotion_banner not found in tooltipManager.
01-23 19:21:49.956  4267  4267 I GlobeKeyExtension: GlobeKeyExtension.getKeyboardInitialStates():175 
01-23 19:21:49.961  4267  4267 W Keyboard: Keyboard.getKeyboardViewHelper():604 null helper is returned: keyboardDef=ndb{processedConditions={show_comma_key=true, enable_more_candidates_view_for_multilingual=false, layout_9key_split=false, enable_secondary_symbols=false, pref_enable_flick_symbols=false, language=pt-BR, deprecate_long_press_space_for_ime_picker=false, expressions=normal, android_software_xr_api_spatial=false, variant=qwerty, show_period_key=true, enable_number_row=true, device=phone, keyboard_mode=normal, show_secondary_digits=false, enable_preemptive_decode=true, enable_pk_simulator=false}, globalConditions={global_theme_key=theme,!gsf,!pgsans,!pgsf,!use_system_font,BORDER,EXPRESSION_PAPERCUTS_V2,FLAVOR_DPI=XXHDPI,KEYBOARD_WIDTH_CATEGORY=NORMAL,KEY_BORDER_SHAPE=1,LIGHT_THEME=false,PHYSICAL_DIAGONAL=6.002206,POPUP,SCREEN_SHORTEST_WIDTH=407,SCREEN_SHORTEST_WIDTH_NO_SCALE=407,SW400DP,XXHDPI,bottom4dp,builtin_color_black.binarypb,enable_popup_on_keypress=true,keyboard_redesign_google_sans=true,non_linear_scale,noshadow,silkpopup,use_expression_papercuts_v2_colors=true, global_locale=pt_BR, global_density_dpi=480, global_orientation=1}, className=.latin.keyboard.LatinPrimeKeyboard, resourceIds=[#0x7f1706c9, #0x7f170891], initialStates=0, keyboardViewDefs=[ndr{direction=null, id=#0x7f0b0227, isScalable=true, layoutId=#0x7f0e02b2, type=BODY, touchable=true, defaultShow=true}, ndr{direction=null, id=#0x7f0b0227, isScalable=false, layoutId=#0x7f0e020e, type=FLOATING_CANDIDATES, touchable=false, defaultShow=false}, ndr{direction=LOCALE, id=#0x7f0b0227, isScalable=false, layoutId=#0x7f0e0514, type=HEADER, touchable=true, defaultShow=true}], persistentStates=0, persistentStatesPrefKey=null, popupBubbleLayoutId=#0x7f0e0602, recentKeyLayoutId=#0x0, recentKeyPopupLayoutId=#0x0, recentKeyType=null, rememberRecentKey=NONE, sessionStates=17592186044419}, type=WIDGET, helpersCreated={HEADER=mpl@2849989, BODY=mpl@2334d8e, FLOATING_CANDIDATES=mpl@b4d79af}, context.getResources().getConfiguration(): {1.0 724mcc2mnc [pt_BR] masculine ldltr sw407dp w407dp h904dp 480dpi nrml long widecg port night finger -keyb/v/h -nav/h winConfig={ mBounds=Rect(0, 0 - 1220, 2712) mAppBounds=Rect(0, 0 - 1220, 2712) mMaxBounds=Rect(0, 0 - 1220, 2712) mDisplayRotation=ROTATION_0 mWindowingMode=fullscreen mActivityType=undefined mAlwaysOnTop=undefined mRotation=ROTATION_0 mInSplitScreen=false letterBoxed=false foScaled=false isSpecificEmbedded=false screenType=0} s.29 fontWeightAdjustment=0/d themeChanged=0 themeChangedFlags=0 extraData = Bundle[{}] screenType=0/0}
01-23 19:21:49.961  4267  4267 I BaseKeyboardSizeHelper: BaseKeyboardSizeHelper.calculateMaxKeyboardBodyHeight():73 leave 321 height for app when ime window height:2610, header height:132 and isFullscreenMode:false, so the max keyboard body height is:2157
01-23 19:21:49.967  4267  4267 I AndroidIME: InputBundleManager.startInput():358 startInput() with ndn[keyboardType=prime, payload=null]
01-23 19:21:49.967  4267  4267 I GlobeKeyExtension: GlobeKeyExtension.onDeactivate():144 
01-23 19:21:49.967  4267  4267 W TooltipLifecycleManager: TooltipLifecycleManager.dismissTooltips():153 Tooltip with id SUGGESTION_VIEW_EDU_MINI_DIALOG not found in tooltipManager.
01-23 19:21:49.968  4267  4267 I VoiceInputManagerWrapper: VoiceInputManagerWrapper.shutdown():131 shutdown()
01-23 19:21:49.968  4267  4267 I GlobeKeyExtension: GlobeKeyExtension.onActivate():120 
01-23 19:21:49.968  4267  4267 I VoiceInputManagerWrapper: VoiceInputManagerWrapper.cancelShutdown():109 cancelShutdown()
01-23 19:21:49.968  4267  4267 I VoiceInputManagerWrapper: VoiceInputManagerWrapper.syncLanguagePacks():121 syncLanguagePacks()
01-23 19:21:49.968  4267  4267 I VoiceInputManager: VoiceInputManager.onKeyboardActivated():1213 onKeyboardActivated() [UD]
01-23 19:21:49.969  4267  4267 I PkModeUpdater: PkModeUpdater.onActivate():74 onActivate false true
01-23 19:21:49.969  4267  4267 I AccessoryInputModeManager: AccessoryInputModeManager.onModeStarted():321 Accessory input mode started: null
01-23 19:21:49.969  4267  4267 W SupplementaryKeyboardsWrapper: SupplementaryKeyboardsWrapper.deactivateKeyboard():162 keyboard accessory_candidates_consumer is not activated before!
01-23 19:21:49.969  4267  4267 I AutofillAccessPointProviderModule: AutofillAccessPointProviderModule.getAccessPointDefDataBuilder():313 Autofill access point shown at BAR
01-23 19:21:49.969  4267 12591 I SpeechFactory: SpeechRecognitionFactory.maybeScheduleAutoPackDownloadForFallback():217 maybeScheduleAutoPackDownloadForFallback()
01-23 19:21:49.969  4267 12591 I FallbackOnDeviceRecognitionProvider: FallbackOnDeviceRecognitionProvider.maybeScheduleAutoPackDownload():205 maybeScheduleAutoPackDownload() for language tag pt-BR
01-23 19:21:49.970  4267  4267 I KeyboardModeUtils: KeyboardModeUtils.getKeyboardBottomOffset():435 inch: 0.000000 ydpi: 445.614014 adjustKeyboardBottomByDisplaySize: false currentDensityDpi: 480 defaultDensityDpi: 480 keyboardBottomToScreenPx: 0 keyboardBottomToNavBarPx: 0 navBarHeight: 0
01-23 19:21:49.970  4267  4267 I BaseKeyboardSizeHelper: BaseKeyboardSizeHelper.calculateMaxKeyboardBodyHeight():73 leave 321 height for app when ime window height:2610, header height:132 and isFullscreenMode:false, so the max keyboard body height is:2157
01-23 19:21:49.970  4267  4267 I BaseKeyboardSizeHelper: BaseKeyboardSizeHelper.calculateMaxKeyboardBodyHeight():73 leave 321 height for app when ime window height:2610, header height:132 and isFullscreenMode:false, so the max keyboard body height is:2157
01-23 19:21:49.970  4267  4267 I BaseKeyboardSizeHelper: BaseKeyboardSizeHelper.calculateMaxKeyboardBodyHeight():73 leave 321 height for app when ime window height:2610, header height:132 and isFullscreenMode:false, so the max keyboard body height is:2157
01-23 19:21:49.970  4267  4267 I BaseKeyboardSizeHelper: BaseKeyboardSizeHelper.calculateMaxKeyboardBodyHeight():73 leave 321 height for app when ime window height:2610, header height:132 and isFullscreenMode:false, so the max keyboard body height is:2157
01-23 19:21:49.970  4267  4267 W ExtensionWrapper: ExtensionWrapper.setExtensionViewVisibility():863 interface msq is not activate
01-23 19:21:49.970  4267 12591 I SpeechPackManager: SpeechPackManager.isPackAvailableToDownload():224 isPackAvailableToDownload() : LanguageTag = pt-BR : ManifestUrl = https://dl.google.com/android/voice/gboard/terse/superpacks-manifest-20210519.json
01-23 19:21:49.971  4267 24163 I FallbackOnDeviceRecognitionProvider: FallbackOnDeviceRecognitionProvider$1.onSuccess():213 auto download packs.
01-23 19:21:49.971  4267 24163 I SpeechPackManager: SpeechPackManager.syncPacks():343 syncPacks()
01-23 19:21:49.971  4267 24163 I SpeechPackManager: SpeechPackManager.registerManifest():509 registerManifest() : https://dl.google.com/android/voice/gboard/terse/superpacks-manifest-20210519.json
01-23 19:21:49.971  4267 24163 I SpeechPackManager: SpeechPackManager.registerManifest():516 registerManifest() : Reusing hash 1327534105
01-23 19:21:49.973  4267  4267 I VoiceImeExtension: VoiceImeExtension.shouldStartVoiceInputAutomaticallyInCurrentInputBox():384 No private IME option set to start voice input.
01-23 19:21:49.973  4267  5000 I SpeechPackSlicingStrategy: SpeechPackSlicingStrategy.getSlices():52 getSlices() : ForceUpdates = false : LanguageTags = [pt-BR]
01-23 19:21:49.973  4267  5000 I SpeechPackSlicingStrategy: SpeechPackSlicingStrategy.getSlices():66 getSlices(): slicing result: {slices=[{gboard-small-speech-packs:pt-BR-v200-f20, W:C:*:*, bg}], last batch=true, sync metadata=false}
01-23 19:21:49.973  4267  5000 I SP      : Syncing gboard-small-speech-packs (1327534105) with slices: [{pt-BR-v200-f20, W:C:*:*, bg}], metadata: false
01-23 19:21:49.974  4267  4267 I Module  : DeviceLockedStatusModuleProvider$Module.updateDeviceLockedStatus():103 repeatCheckTimes = 1, locked = false
01-23 19:21:49.974  4267  4267 E FileUtils: err write to mi_exception_log
01-23 19:21:49.974  4267  4267 I StylusModule: StylusModule.onUpdateToolType():799 Update tool type = 1
01-23 19:21:49.974  4267  4267 V InputMethod: IMS.showSoftInput()
01-23 19:21:49.975  1832  5151 I InputMethodManagerService: IMMS.applyImeVisibility(), setVisible = true, mCurclient = ClientState{b393d1a mUid=10525 mPid=22443 mSelfReportedDisplayId=0}
01-23 19:21:49.975  1832  5151 I WindowManager: WMS.showImePostLayout(), imeTarget = Window{1b71644 u0 com.lzofseven.mcserver/com.lzofseven.mcserver.MainActivity}
01-23 19:21:49.976  1832  1891 D MiuiRefreshRatePolicy: reset
01-23 19:21:49.978  2668  2668 D MiuiBubbleManager: onEntryUpdated: com.android.systemui.statusbar.notification.collection.NotificationEntry@deba023 true
01-23 19:21:49.978  4267  4267 I KeyboardModeUtils: KeyboardModeUtils.getKeyboardBottomOffset():435 inch: 0.000000 ydpi: 445.614014 adjustKeyboardBottomByDisplaySize: false currentDensityDpi: 480 defaultDensityDpi: 480 keyboardBottomToScreenPx: 0 keyboardBottomToNavBarPx: 0 navBarHeight: 0
01-23 19:21:49.978  4267  4267 I BaseKeyboardSizeHelper: BaseKeyboardSizeHelper.calculateMaxKeyboardBodyHeight():73 leave 321 height for app when ime window height:2610, header height:132 and isFullscreenMode:false, so the max keyboard body height is:2157
01-23 19:21:49.978  4267  4267 I BaseKeyboardSizeHelper: BaseKeyboardSizeHelper.calculateMaxKeyboardBodyHeight():73 leave 321 height for app when ime window height:2610, header height:132 and isFullscreenMode:false, so the max keyboard body height is:2157
01-23 19:21:49.979  4267  4267 I WindowMetricsNotification: WindowMetricsNotification.notifyWithWindow():166 
01-23 19:21:49.979  4267  4267 I WindowMetricsNotification: WindowMetricsNotification.notify():159 pze[bounds=Rect(0, 102 - 1220, 2712), insets=Rect(0, 0 - 0, 0), densityDpi=480, smallestScreenWidthDp=407, displayWidth=1220, displayHeight=2712, xdpi=445.614, ydpi=445.614, isTrustable=true, displayId=0]; DisplayMetrics{density=3.0, width=1220, height=2712, scaledDensity=3.0, xdpi=445.614, ydpi=445.614}
01-23 19:21:49.979  2668  2668 D MiuiBarrageController: IsGameMode:false BarrageSwitch:false BarragePermissionEnabled true
01-23 19:21:49.979  2668  2668 I MiuiBubbleSettings: com.lzofseven.mcserver 0isAppEnableBubbleNotification: false
01-23 19:21:49.981  2668  2775 D OneHandedController: stopOneHanded state is 0
01-23 19:21:49.981  1832  1891 I ActivityTaskManager: visible for Task{5fe4584 #2954 type=standard A=10525:com.lzofseven.mcserver} visible = true isAnimating = false TRANSITION = false PARENTS = false CHILDREN = false
01-23 19:21:49.984 22443 22443 D InsetsController: show(ime(), fromIme=true)
01-23 19:21:49.984 22443 22443 I ImeTracker: com.lzofseven.mcserver:d9b25ce4: onCancelled at PHASE_CLIENT_APPLY_ANIMATION
01-23 19:21:49.987  2668  2668 D ArtChoreographerMonitor: invoke error.
01-23 19:21:49.988  4267  4267 I GoogleInputMethodService: GoogleInputMethodService$1.onKeyboardViewShown():323 onKeyboardViewShown: keyboardType=prime, keyboardViewType=HEADER keyboardView=com.google.android.libraries.inputmethod.widgets.SoftKeyboardView{edd5044 V.E...... ........ 0,0-1220,132}
01-23 19:21:49.988  4267  4267 I BaseKeyboardSizeHelper: BaseKeyboardSizeHelper.calculateMaxKeyboardBodyHeight():73 leave 321 height for app when ime window height:2610, header height:132 and isFullscreenMode:false, so the max keyboard body height is:2157
01-23 19:21:49.988  4267  4267 I GoogleInputMethodService: GoogleInputMethodService$1.onKeyboardViewShown():323 onKeyboardViewShown: keyboardType=prime, keyboardViewType=BODY keyboardView=com.google.android.libraries.inputmethod.widgets.SoftKeyboardView{4ad8082 V.E...... ........ 0,0-1220,812}
01-23 19:21:49.988  4267  4267 I BaseKeyboardSizeHelper: BaseKeyboardSizeHelper.calculateMaxKeyboardBodyHeight():73 leave 321 height for app when ime window height:2610, header height:132 and isFullscreenMode:false, so the max keyboard body height is:2157
01-23 19:21:49.988  4267  4267 I GlobeKeyExtension: GlobeKeyExtension$1.onKeyboardViewShown():72 maybeDisableLanguageSwitchKeyPref when the keyboard is shown
01-23 19:21:49.988  4267  4267 I GlobeKeyExtension: GlobeKeyExtension.maybeDisableLanguageSwitchKeyPref():200 maybeDisableLanguageSwitchKeyPref hasGlobeKeyBeenDisabled: false, shouldDisableLanguageSwitchKey: false
01-23 19:21:49.988  4267  4267 I NewLanguagePromptExtension: NewLanguagePromptExtension$1.onKeyboardViewShown():98 Not show new language banner: no change in enabled input method entries
01-23 19:21:49.989  4267  4267 I DynamicLayoutHandler: DynamicLayoutHandler.loadDynamicKeys():92 This isn't a dynamic layout.
01-23 19:21:49.989  4267  5065 I Delight5Decoder: Delight5DecoderWrapper.setKeyboardLayout():536 setKeyboardLayout()
01-23 19:21:49.991  4267  4267 W TooltipLifecycleManager: TooltipLifecycleManager.dismissTooltips():153 Tooltip with id AUTOFILL_ACCESS_POINT_TOOLTIP not found in tooltipManager.
01-23 19:21:49.993  1000  1640 I android.hardware.graphics.composer@3.2-service: Sensor: notify citsensorservice to trigger cwb
01-23 19:21:49.993  1593  2197 I libsensor-frameBufferManager: request dump start
01-23 19:21:49.993  1593  2197 D libcomposer_ext: ClientImplAidl::getDispDump(), dpy 1, dst (160, 120), dump_point 1, release_fence -1
01-23 19:21:49.994  2668  3301 D skia    : SkJpegCodec::onGetPixels + (1024, 1024)
01-23 19:21:49.994  2668  3301 I DMABUFHEAPS: Using DMA-BUF heap named: mtk_mm
01-23 19:21:49.995  1000  1024 D libcomposer_ext: DeviceImplAidl::syncPerform(14), client_handle: 1
01-23 19:21:49.995  1000  1024 D libcomposer_ext: DeviceImplAidl::DeviceClientContextAidl::ParseGetDispDump()
01-23 19:21:49.995  1000  1024 D libcomposer_ext: DeviceImplAidl::ParseGetDispDump(), dpy 1, dst (160, 120), dump_point 1
01-23 19:21:49.995  1000  1024 I hwcomposer: [HWC] getDispDump(), dpy 1, (822,7,982,127), (160, 120), (1, 2), (-1), (-1), (0xb400007e2a4e0710)  
01-23 19:21:49.995  1000  1024 I hwcomposer: [DRMDEV] isSupportWbParams(), id_crtc 103, id_connector 34, dump_point 1, src(160, 120), dst(160, 120), config 2  
01-23 19:21:49.995  1000  1024 E hwcomposer: [DRMDEV] isSupportWbParams(), disp(1220, 2712)  
01-23 19:21:49.996  1000  1024 I hwcomposer: [DISP_DUMP] setDumpBuf(), dpy(0), src(822, 7, 982, 127), dst(160, 120), (1, 2), -1, (-1), (0xb400007e2a4e0710)  
01-23 19:21:49.996  2668  2668 E StackScroller: updateSidePadding: viewWidth is zero
01-23 19:21:49.996  1000  1024 I hwcomposer: [HWC] (0)fire a callback of refresh to SF[9]  
01-23 19:21:49.996  2668  3301 D skia    : stream getLength() supported, buffer addr 0x6d7470b000 length 504832
01-23 19:21:49.997  2668  3301 D skia    : LoadInputStreamToMem va 0x6d7470b000  size 504832
01-23 19:21:49.998  2668  3301 D libjpeg-alpha: Huffman Builder run in subthread
01-23 19:21:49.999  2668  3301 D libjpeg-alpha: Tile Decoder (#thread:4, size:256 256 256 256x256, alignment:256x16)
01-23 19:21:50.000  1000  1024 D libcomposer_ext: DeviceImplAidl::DeviceClientContextAidl::NotifyDispDumpReady()
01-23 19:21:50.001  2668 26605 D libjpeg-alpha: [Hybrid] Wait IRQ thread (26605)
01-23 19:21:50.001  1593 14044 D libcomposer_ext: ClientCallbackAidl::asyncPerform(15)
01-23 19:21:50.001  1593 14044 D libcomposer_ext: ClientImplAidl::ParseNotifyDispDumpReady()
01-23 19:21:50.003  2668 26605 D libjpeg-alpha: [Hybrid] Wait IRQ thread terminated
01-23 19:21:50.006  1131  1131 I BufferQueueProducer: [InputMethod#215874](this:0xb4000070da744cd0,id:-1,api:0,p:-1,c:1131) queueBuffer: fps=19.45 dur=1079.92 max=365.41 min=7.24
01-23 19:21:50.013  4267  5000 I SP      : Sync for gboard-small-speech-packs succeeded in 41 ms: no changes
01-23 19:21:50.013  4267  5000 I SP      : GC for 'gboard-small-speech-packs' (10) with ttl of 0 ms took 0 ms (0/0/0)
01-23 19:21:50.014  4267 24163 I SpeechPackManager: SpeechPackManager$4.onSuccess():495 updatePackSetCacheAsync() : Updated the PackSet cache
01-23 19:21:50.015  2668  3301 D skia    : SkJpegCodec::onGetPixels -
01-23 19:21:50.016  2668  3301 I IconCustomizerUtils: com.lzofseven.mcserver fg ,size too large.1024 > 324.0, density=160
01-23 19:21:50.016  2668  3301 I IconCustomizerUtils: com.lzofseven.mcserver, scale down 0.31640625
01-23 19:21:50.017  2668  3301 I IconCustomizerUtils: scale size = 324, density = 160
01-23 19:21:50.019  2668  3301 D LocalImageResolver: Couldn't use ImageDecoder for drawable, falling back to non-resized load.
01-23 19:21:50.019  1593  2198 D libsensor-parseRGB: the value of RGB [4.885422 5.344692 5.344692]
01-23 19:21:50.021  2668  3301 D LocalImageResolver: Couldn't use ImageDecoder for drawable, falling back to non-resized load.
01-23 19:21:50.022  2668  3301 D LocalImageResolver: Couldn't use ImageDecoder for drawable, falling back to non-resized load.
01-23 19:21:50.029  2668  2668 E StackScroller: updateSidePadding: viewWidth is zero
01-23 19:21:50.034  2668  2668 D AlertCoordinator: onViewBound, buzzBeep for 0|com.lzofseven.mcserver|1337|null|10525
01-23 19:21:50.040  2668  2668 E StackScroller: updateSidePadding: viewWidth is zero
01-23 19:21:50.076  1593  2201 I libsensor-displayalgo: the value of channelCali C:178.274780,R:75.871983,G:78.633202,B:29.804178,scales C:1.312945,R:1.441799,G:1.262245,B:1.286638
01-23 19:21:50.076  1593  2201 D libsensor-displayalgo: brightness:1408.000000,flat_mode:0.000000,R1:32.778162,G1:39.942003,B1:39.942003,R2:2788.754494,G2:2875.919795,B2:2640.509666,R3:710.260855,G3:737.242320,B3:679.591789,R4:75.848648,G4:84.204944,B4:80.625460,EVENT C:849.000000,R:298.000000,G:383.000000,B:187.000000, lux: 54.754913
01-23 19:21:50.153  4267  4267 W TooltipLifecycleManager: TooltipLifecycleManager.dismissTooltips():153 Tooltip with id spell_check_add_to_dictionary not found in tooltipManager.
01-23 19:21:50.171  1009  1388 E HfLooper: sensor imu_hand_detect in hal data=4000,993,9000,9000,10283,40205
01-23 19:21:50.193  1000  1640 I android.hardware.graphics.composer@3.2-service: Sensor: notify citsensorservice to trigger cwb
01-23 19:21:50.193  1593  2197 I libsensor-frameBufferManager: request dump start
01-23 19:21:50.193  1593  2197 D libcomposer_ext: ClientImplAidl::getDispDump(), dpy 1, dst (160, 120), dump_point 1, release_fence -1
01-23 19:21:50.193  1000  1024 D libcomposer_ext: DeviceImplAidl::syncPerform(14), client_handle: 1
01-23 19:21:50.195  1000  1024 D libcomposer_ext: DeviceImplAidl::DeviceClientContextAidl::ParseGetDispDump()
01-23 19:21:50.195  1000  1024 D libcomposer_ext: DeviceImplAidl::ParseGetDispDump(), dpy 1, dst (160, 120), dump_point 1
01-23 19:21:50.195  1000  1024 I hwcomposer: [HWC] getDispDump(), dpy 1, (822,7,982,127), (160, 120), (1, 2), (-1), (-1), (0xb400007e2a4e0830)  
01-23 19:21:50.195  1000  1024 I hwcomposer: [DRMDEV] isSupportWbParams(), id_crtc 103, id_connector 34, dump_point 1, src(160, 120), dst(160, 120), config 2  
01-23 19:21:50.195  1000  1024 E hwcomposer: [DRMDEV] isSupportWbParams(), disp(1220, 2712)  
01-23 19:21:50.195  1000  1024 I hwcomposer: [DISP_DUMP] setDumpBuf(), dpy(0), src(822, 7, 982, 127), dst(160, 120), (1, 2), -1, (-1), (0xb400007e2a4e0830)  
01-23 19:21:50.195  1000  1024 I hwcomposer: [HWC] (0)fire a callback of refresh to SF[9]  
01-23 19:21:50.200  1000  1024 D libcomposer_ext: DeviceImplAidl::DeviceClientContextAidl::NotifyDispDumpReady()
01-23 19:21:50.200  1593 14044 D libcomposer_ext: ClientCallbackAidl::asyncPerform(15)
01-23 19:21:50.200  1593 14044 D libcomposer_ext: ClientImplAidl::ParseNotifyDispDumpReady()
01-23 19:21:50.209  2668  2668 D ArtChoreographerMonitor: invoke error.
01-23 19:21:50.221  1593  2198 D libsensor-parseRGB: the value of RGB [4.885422 5.344692 5.344692]
01-23 19:21:50.276  1593  2201 I libsensor-displayalgo: the value of channelCali C:178.274780,R:75.871983,G:78.633202,B:29.804178,scales C:1.312945,R:1.441799,G:1.262245,B:1.286638
01-23 19:21:50.276  1593  2201 D libsensor-displayalgo: brightness:1408.000000,flat_mode:0.000000,R1:32.778162,G1:39.942003,B1:39.942003,R2:2788.754494,G2:2875.919795,B2:2640.509666,R3:710.260855,G3:737.242320,B3:679.591789,R4:75.848648,G4:84.204944,B4:80.625460,EVENT C:832.000000,R:291.000000,G:377.000000,B:183.000000, lux: 53.428440
01-23 19:21:50.281  1446  1932 D ULogGuard: Monitoring: 23 threads, 0 requests, 0 time-bombs; 262 guards. ResetFlags = 0x7
01-23 19:21:50.303  1832  1888 W Settings: Setting device_provisioned has moved from android.provider.Settings.Secure to android.provider.Settings.Global.
01-23 19:21:50.400  1000  1640 I android.hardware.graphics.composer@3.2-service: Sensor: notify citsensorservice to trigger cwb
01-23 19:21:50.400  1593  2197 I libsensor-frameBufferManager: request dump start
01-23 19:21:50.400  1593  2197 D libcomposer_ext: ClientImplAidl::getDispDump(), dpy 1, dst (160, 120), dump_point 1, release_fence -1
01-23 19:21:50.401  1000  1024 D libcomposer_ext: DeviceImplAidl::syncPerform(14), client_handle: 1
01-23 19:21:50.401  1000  1024 D libcomposer_ext: DeviceImplAidl::DeviceClientContextAidl::ParseGetDispDump()
01-23 19:21:50.401  1000  1024 D libcomposer_ext: DeviceImplAidl::ParseGetDispDump(), dpy 1, dst (160, 120), dump_point 1
01-23 19:21:50.401  1000  1024 I hwcomposer: [HWC] getDispDump(), dpy 1, (822,7,982,127), (160, 120), (1, 2), (-1), (-1), (0xb400007e2a4e0cb0)  
01-23 19:21:50.401  1000  1024 I hwcomposer: [DRMDEV] isSupportWbParams(), id_crtc 103, id_connector 34, dump_point 1, src(160, 120), dst(160, 120), config 2  
01-23 19:21:50.401  1000  1024 E hwcomposer: [DRMDEV] isSupportWbParams(), disp(1220, 2712)  
01-23 19:21:50.401  1000  1024 I hwcomposer: [DISP_DUMP] setDumpBuf(), dpy(0), src(822, 7, 982, 127), dst(160, 120), (1, 2), -1, (-1), (0xb400007e2a4e0cb0)  
01-23 19:21:50.402  1000  1024 I hwcomposer: [HWC] (0)fire a callback of refresh to SF[9]  
01-23 19:21:50.407  1000  1024 D libcomposer_ext: DeviceImplAidl::DeviceClientContextAidl::NotifyDispDumpReady()
01-23 19:21:50.408  1593 14044 D libcomposer_ext: ClientCallbackAidl::asyncPerform(15)
01-23 19:21:50.408  1593 14044 D libcomposer_ext: ClientImplAidl::ParseNotifyDispDumpReady()
01-23 19:21:50.428  1593  2198 D libsensor-parseRGB: the value of RGB [4.885422 5.344692 5.344692]
01-23 19:21:50.476  1593  2201 I libsensor-displayalgo: the value of channelCali C:178.274780,R:75.871983,G:78.633202,B:29.804178,scales C:1.312945,R:1.441799,G:1.262245,B:1.286638
01-23 19:21:50.476  1593  2201 D libsensor-displayalgo: brightness:1408.000000,flat_mode:0.000000,R1:32.778162,G1:39.942003,B1:39.942003,R2:2788.754494,G2:2875.919795,B2:2640.509666,R3:710.260855,G3:737.242320,B3:679.591789,R4:75.848648,G4:84.204944,B4:80.625460,EVENT C:826.000000,R:289.000000,G:374.000000,B:182.000000, lux: 52.924522
01-23 19:21:50.491  1832  2181 I MIUIInput: [MotionEvent] notifyMotion - eventTime=703943852397000, deviceId=6, source=0x1002, policyFlags=0x0, action=0x0, flags=0x0, downTime=703943852397000
01-23 19:21:50.491  1258  1258 I touch_boost: enable=1, boost_up=0, boost_down=1, render_deboost=0, active_time=100, duration=50, idleprefer(TA,FG)=(1,1), util(TA,FG)=(1,1), freq(c0,c1,c2)=(1100000,1400000,400000)
01-23 19:21:50.492  1258  1258 I mtkpower_client: perf_lock_acq, hdl:0, dur:50, num:14, pid:1258, tid:1258
01-23 19:21:50.493  1832  2180 I MIUIInput: [MotionEvent] publisher action=0x0, deviceId=6, 703943852, channel 'fd44948 GestureStubRight (server)'
01-23 19:21:50.493  1832  2180 I MIUIInput: [MotionEvent] publisher action=0x0, deviceId=6, 703943852, channel '[Gesture Monitor] onehanded-touch (server)'
01-23 19:21:50.493  1832  2180 I MIUIInput: [MotionEvent] publisher action=0x0, deviceId=6, 703943852, channel '[Gesture Monitor] miui-gesture (server)'
01-23 19:21:50.494 24346 24346 I SidebarCoverView: onTouch : 4
01-23 19:21:50.494  1044  1093 I libPowerHal: [perfLockAcq] idx:9 hdl:854575 hint:25 pid:1044 tid:1044 duration:10000 lock_user:vendor.mediatek => ret_hdl:854575
01-23 19:21:50.495  1258  1258 I mtkpower_client: IMtkPowerService_isDeclared 1
01-23 19:21:50.497  1832  1890 D WindowManagerService: touch another display`s GestureStub,update focus!
01-23 19:21:50.497  2395  2844 I MIUIInput: [MotionEvent] ViewRootImpl windowName 'GestureStubRight', { action=ACTION_DOWN, id[0]=0, pointerCount=1, eventTime=703943852, downTime=703943852, phoneEventTime=19:21:50.490 } moveCount:0
01-23 19:21:50.498  1019  1053 I libPerfCtl: xgfGetFPS pid:2668 fps:-1
01-23 19:21:50.499  1019  1053 I libPerfCtl: xgfGetFPS pid:4267 fps:-1
01-23 19:21:50.499  1019  1053 I libPerfCtl: xgfGetFPS pid:22443 fps:-1
01-23 19:21:50.499  1258  1258 I mtkpower_client: ret_hdl:854576
01-23 19:21:50.499  1044  1093 I libPowerHal: [perfLockAcq] idx:12 hdl:854576 hint:-1 pid:1258 tid:1258 duration:50 lock_user:touch_boost => ret_hdl:854576
01-23 19:21:50.499  1044  1093 I libPowerHal: [setClusterFreq] touch_boost set cpufreq[0] min:1100000 max:-1 cpufreq[1] min:1400000 max:-1 cpufreq[2] min:400000 max:-1 
01-23 19:21:50.499  1044  1093 I libPowerHal: [setClusterFreq]  set cpu_ctrl cpufreq: 1100000 -1 1400000 -1 -1 -1 
01-23 19:21:50.499  1044  1093 I libPowerHal: [PE] touch_boost update cmd:1404100, param:1
01-23 19:21:50.499  1044  1093 I libPowerHal: [PE] touch_boost update cmd:1404300, param:1
01-23 19:21:50.500  1832  2180 I MiInputDispatcher: Remove penetrate state, because we think gesture is triggered and window type is GESTURE_RIGHT, from (1219.88, 1608.03) to (1127.50, 1647.27)
01-23 19:21:50.500  2395  2844 D GestureStubView_Right: onTouchEvent, action=0, pos=[61.875, 1608.0254], mIsGestureStarted=false
01-23 19:21:50.500  1832  1888 D PerfMTKStubImpl: perfLockAcquire
01-23 19:21:50.501  1832  1888 I mtkpower_client: perf_lock_acq, hdl:854532, dur:2000, num:6, pid:1832, tid:1888
01-23 19:21:50.503  1044  1093 I libPowerHal: [PE] touch_boost update cmd:1408100, param:1
01-23 19:21:50.503  1044  1093 I libPowerHal: [PE] touch_boost update cmd:1408300, param:1
01-23 19:21:50.504  2647  2647 W Settings: Setting airplane_mode_on has moved from android.provider.Settings.System to android.provider.Settings.Global, returning read-only value.
01-23 19:21:50.504  1044  1093 I libPowerHal: [perfLockAcq] idx:13 hdl:854577 hint:-1 pid:1832 tid:1888 duration:2000 lock_user:system_server => ret_hdl:854577
01-23 19:21:50.504  1044  1093 I libPowerHal: [setClusterFreq] system_server set cpufreq[0] min:1000000 max:-1 cpufreq[1] min:1000000 max:-1 cpufreq[2] min:1000000 max:-1 
01-23 19:21:50.504  1044  1093 I libPowerHal: [setClusterFreq]  set cpu_ctrl cpufreq: 1100000 -1 1400000 -1 1000000 -1 
01-23 19:21:50.504  1832  1888 I mtkpower_client: ret_hdl:854577
01-23 19:21:50.506  2647  2647 W Settings: Setting airplane_mode_on has moved from android.provider.Settings.System to android.provider.Settings.Global, returning read-only value.
01-23 19:21:50.507  2647  3342 D SelfStudyController: handleMessage msg.what is 1035
01-23 19:21:50.507  2647 23723 D NetworkSpeedTracker: updateNwSignalInfo not allowed ,ignore
01-23 19:21:50.507  2647  3337 D MiuiTelephonyDFS: msg.what = 2
01-23 19:21:50.508  2647  3337 D MiuiTelephonyDFS: getVoiceRat = 3
01-23 19:21:50.508  2647  3337 D MiuiTelephonyDFS: getRsrp = -1
01-23 19:21:50.508  2647  3337 D MiuiTelephonyDFS: getVoiceRat = 3
01-23 19:21:50.508  2647  3337 D MiuiTelephonyDFS: getSnr = -1
01-23 19:21:50.508  2647  3337 D MiSight::  constructEvent id=915100005
01-23 19:21:50.508  2647  3337 D MiSight::  sendEvent id=915100005
01-23 19:21:50.508  2647  3337 D MiSightJni: MiSight: Java_com_miui_misight_MiSight_nativeSendEvent enter called. '{"SNRValue":-1}'
01-23 19:21:50.508  2647  3337 D MiEvent : MiEvent: this 0x6d4c5f00c0, paylod=0xb40000701a70af80
01-23 19:21:50.508  2647  3337 D MiEvent : flatten EventId 915100005 -t 1769206910 -paraList {"SNRValue":-1}
01-23 19:21:50.508  2647  3337 I MiEvent : report:no open miev 2
01-23 19:21:50.508  2647  3337 D MiEvent : ~MiEvent: this 0x6d4c5f00c0, paylod=0xb40000701a70af80
01-23 19:21:50.508  2647  3337 E MiSightJni: MiSight: nativeSendEvent fail
01-23 19:21:50.508  2395  2844 D GesturesBackController: setSwipeStatus, swipeStatus=4
01-23 19:21:50.508  2395  2844 D GesturesBackController: setSwipeStatus, swipeStatus=8
01-23 19:21:50.508  2395  2844 D GesturesBackController: mSwipeStatus == SWIPE_STATUS_ANIMATING, processPointerEvent
01-23 19:21:50.509  2647  3337 D MiuiTelephonyDFS: msg.what = 2
01-23 19:21:50.509  2647  3337 D MiuiTelephonyDFS: getVoiceRat = 3
01-23 19:21:50.509  2647  3337 D MiuiTelephonyDFS: getRsrp = -1
01-23 19:21:50.509  2647  3337 D MiuiTelephonyDFS: getVoiceRat = 3
01-23 19:21:50.509  2647  3337 D MiuiTelephonyDFS: getSnr = -1
01-23 19:21:50.509  2647  3337 D MiSight::  constructEvent id=915100005
01-23 19:21:50.509  2647  3342 D SelfStudyController: handleMessage msg.what is 1035
01-23 19:21:50.510  2395  2844 D GestureBackArrowView_Right: setIsSwipe isSwipe = false
01-23 19:21:50.510  2395  2844 W GestureStubView_Right: adaptRotation   currentRotation=0   mRotation=0
01-23 19:21:50.510  2647  3337 D MiSight::  sendEvent id=915100005
01-23 19:21:50.510  2647 23723 D NetworkSpeedTracker: updateNwSignalInfo not allowed ,ignore
01-23 19:21:50.510  2395  2844 D GestureStubView_Right: resetRenderProperty: MSG_RESET_ANIMATING_STATUS   isLayoutParamChanged=false
01-23 19:21:50.510  2395  2844 D GestureStubView_Right: reset animating status
01-23 19:21:50.510  2647  3337 D MiSightJni: MiSight: Java_com_miui_misight_MiSight_nativeSendEvent enter called. '{"SNRValue":-1}'
01-23 19:21:50.510  2647  3337 D MiEvent : MiEvent: this 0x6d4c5f00c0, paylod=0xb40000701a70af80
01-23 19:21:50.510  2647  3337 D MiEvent : flatten EventId 915100005 -t 1769206910 -paraList {"SNRValue":-1}
01-23 19:21:50.511  2647  3337 I MiEvent : report:no open miev 2
01-23 19:21:50.511  2647  3337 D MiEvent : ~MiEvent: this 0x6d4c5f00c0, paylod=0xb40000701a70af80
01-23 19:21:50.511  2647  3337 E MiSightJni: MiSight: nativeSendEvent fail
01-23 19:21:50.512  2395  2844 D GesturesBackController: setSwipeStatus, swipeStatus=2
01-23 19:21:50.515  2395  2844 D GestureStubView_Right: onSwipeStart: needAnimation=true, offsetY=1608.0254
01-23 19:21:50.516  2395  2844 D GestureStubView_Right: renderView
01-23 19:21:50.516  2395  2844 D GestureBackArrowView_Right: setIsSwipe isSwipe = true
01-23 19:21:50.516  2395  2844 D GestureStubView_Right: onBackStart: mBackInvokeCallbackStarted=false  mOnBackInvokedCallbackImpl= com.miui.home.recents.GestureStubView$OnBackInvokedCallbackImplU@55f4955
01-23 19:21:50.522  1832  5151 D CoreBackPreview: startBackNavigation currentTask=Task{5fe4584 #2954 type=standard A=10525:com.lzofseven.mcserver}, topRunningActivity=ActivityRecord{2e05a16 u0 com.lzofseven.mcserver/.MainActivity t2954}, callbackInfo=OnBackInvokedCallbackInfo{mCallback=android.window.IOnBackInvokedCallback$Stub$Proxy@4966612, mPriority=0, mIsAnimationCallback=false}, currentFocus=Window{1b71644 u0 com.lzofseven.mcserver/com.lzofseven.mcserver.MainActivity}
01-23 19:21:50.525  1832  5151 D MiuiRefreshRatePolicy: reset
01-23 19:21:50.527  2395  2844 D BLASTBufferQueue: [VRI[GestureStubRight]#1](f:0,a:1) update width=1220 height=2712 format=1 mTransformHint=0
01-23 19:21:50.528  2668  2668 D ArtChoreographerMonitor: invoke error.
01-23 19:21:50.529  2395  2844 D GestureStubView_Right: updateTouchRegion: bounds= Rect(0, 204 - 1220, 2635)
01-23 19:21:50.530  1832  5151 D MiuiRefreshRatePolicy: reset
01-23 19:21:50.534  1832  1891 I ActivityTaskManager: visible for Task{5fe4584 #2954 type=standard A=10525:com.lzofseven.mcserver} visible = true isAnimating = false TRANSITION = false PARENTS = false CHILDREN = false
01-23 19:21:50.535  1000  1024 I hwcomposer: [HWCDisplay] [Display_0 (type:1, mode:2)] fps:90.923531,dur:1000.84,max:91.05,min:5.03  
01-23 19:21:50.538  1832  1891 I ActivityTaskManager: visible for Task{5fe4584 #2954 type=standard A=10525:com.lzofseven.mcserver} visible = true isAnimating = false TRANSITION = false PARENTS = false CHILDREN = false
01-23 19:21:50.539  1131  1131 I BufferQueueProducer: [StatusBar#113](this:0xb4000070da6b66c0,id:-1,api:0,p:-1,c:1131) queueBuffer: fps=0.35 dur=2894.61 max=2894.61 min=2894.61
01-23 19:21:50.541  2395  2889 D BLASTBufferQueue: [VRI[GestureStubRight]#1](f:0,a:2) producer disconnected before acquireNextBufferLocked
01-23 19:21:50.541  1258  1258 I touch_boost: enable=0, boost_up=0, boost_down=1, render_deboost=0, active_time=100, duration=50, idleprefer(TA,FG)=(1,1), util(TA,FG)=(1,1), freq(c0,c1,c2)=(1100000,1400000,400000)
01-23 19:21:50.541  1258  1258 I mtkpower_client: perf_lock_rel, hdl:854576, tid:1258
01-23 19:21:50.543  1832  2181 I MIUIInput: [MotionEvent] notifyMotion - eventTime=703943905090000, deviceId=6, source=0x1002, policyFlags=0x0, action=0x1, flags=0x0, downTime=703943852397000
01-23 19:21:50.545  1258  1258 I mtkpower_client: IMtkPowerService_isDeclared 1
01-23 19:21:50.546  1044  1093 I libPowerHal: [perfLockRel] hdl:854576, idx:12
01-23 19:21:50.546  1044  1093 I libPowerHal: [setClusterFreq]  set cpu_ctrl cpufreq: 1000000 -1 1000000 -1 1000000 -1 
01-23 19:21:50.546  1044  1093 I libPowerHal: [PD] touch_boost update cmd:1404100 param:0
01-23 19:21:50.546  1044  1093 I libPowerHal: [PD] touch_boost update cmd:1404300 param:0
01-23 19:21:50.547  1044  1093 I libPowerHal: [PD] touch_boost update cmd:1408100 param:0
01-23 19:21:50.547  1131  1131 I BufferQueueProducer: [GestureStubRight#72](this:0xb4000070da5201f0,id:-1,api:0,p:-1,c:1131) queueBuffer: fps=0.18 dur=90158.90 max=90034.56 min=7.29
01-23 19:21:50.548  1832  2180 I MIUIInput: [MotionEvent] publisher action=0x1, deviceId=6, 703943905, channel '[Gesture Monitor] onehanded-touch (server)'
01-23 19:21:50.548  1832  2180 I MIUIInput: [MotionEvent] publisher action=0x1, deviceId=6, 703943905, channel '[Gesture Monitor] miui-gesture (server)'
01-23 19:21:50.548  1832  2180 I MIUIInput: [MotionEvent] publisher action=0x1, deviceId=6, 703943905, channel 'fd44948 GestureStubRight (server)'
01-23 19:21:50.550  1044  1093 I libPowerHal: [PD] touch_boost update cmd:1408300 param:0
01-23 19:21:50.551  2395  2844 I MIUIInput: [MotionEvent] ViewRootImpl windowName 'GestureStubRight', { action=ACTION_UP, id[0]=0, pointerCount=1, eventTime=703943905, downTime=703943852, phoneEventTime=19:21:50.543 } moveCount:4
01-23 19:21:50.551  2395  2844 D GestureStubView_Right: onTouchEvent, action=1, pos=[856.14355, 1760.2715], mIsGestureStarted=true
01-23 19:21:50.551  2395  2844 D GestureStubView_Right: ACTION_UP: mIsGestureStarted: true mIsGestureAnimationEnabled: true
01-23 19:21:50.551  2395  2844 D GesturesBackController: setSwipeStatus, swipeStatus=16
01-23 19:21:50.551  2395  2844 D GestureStubView_Right: onSwipeStop, isSwipeRightInDirection=true
01-23 19:21:50.551  2395  2844 D GestureStubView_Right: onSwipeStop, isFinish=true, doFeedBack=true, readyState=READY_STATE_BACK
01-23 19:21:50.551  2395  2844 D GestureStubView_Right: onSwipeStop, canUseBackGesture=false, isAnimLessThanTargetRect=false, mAppResume=true
01-23 19:21:50.551  1044  1093 I libPowerHal: [perfLockRel] hdl:854575, idx:9
01-23 19:21:50.552  1832  1888 D PerfMTKStubImpl: perfLockRelease
01-23 19:21:50.553  1832  1888 I mtkpower_client: perf_lock_rel, hdl:854577, tid:1888
01-23 19:21:50.554  1000  1660 W hwcomposer: [DRMDEV] paramIsSame(), id 79766, w 62/1220, h 2712/2712, pitch 64/1248, format 0x1/0x1, secure 0/0  
01-23 19:21:50.554  1044  1093 I libPowerHal: [perfLockRel] hdl:854577, idx:13
01-23 19:21:50.554  1044  1093 I libPowerHal: [setClusterFreq]  set cpu_ctrl cpufreq: -1 -1 -1 -1 -1 -1 
01-23 19:21:50.558  2395  2844 D GestureStubView_Right: injectKeyEvent keyCode:4
01-23 19:21:50.558  2395  2844 I RecentsImpl: injectKeyEvent hasRecentInit=false, isOpenAnimRunning=false
01-23 19:21:50.558  2395  2844 I GestureStubView_Right: injectKeyEvent run
01-23 19:21:50.559  2395  2844 D GestureStubView_Right: onBackInvoke: mBackInvokeCallbackStarted=true  mOnBackInvokedCallbackImpl= com.miui.home.recents.GestureStubView$OnBackInvokedCallbackImplU@55f4955
01-23 19:21:50.559  2395  2844 D GestureStubView_Right: onBackInvoked
01-23 19:21:50.559  2395  2844 D GestureBackArrowView_Right: setIsSwipe isSwipe = false
01-23 19:21:50.559  2395  2844 D GesturesBackController: onPointerEvent MotionEvent.ACTION_UP stopGestures isFinish:true speed:6
01-23 19:21:50.567 22443 22443 I MIUIInput: [KeyEvent] ViewRootImpl windowName 'sendBackKeyEvent-com.lzofseven.mcserver/com.lzofseven.mcserver.MainActivity', KeyEvent { action=ACTION_DOWN, keyCode=KEYCODE_BACK, scanCode=0, metaState=0, flags=0x48, repeatCount=0, eventTime=703943928000000, downTime=703943928000000, deviceId=-1, source=0x101, displayId=-1 }, phoneEventTime=19:21:50.566
01-23 19:21:50.569 22443 22443 I MIUIInput: [KeyEvent] ViewRootImpl windowName 'sendBackKeyEvent-com.lzofseven.mcserver/com.lzofseven.mcserver.MainActivity', KeyEvent { action=ACTION_UP, keyCode=KEYCODE_BACK, scanCode=0, metaState=0, flags=0x48, repeatCount=0, eventTime=703943930000000, downTime=703943930000000, deviceId=-1, source=0x101, displayId=-1 }, phoneEventTime=19:21:50.568
01-23 19:21:50.569  1009  1388 E HfLooper: sensor imu_hand_detect in hal data=4000,811,9000,9000,10253,40219
01-23 19:21:50.570  4267  4267 I StylusModule: StylusModule.onUpdateToolType():799 Update tool type = 0
01-23 19:21:50.570  2395  2755 I HapticFeedbackUtil: rtp:0
01-23 19:21:50.570  4267  4267 I ImeTracker: com.google.android.inputmethod.latin:20625f6: onRequestHide at ORIGIN_IME reason HIDE_SOFT_INPUT_BY_BACK_KEY fromUser true
01-23 19:21:50.571  1832  5151 D VibratorManagerService: Starting vibrate for vibration 57283
01-23 19:21:50.571  1832  5151 D system_server: xlog_init
01-23 19:21:50.571  1832  5151 D system_server:  _xog_get_handle 
01-23 19:21:50.572  7478 12353 D MirrorManager:  sendAcceptInput 0 0
01-23 19:21:50.573  1131  1320 D MI-SF   : updateScene: module = 270 (Unknown), value = 0, pkg = com.lzofseven.mcserver
01-23 19:21:50.574  1832  5151 D system_server: get xlog handle
01-23 19:21:50.574  1832  5151 V xlog_client: xlog_check_permission event name waveform_info level 0
01-23 19:21:50.574  1832  5151 D system_server:  xlog_deinit 
01-23 19:21:50.574  1832  5151 D MiuiXlog: eventName = waveform_info level = 0 result = false
01-23 19:21:50.574  1832  5151 D VibratorManagerServiceImpl: attrs = VibrationAttributes{mUsage=HARDWARE_FEEDBACK, mAudioUsage= USAGE_UNKNOWN, mCategory=UNKNOWN, mFlags=0}, attrs.usage = 50
01-23 19:21:50.574  1832  5151 E VibratorManagerServiceImpl: vibrationThreadSetParameters
01-23 19:21:50.574  1090  1119 D vendor.hardware.vibratorfeature: vibrator usage : 50 
01-23 19:21:50.575  1090  1119 D vendor.hardware.vibratorfeature: Vibrator perform effect 0
01-23 19:21:50.575  1090  1119 D vendor.hardware.vibratorfeature: uses mCurrMagnitudeExt 1.410000
01-23 19:21:50.575  1090  1119 D vendor.hardware.vibratorfeature: getAmplitudeFromEffectStrength 1.000000
01-23 19:21:50.575  1090  1119 D vendor.hardware.vibratorfeature: return from driver is 20
01-23 19:21:50.575  1090  1119 D vendor.hardware.vibratorfeature: playLengthMs is 70
01-23 19:21:50.578  1090 26609 D vendor.hardware.vibratorfeature: Starting perform on another thread
01-23 19:21:50.583 22443 22443 V VRI[MainActivity]: [ANR Warning]Input routeing takes more than 6000ms since 1969-12-31 21:00:00.000, this = com.mediatek.view.impl.ViewDebugManagerImpl@3b51b76
01-23 19:21:50.583 22443 22443 V VRI[MainActivity]: Input event delivered to android.view.ViewRootImpl$ImeInputStage@7798e38 at 2026-01-23 19:21:50.569
01-23 19:21:50.583 22443 22443 V VRI[MainActivity]: Input event delivered to android.view.ViewRootImpl$EarlyPostImeInputStage@68fb92d at 2026-01-23 19:21:50.583
01-23 19:21:50.583 22443 22443 V VRI[MainActivity]: Input event delivered to android.view.ViewRootImpl$SyntheticInputStage@19820b0 at 2026-01-23 19:21:50.583
01-23 19:21:50.583 22443 22443 V VRI[MainActivity]: Input event delivered to android.view.ViewRootImpl$ViewPreImeInputStage@b722a9b at 2026-01-23 19:21:50.569
01-23 19:21:50.583 22443 22443 V VRI[MainActivity]: Input event delivered to android.view.ViewRootImpl$NativePostImeInputStage@b6bbe62 at 2026-01-23 19:21:50.583
01-23 19:21:50.583 22443 22443 V VRI[MainActivity]: Input event delivered to android.view.ViewRootImpl$NativePreImeInputStage@1a1beaa at 2026-01-23 19:21:50.569
01-23 19:21:50.583 22443 22443 V VRI[MainActivity]: Input event delivered to android.view.ViewRootImpl$ViewPostImeInputStage@2ae1bf3 at 2026-01-23 19:21:50.583
01-23 19:21:50.588  4267  4267 V InputMethodService: CALL: hideWindow
01-23 19:21:50.588 22443 22443 V VRI[MainActivity]: [ANR Warning]Input routeing takes more than 6000ms since 1969-12-31 21:00:00.000, this = com.mediatek.view.impl.ViewDebugManagerImpl@3b51b76
01-23 19:21:50.588 22443 22443 V VRI[MainActivity]: Input event delivered to android.view.ViewRootImpl$EarlyPostImeInputStage@68fb92d at 2026-01-23 19:21:50.588
01-23 19:21:50.588  4267  4267 I GoogleInputMethodService: GoogleInputMethodService.onFinishInputView():1577 onFinishInputView(false)
01-23 19:21:50.588 22443 22443 V VRI[MainActivity]: Input event delivered to android.view.ViewRootImpl$SyntheticInputStage@19820b0 at 2026-01-23 19:21:50.588
01-23 19:21:50.588 22443 22443 V VRI[MainActivity]: Input event delivered to android.view.ViewRootImpl$NativePostImeInputStage@b6bbe62 at 2026-01-23 19:21:50.588
01-23 19:21:50.588 22443 22443 V VRI[MainActivity]: Input event delivered to android.view.ViewRootImpl$ViewPostImeInputStage@2ae1bf3 at 2026-01-23 19:21:50.588
01-23 19:21:50.588  4267  4267 I GlobeKeyExtension: GlobeKeyExtension.onDeactivate():144 
