--------- beginning of main
01-23 19:21:46.591  1000  1000 D libcomposer_ext: DeviceImplAidl::DeviceClientContextAidl::NotifyDispDumpReady()
01-23 19:21:46.591  1593  1593 D libcomposer_ext: ClientCallbackAidl::asyncPerform(15)
01-23 19:21:46.591  1593  1593 D libcomposer_ext: ClientImplAidl::ParseNotifyDispDumpReady()
01-23 19:21:46.602  1832  3375 D system_server: get xlog handle
01-23 19:21:46.610  1593  2198 D libsensor-parseRGB: the value of RGB [4.905944 5.356730 5.364257]
01-23 19:21:46.619  1832  2181 I MIUIInput: [MotionEvent] notifyMotion - eventTime=703939980813000, deviceId=6, source=0x1002, policyFlags=0x0, action=0x1, flags=0x0, downTime=703939883394000
--------- beginning of system
01-23 19:21:46.630  1832  1940 I ActivityManager: Killing 24209:com.miui.weather2/u0a275 (adj 700): MiuiMemoryService(recent-provider)
01-23 19:21:46.631  1832  3375 V xlog_client: xlog_check_permission event name waveform_info level 0
01-23 19:21:46.631  1832  3375 D system_server:  xlog_deinit 
01-23 19:21:46.673  1258  1258 I touch_boost: enable=1, boost_up=0, boost_down=1, render_deboost=0, active_time=100, duration=50, idleprefer(TA,FG)=(1,1), util(TA,FG)=(1,1), freq(c0,c1,c2)=(1100000,1400000,400000)
01-23 19:21:46.673  1258  1258 I mtkpower_client: perf_lock_acq, hdl:0, dur:50, num:14, pid:1258, tid:1258
01-23 19:21:46.673  1832  2181 I MIUIInput: [MotionEvent] notifyMotion - eventTime=703940034310000, deviceId=6, source=0x1002, policyFlags=0x0, action=0x0, flags=0x0, downTime=703940034310000
01-23 19:21:46.673  1258  1258 I mtkpower_client: IMtkPowerService_isDeclared 1
01-23 19:21:46.673  1044  1093 I libPowerHal: [perfLockAcq] idx:9 hdl:854543 hint:-1 pid:1258 tid:1258 duration:50 lock_user:touch_boost => ret_hdl:854543
01-23 19:21:46.673  1044  1093 I libPowerHal: [setClusterFreq] touch_boost set cpufreq[0] min:1100000 max:-1 cpufreq[1] min:1400000 max:-1 cpufreq[2] min:400000 max:-1 
01-23 19:21:46.673  1044  1093 I libPowerHal: [setClusterFreq]  set cpu_ctrl cpufreq: 1100000 -1 1400000 -1 -1 -1 
01-23 19:21:46.673  1044  1093 I libPowerHal: [PE] touch_boost update cmd:1404100, param:1
01-23 19:21:46.673  1044  1093 I libPowerHal: [PE] touch_boost update cmd:1404300, param:1
01-23 19:21:46.674  1593  2201 I libsensor-displayalgo: the value of channelCali C:209.679756,R:88.137502,G:93.629238,B:35.679663,scales C:1.312945,R:1.441799,G:1.262245,B:1.286638
01-23 19:21:46.674  1593  2201 D libsensor-displayalgo: brightness:1408.000000,flat_mode:0.000000,R1:33.081844,G1:40.140197,B1:40.264379,R2:2896.521130,G2:2986.654895,B2:2741.054999,R3:1261.884725,G3:1301.038000,B3:1204.429526,R4:75.848648,G4:84.204944,B4:80.625460,EVENT C:925.000000,R:332.000000,G:415.000000,B:205.000000, lux: 57.726349
01-23 19:21:46.676  1044  1093 I libPowerHal: [PE] touch_boost update cmd:1408100, param:1
01-23 19:21:46.676  1044  1093 I libPowerHal: [PE] touch_boost update cmd:1408300, param:1
01-23 19:21:46.676  1258  1258 I mtkpower_client: ret_hdl:854543
01-23 19:21:46.677  1044  1056 E libPowerHal: [getHintRscSize] hint_id 56 cannot be found in PowerScnTbl
01-23 19:21:46.680  1044  1093 I libPowerHal: [perfLockRel] hdl:854542, idx:12
01-23 19:21:46.681  1832  2180 I MIUIInput: [MotionEvent] publisher action=0x1, deviceId=6, 703939980, channel '[Gesture Monitor] onehanded-touch (server)'
01-23 19:21:46.681  1832  2180 I MIUIInput: [MotionEvent] publisher action=0x1, deviceId=6, 703939980, channel '[Gesture Monitor] miui-gesture (server)'
01-23 19:21:46.681  1832  2180 I MIUIInput: [MotionEvent] publisher action=0x1, deviceId=6, 703939980, channel 'cdd7043 InputMethod (server)'
01-23 19:21:46.682  1044  1093 I libPowerHal: [perfLockAcq] idx:12 hdl:854544 hint:25 pid:1044 tid:1044 duration:10000 lock_user:vendor.mediatek => ret_hdl:854544
01-23 19:21:46.682  1832  3375 D MiuiXlog: eventName = waveform_info level = 0 result = false
01-23 19:21:46.682  1832  2180 I MIUIInput: [MotionEvent] publisher action=0x0, deviceId=6, 703940034, channel 'cdd7043 InputMethod (server)'
01-23 19:21:46.682  1832  3375 D VibratorManagerServiceImpl: attrs = VibrationAttributes{mUsage=TOUCH, mAudioUsage= USAGE_UNKNOWN, mCategory=UNKNOWN, mFlags=0}, attrs.usage = 18
01-23 19:21:46.682  1832  2180 I MIUIInput: [MotionEvent] publisher action=0x0, deviceId=6, 703940034, channel '[Gesture Monitor] onehanded-touch (server)'
01-23 19:21:46.682  4267  4267 I MIUIInput: [MotionEvent] ViewRootImpl windowName 'InputMethod', { action=ACTION_UP, id[0]=0, pointerCount=1, eventTime=703939980, downTime=703939883, phoneEventTime=19:21:46.619 } moveCount:8
01-23 19:21:46.682  1832  2180 I MIUIInput: [MotionEvent] publisher action=0x0, deviceId=6, 703940034, channel '[Gesture Monitor] miui-gesture (server)'
01-23 19:21:46.684 24346 24346 I SidebarCoverView: onTouch : 4
01-23 19:21:46.685  1000  1654 I hwcomposer: [HWC] (0)fire a callback of refresh to SF[4]  
01-23 19:21:46.686  1832  3375 E VibratorManagerServiceImpl: vibrationThreadSetParameters
01-23 19:21:46.686  4267  4267 W TooltipLifecycleManager: TooltipLifecycleManager.dismissTooltips():153 Tooltip with id SUGGESTION_VIEW_EDU_MINI_DIALOG not found in tooltipManager.
01-23 19:21:46.688  1090  1119 D vendor.hardware.vibratorfeature: vibrator usage : 18 
01-23 19:21:46.688  4267  4267 I MIUIInput: [MotionEvent] ViewRootImpl windowName 'InputMethod', { action=ACTION_DOWN, id[0]=0, pointerCount=1, eventTime=703940034, downTime=703940034, phoneEventTime=19:21:46.673 } moveCount:0
01-23 19:21:46.698  1090  1119 D vendor.hardware.vibratorfeature: configStrengthForEffect id : 7 , strength: 1.000000
01-23 19:21:46.699  1832  3375 I HapticFeedbackUtil: 7,2,true
01-23 19:21:46.699  1832  3375 D VibratorManagerService: Starting vibrate for vibration 57267
01-23 19:21:46.702  1832  3375 D system_server: xlog_init
01-23 19:21:46.702  1832  3375 D system_server:  _xog_get_handle 
01-23 19:21:46.702  1832  3375 D system_server: get xlog handle
01-23 19:21:46.702  1832  3375 V xlog_client: xlog_check_permission event name waveform_info level 0
01-23 19:21:46.702  1832  3375 D system_server:  xlog_deinit 
01-23 19:21:46.702  1832  3375 D MiuiXlog: eventName = waveform_info level = 0 result = false
01-23 19:21:46.702  1832  3375 D VibratorManagerServiceImpl: attrs = VibrationAttributes{mUsage=TOUCH, mAudioUsage= USAGE_UNKNOWN, mCategory=UNKNOWN, mFlags=0}, attrs.usage = 18
01-23 19:21:46.705  1090  1119 D vendor.hardware.vibratorfeature: Vibrator perform effect 7
01-23 19:21:46.705  1090  1119 D vendor.hardware.vibratorfeature: uses mCurrMagnitudeExt 1.410000
01-23 19:21:46.705  1090  1119 D vendor.hardware.vibratorfeature: getAmplitudeFromEffectStrength 1.000000
01-23 19:21:46.705  1090  1119 D vendor.hardware.vibratorfeature: return from driver is 20
01-23 19:21:46.705  1090  1119 D vendor.hardware.vibratorfeature: playLengthMs is 70
01-23 19:21:46.708  1090 26546 D vendor.hardware.vibratorfeature: Starting perform on another thread
01-23 19:21:46.709  1090  1119 D vendor.hardware.vibratorfeature: QTI Vibrator off
01-23 19:21:46.709  1090  1119 D DynamicEffectThread: pause
01-23 19:21:46.709  1090  1119 D DynamicEffectDevice: FFDevice pause
01-23 19:21:46.709  1832  2104 D VibratorManagerService: Vibration 57266 finished with EndInfo{status=CANCELLED_SUPERSEDED, endedBy=CallerInfo{ uid=1000, opPkg=android, deviceId=0, attrs=VibrationAttributes{mUsage=TOUCH, mAudioUsage= USAGE_UNKNOWN, mCategory=UNKNOWN, mFlags=0}, reason=TAG=haptic_feedback_config_strength;effectId=7;intensity=1.0}}
01-23 19:21:46.709  1832  2104 D VibratorManagerService: Reporting vibration 57266 finished with EndInfo{status=CANCELLED_SUPERSEDED, endedBy=CallerInfo{ uid=1000, opPkg=android, deviceId=0, attrs=VibrationAttributes{mUsage=TOUCH, mAudioUsage= USAGE_UNKNOWN, mCategory=UNKNOWN, mFlags=0}, reason=TAG=haptic_feedback_config_strength;effectId=7;intensity=1.0}}
01-23 19:21:46.709  1832  2104 D VibratorManagerService: Vibration for uid=1000 and with attrs=VibrationAttributes{mUsage=TOUCH, mAudioUsage= USAGE_UNKNOWN, mCategory=UNKNOWN, mFlags=0} ended with status CANCELLED_SUPERSEDED
01-23 19:21:46.711  1832  2104 D VibratorManagerService: VibrationThread released after finished vibration
01-23 19:21:46.711  1832  2104 D VibratorManagerService: Processing VibrationThread released callback
01-23 19:21:46.711  1832  2104 E VibratorManagerServiceImpl: vibrationThreadSetParameters
01-23 19:21:46.711  1090  1119 D vendor.hardware.vibratorfeature: configStrengthForEffect id : 7 , strength: 1.000000
01-23 19:21:46.712  1090  1119 D vendor.hardware.vibratorfeature: Vibrator perform effect 7
01-23 19:21:46.712  1090  1119 D vendor.hardware.vibratorfeature: uses mCurrMagnitudeExt 1.410000
01-23 19:21:46.712  1090  1119 D vendor.hardware.vibratorfeature: getAmplitudeFromEffectStrength 1.000000
01-23 19:21:46.714  1832  1911 I libprocessgroup: Removed cgroup /sys/fs/cgroup/uid_10275/pid_24209
01-23 19:21:46.719   982   982 I Zygote  : Process 24209 exited due to signal 9 (Killed)
01-23 19:21:46.723  1258  1258 I touch_boost: enable=0, boost_up=0, boost_down=1, render_deboost=0, active_time=100, duration=50, idleprefer(TA,FG)=(1,1), util(TA,FG)=(1,1), freq(c0,c1,c2)=(1100000,1400000,400000)
01-23 19:21:46.723  1258  1258 I mtkpower_client: perf_lock_rel, hdl:854543, tid:1258
01-23 19:21:46.723  1258  1258 I mtkpower_client: IMtkPowerService_isDeclared 1
01-23 19:21:46.723  1044  1093 I libPowerHal: [perfLockRel] hdl:854543, idx:9
01-23 19:21:46.723  1044  1093 I libPowerHal: [setClusterFreq]  set cpu_ctrl cpufreq: -1 -1 -1 -1 -1 -1 
01-23 19:21:46.723  1044  1093 I libPowerHal: [PD] touch_boost update cmd:1404100 param:0
01-23 19:21:46.723  1044  1093 I libPowerHal: [PD] touch_boost update cmd:1404300 param:0
01-23 19:21:46.723  1044  1093 I libPowerHal: [PD] touch_boost update cmd:1408100 param:0
01-23 19:21:46.725  1090  1119 D vendor.hardware.vibratorfeature: return from driver is 20
01-23 19:21:46.725  1090  1119 D vendor.hardware.vibratorfeature: playLengthMs is 70
01-23 19:21:46.726  1044  1093 I libPowerHal: [PD] touch_boost update cmd:1408300 param:0
01-23 19:21:46.739  1832  1879 I NetworkBoostStatusManager: onUidGone uid: 10275
01-23 19:21:46.741  1090 26549 D vendor.hardware.vibratorfeature: Starting perform on another thread
01-23 19:21:46.743  1832  2734 I SLM-SRV-SLSAppLib: SLM_Ai_Mode EVENT_CHECK_GMAE_AI_MODE_STATUS
01-23 19:21:46.743  1832  2734 I SLM-SRV-SLSAppLib: SLM_Ai_Mode checkGameAiModeStatus mGameAiModeCloudControl:false mLinkTurboAiModeSwitch:false mGameAiModeInterfaceReady:true mGameStartBattle:false powerMgrGameUid:0
01-23 19:21:46.745  7478 12353 D UidObserver: onUidGone entry uid = 10275
01-23 19:21:46.746  4710 13070 I MIUISafety-Monitor: onUid 10275 gone
01-23 19:21:46.746  1832  1879 D DisplayManagerService: Drop pending events for gone uid 10275
01-23 19:21:46.748  1832  2225 I MiuiNetworkPolicy: removeUidState uid = 10275
01-23 19:21:46.756  1832  2536 I ScnModule: [GameDetection] packname: com.miui.weather2, apkSize: 25480939. 
01-23 19:21:46.756  1832  2536 I mtkpower_client: [PowerHal_Wrap_notifyAppState] com.miui.weather2/com.miui.weather2 pid=24209 activityId:24209 state:3
01-23 19:21:46.758  1019 14518 I MTK_APPList: [getForegroundAPPInfo]  com.lzofseven.mcserver/com.lzofseven.mcserver.MainActivity (pid=22443)
01-23 19:21:46.758  1019 14518 I vendor.mediatek.hardware.mtkpower_applist-service.mediatek: MIUI ADDpackName: com.lzofseven.mcserver actName: com.lzofseven.mcserver.MainActivity
01-23 19:21:46.758  1019 14518 I vendor.mediatek.hardware.mtkpower_applist-service.mediatek: powerhal get success
01-23 19:21:46.758  1019 14518 I vendor.mediatek.hardware.mtkpower_applist-service.mediatek: packName: com.miui.weather2 actName: com.miui.weather2 pid: 24209 uid: 10275 state: 3
01-23 19:21:46.760  1019 14518 I MTK_APPList: [notifyAPPstate] com.miui.weather2/com.miui.weather2, pid=24209, uid=10275, state:DEAD, fps:-1, win:1
01-23 19:21:46.760  1019 14518 I MTK_APPList: [notifyAPPstate] multi_resumed_app_count: 2
01-23 19:21:46.760  1019 14518 I MTK_APPList: [notifyAPPstate] multi_resumed_app_info[0] com.miui.notes/com.miui.notes._116625183, pid:7716, fps:-1, isMultiWindow:0
01-23 19:21:46.760  1019 14518 I MTK_APPList: [notifyAPPstate] multi_resumed_app_info[1] com.lzofseven.mcserver/com.lzofseven.mcserver.MainActivity, pid:22443, fps:-1, isMultiWindow:0
01-23 19:21:46.760  1019 14518 I MTK_APPList: [getForegroundAPPCount] 2
01-23 19:21:46.760  1019 14518 I MTK_APPList: [notifyAPPstate] pack:com.miui.weather2, pid:24209, STATE_DEAD
01-23 19:21:46.761  1019 14518 I MTK_APPList: [notifyNetdUID] 10525
01-23 19:21:46.763  1019 14518 I MTK_APPList: [notifyPID] 22443
01-23 19:21:46.763  1044  1093 I libPowerHal: [perfSetSysInfo] pid type:24, 22443
01-23 19:21:46.765  1832  2295 E ProcessManager: error write exception log
01-23 19:21:46.778  1090 26546 D vendor.hardware.vibratorfeature: Notifying perform complete
01-23 19:21:46.779  1832  2181 I MIUIInput: [MotionEvent] notifyMotion - eventTime=703940140209000, deviceId=6, source=0x1002, policyFlags=0x0, action=0x1, flags=0x0, downTime=703940034310000
01-23 19:21:46.779  4267  4267 W TooltipLifecycleManager: TooltipLifecycleManager.dismissTooltips():153 Tooltip with id SUGGESTION_VIEW_EDU_MINI_DIALOG not found in tooltipManager.
01-23 19:21:46.781  1832  3375 I HapticFeedbackUtil: 7,2,true
01-23 19:21:46.781  1832  3375 D VibratorManagerService: Starting vibrate for vibration 57268
01-23 19:21:46.781  1832  3375 D system_server: xlog_init
01-23 19:21:46.782  1832  3375 D system_server:  _xog_get_handle 
01-23 19:21:46.785  4267  4267 I KeyboardModeUtils: KeyboardModeUtils.getKeyboardBottomOffset():435 inch: 0.000000 ydpi: 445.614014 adjustKeyboardBottomByDisplaySize: false currentDensityDpi: 480 defaultDensityDpi: 480 keyboardBottomToScreenPx: 0 keyboardBottomToNavBarPx: 0 navBarHeight: 0
01-23 19:21:46.785  4267  4267 I BaseKeyboardSizeHelper: BaseKeyboardSizeHelper.calculateMaxKeyboardBodyHeight():73 leave 321 height for app when ime window height:2610, header height:132 and isFullscreenMode:false, so the max keyboard body height is:2157
01-23 19:21:46.785  4267  4267 I BaseKeyboardSizeHelper: BaseKeyboardSizeHelper.calculateMaxKeyboardBodyHeight():73 leave 321 height for app when ime window height:2610, header height:132 and isFullscreenMode:false, so the max keyboard body height is:2157
01-23 19:21:46.787  1832  3375 D system_server: get xlog handle
01-23 19:21:46.787  1832  3375 V xlog_client: xlog_check_permission event name waveform_info level 0
01-23 19:21:46.787  1832  3375 D system_server:  xlog_deinit 
01-23 19:21:46.787  1832  3375 D MiuiXlog: eventName = waveform_info level = 0 result = false
01-23 19:21:46.788  1090  1119 D vendor.hardware.vibratorfeature: QTI Vibrator off
01-23 19:21:46.788  1090  1119 D DynamicEffectThread: pause
01-23 19:21:46.788  1090  1119 D DynamicEffectDevice: FFDevice pause
01-23 19:21:46.788  1832  2104 D VibratorManagerService: Vibration 57267 finished with EndInfo{status=CANCELLED_SUPERSEDED, endedBy=CallerInfo{ uid=1000, opPkg=android, deviceId=0, attrs=VibrationAttributes{mUsage=TOUCH, mAudioUsage= USAGE_UNKNOWN, mCategory=UNKNOWN, mFlags=0}, reason=TAG=haptic_feedback_config_strength;effectId=7;intensity=1.0}}
01-23 19:21:46.788  1832  3375 D VibratorManagerServiceImpl: attrs = VibrationAttributes{mUsage=TOUCH, mAudioUsage= USAGE_UNKNOWN, mCategory=UNKNOWN, mFlags=0}, attrs.usage = 18
01-23 19:21:46.788  1832  2104 D VibratorManagerService: Reporting vibration 57267 finished with EndInfo{status=CANCELLED_SUPERSEDED, endedBy=CallerInfo{ uid=1000, opPkg=android, deviceId=0, attrs=VibrationAttributes{mUsage=TOUCH, mAudioUsage= USAGE_UNKNOWN, mCategory=UNKNOWN, mFlags=0}, reason=TAG=haptic_feedback_config_strength;effectId=7;intensity=1.0}}
01-23 19:21:46.788  1832  2104 D VibratorManagerService: Vibration for uid=1000 and with attrs=VibrationAttributes{mUsage=TOUCH, mAudioUsage= USAGE_UNKNOWN, mCategory=UNKNOWN, mFlags=0} ended with status CANCELLED_SUPERSEDED
01-23 19:21:46.789  1832  2104 D VibratorManagerService: VibrationThread released after finished vibration
01-23 19:21:46.789  1832  2104 D VibratorManagerService: Processing VibrationThread released callback
01-23 19:21:46.789  1832  2104 E VibratorManagerServiceImpl: vibrationThreadSetParameters
01-23 19:21:46.789  1090  1119 D vendor.hardware.vibratorfeature: configStrengthForEffect id : 7 , strength: 1.000000
01-23 19:21:46.790  1090  1119 D vendor.hardware.vibratorfeature: Vibrator perform effect 7
01-23 19:21:46.790  1090  1119 D vendor.hardware.vibratorfeature: uses mCurrMagnitudeExt 1.410000
01-23 19:21:46.790  1090  1119 D vendor.hardware.vibratorfeature: getAmplitudeFromEffectStrength 1.000000
01-23 19:21:46.790  1090  1119 D vendor.hardware.vibratorfeature: return from driver is 20
01-23 19:21:46.790  1090  1119 D vendor.hardware.vibratorfeature: playLengthMs is 70
01-23 19:21:46.793  1090 26550 D vendor.hardware.vibratorfeature: Starting perform on another thread
01-23 19:21:46.796 22443 25729 I fseven.mcserver: NativeAlloc concurrent mark compact GC freed 2441KB AllocSpace bytes, 3(60KB) LOS objects, 49% free, 9964KB/19MB, paused 5.654ms,3.263ms total 133.373ms
01-23 19:21:46.801  4267  4267 W TooltipLifecycleManager: TooltipLifecycleManager.dismissTooltips():153 Tooltip with id AUTOFILL_ACCESS_POINT_TOOLTIP not found in tooltipManager.
01-23 19:21:46.803  2668  2668 D ArtChoreographerMonitor: invoke error.
01-23 19:21:46.805  1131  1131 I BufferQueueProducer: [InputMethod#215874](this:0xb4000070da744cd0,id:-1,api:0,p:-1,c:1131) queueBuffer: fps=4.97 dur=1005.52 max=780.54 min=8.55
01-23 19:21:46.807  1000  1640 I android.hardware.graphics.composer@3.2-service: Sensor: notify citsensorservice to trigger cwb
01-23 19:21:46.807  1593  2197 I libsensor-frameBufferManager: request dump start
01-23 19:21:46.807  1593  2197 D libcomposer_ext: ClientImplAidl::getDispDump(), dpy 1, dst (160, 120), dump_point 1, release_fence -1
01-23 19:21:46.808  1044  1056 E libPowerHal: [getHintRscSize] hint_id 56 cannot be found in PowerScnTbl
01-23 19:21:46.809  1000  1000 D libcomposer_ext: DeviceImplAidl::syncPerform(14), client_handle: 1
01-23 19:21:46.809  1000  1000 D libcomposer_ext: DeviceImplAidl::DeviceClientContextAidl::ParseGetDispDump()
01-23 19:21:46.809  1000  1000 D libcomposer_ext: DeviceImplAidl::ParseGetDispDump(), dpy 1, dst (160, 120), dump_point 1
01-23 19:21:46.809  1000  1000 I hwcomposer: [HWC] getDispDump(), dpy 1, (822,7,982,127), (160, 120), (1, 2), (-1), (-1), (0xb400007e2a4e0cb0)  
01-23 19:21:46.809  1000  1000 I hwcomposer: [DRMDEV] isSupportWbParams(), id_crtc 103, id_connector 34, dump_point 1, src(160, 120), dst(160, 120), config 2  
01-23 19:21:46.809  1000  1000 E hwcomposer: [DRMDEV] isSupportWbParams(), disp(1220, 2712)  
01-23 19:21:46.809  1000  1000 I hwcomposer: [DISP_DUMP] setDumpBuf(), dpy(0), src(822, 7, 982, 127), dst(160, 120), (1, 2), -1, (-1), (0xb400007e2a4e0cb0)  
01-23 19:21:46.811  1000  1000 I hwcomposer: [HWC] (0)fire a callback of refresh to SF[9]  
01-23 19:21:46.811  1090 26549 D vendor.hardware.vibratorfeature: Notifying perform complete
01-23 19:21:46.816  1000  1000 D libcomposer_ext: DeviceImplAidl::DeviceClientContextAidl::NotifyDispDumpReady()
01-23 19:21:46.817  1593  1593 D libcomposer_ext: ClientCallbackAidl::asyncPerform(15)
01-23 19:21:46.819  1593  1593 D libcomposer_ext: ClientImplAidl::ParseNotifyDispDumpReady()
01-23 19:21:46.821  1044  1093 I libPowerHal: [perfLockRel] hdl:854544, idx:12
01-23 19:21:46.821  1832  2180 I MIUIInput: [MotionEvent] publisher action=0x1, deviceId=6, 703940140, channel '[Gesture Monitor] onehanded-touch (server)'
01-23 19:21:46.821  1832  2180 I MIUIInput: [MotionEvent] publisher action=0x1, deviceId=6, 703940140, channel '[Gesture Monitor] miui-gesture (server)'
01-23 19:21:46.822  1832  2180 I MIUIInput: [MotionEvent] publisher action=0x1, deviceId=6, 703940140, channel 'cdd7043 InputMethod (server)'
01-23 19:21:46.822  4267  4267 I MIUIInput: [MotionEvent] ViewRootImpl windowName 'InputMethod', { action=ACTION_UP, id[0]=1, pointerCount=1, eventTime=703940140, downTime=703940034, phoneEventTime=19:21:46.779 } moveCount:6
01-23 19:21:46.823  4267  4267 W TooltipLifecycleManager: TooltipLifecycleManager.dismissTooltips():153 Tooltip with id SUGGESTION_VIEW_EDU_MINI_DIALOG not found in tooltipManager.
01-23 19:21:46.836  1593  2198 D libsensor-parseRGB: the value of RGB [4.905944 5.356730 5.364257]
01-23 19:21:46.854  4267  5065 I native  : I0000 00:00:1769206906.853923    5065 input-context-store.cc:340] Ignoring stale client request for FetchSuggestions
01-23 19:21:46.856  4267  4267 W InputContextProxy: InputContextProxy.applyClientDiffInternal():933 Ignore [FetchSuggestions] diff due to stale request: 101828<101830, inputStateId=105836, lastInputStateId=105836
01-23 19:21:46.863  1090 26550 D vendor.hardware.vibratorfeature: Notifying perform complete
01-23 19:21:46.864  1832  2726 D VibratorManagerService: Vibration 57268 on vibrator 0 complete, notifying thread
01-23 19:21:46.864  1090  1119 D vendor.hardware.vibratorfeature: QTI Vibrator off
01-23 19:21:46.864  1090  1119 D DynamicEffectThread: pause
01-23 19:21:46.864  1090  1119 D DynamicEffectDevice: FFDevice pause
01-23 19:21:46.865  1832  2104 D VibratorManagerService: Vibration 57268 finished with EndInfo{status=FINISHED, endedBy=null}
01-23 19:21:46.865  1832  2104 D VibratorManagerService: Reporting vibration 57268 finished with EndInfo{status=FINISHED, endedBy=null}
01-23 19:21:46.865  1832  2104 D VibratorManagerService: Vibration for uid=1000 and with attrs=VibrationAttributes{mUsage=TOUCH, mAudioUsage= USAGE_UNKNOWN, mCategory=UNKNOWN, mFlags=0} ended with status FINISHED
01-23 19:21:46.867  1832  2104 D VibratorManagerService: VibrationThread released after finished vibration
01-23 19:21:46.867  1832  2104 D VibratorManagerService: Processing VibrationThread released callback
01-23 19:21:46.875  1593  2201 I libsensor-displayalgo: the value of channelCali C:209.679756,R:88.137502,G:93.629238,B:35.679663,scales C:1.312945,R:1.441799,G:1.262245,B:1.286638
01-23 19:21:46.875  1593  2201 D libsensor-displayalgo: brightness:1408.000000,flat_mode:0.000000,R1:33.081844,G1:40.140197,B1:40.264379,R2:2896.521130,G2:2986.654895,B2:2741.054999,R3:1261.884725,G3:1301.038000,B3:1204.429526,R4:75.848648,G4:84.204944,B4:80.625460,EVENT C:920.000000,R:331.000000,G:415.000000,B:204.000000, lux: 57.137478
01-23 19:21:46.900  1832  1872 I system_server: Background young concurrent mark compact GC freed 23MB AllocSpace bytes, 84(1988KB) LOS objects, 2% free, 182MB/187MB, paused 16.236ms,16.123ms total 371.150ms
01-23 19:21:46.904  4267  4267 I KeyboardModeUtils: KeyboardModeUtils.getKeyboardBottomOffset():435 inch: 0.000000 ydpi: 445.614014 adjustKeyboardBottomByDisplaySize: false currentDensityDpi: 480 defaultDensityDpi: 480 keyboardBottomToScreenPx: 0 keyboardBottomToNavBarPx: 0 navBarHeight: 0
01-23 19:21:46.904  4267  4267 I BaseKeyboardSizeHelper: BaseKeyboardSizeHelper.calculateMaxKeyboardBodyHeight():73 leave 321 height for app when ime window height:2610, header height:132 and isFullscreenMode:false, so the max keyboard body height is:2157
01-23 19:21:46.905  4267  4267 I BaseKeyboardSizeHelper: BaseKeyboardSizeHelper.calculateMaxKeyboardBodyHeight():73 leave 321 height for app when ime window height:2610, header height:132 and isFullscreenMode:false, so the max keyboard body height is:2157
01-23 19:21:46.910  1258  1258 I touch_boost: enable=1, boost_up=0, boost_down=1, render_deboost=0, active_time=100, duration=50, idleprefer(TA,FG)=(1,1), util(TA,FG)=(1,1), freq(c0,c1,c2)=(1100000,1400000,400000)
01-23 19:21:46.910  1832  2181 I MIUIInput: [MotionEvent] notifyMotion - eventTime=703940271547000, deviceId=6, source=0x1002, policyFlags=0x0, action=0x0, flags=0x0, downTime=703940271547000
01-23 19:21:46.910  1258  1258 I mtkpower_client: perf_lock_acq, hdl:0, dur:50, num:14, pid:1258, tid:1258
01-23 19:21:46.911  1258  1258 I mtkpower_client: IMtkPowerService_isDeclared 1
01-23 19:21:46.911  1044  1093 I libPowerHal: [perfLockAcq] idx:9 hdl:854545 hint:25 pid:1044 tid:1044 duration:10000 lock_user:vendor.mediatek => ret_hdl:854545
01-23 19:21:46.912  1044  1093 I libPowerHal: [perfLockAcq] idx:12 hdl:854546 hint:-1 pid:1258 tid:1258 duration:50 lock_user:touch_boost => ret_hdl:854546
01-23 19:21:46.912  1044  1093 I libPowerHal: [setClusterFreq] touch_boost set cpufreq[0] min:1100000 max:-1 cpufreq[1] min:1400000 max:-1 cpufreq[2] min:400000 max:-1 
01-23 19:21:46.912  1044  1093 I libPowerHal: [setClusterFreq]  set cpu_ctrl cpufreq: 1100000 -1 1400000 -1 -1 -1 
01-23 19:21:46.912  1044  1093 I libPowerHal: [PE] touch_boost update cmd:1404100, param:1
01-23 19:21:46.912  1044  1093 I libPowerHal: [PE] touch_boost update cmd:1404300, param:1
01-23 19:21:46.912  1832  2180 I MIUIInput: [MotionEvent] publisher action=0x0, deviceId=6, 703940271, channel 'cdd7043 InputMethod (server)'
01-23 19:21:46.912  1832  2180 I MIUIInput: [MotionEvent] publisher action=0x0, deviceId=6, 703940271, channel '[Gesture Monitor] onehanded-touch (server)'
01-23 19:21:46.912  1832  2180 I MIUIInput: [MotionEvent] publisher action=0x0, deviceId=6, 703940271, channel '[Gesture Monitor] miui-gesture (server)'
01-23 19:21:46.913 24346 24346 I SidebarCoverView: onTouch : 4
01-23 19:21:46.914  1044  1093 I libPowerHal: [PE] touch_boost update cmd:1408100, param:1
01-23 19:21:46.915  1044  1093 I libPowerHal: [PE] touch_boost update cmd:1408300, param:1
01-23 19:21:46.915  1258  1258 I mtkpower_client: ret_hdl:854546
01-23 19:21:46.916  1000  1654 I hwcomposer: [HWC] (0)fire a callback of refresh to SF[4]  
01-23 19:21:46.917  4267  4267 I MIUIInput: [MotionEvent] ViewRootImpl windowName 'InputMethod', { action=ACTION_DOWN, id[0]=0, pointerCount=1, eventTime=703940271, downTime=703940271, phoneEventTime=19:21:46.909 } moveCount:0
01-23 19:21:46.923  1832  2536 I HapticFeedbackUtil: 7,2,true
01-23 19:21:46.925  1832  2536 D VibratorManagerService: Starting vibrate for vibration 57269
01-23 19:21:46.925  1832  2536 D system_server: xlog_init
01-23 19:21:46.926  1832  2536 D system_server:  _xog_get_handle 
01-23 19:21:46.928  1832  2536 D system_server: get xlog handle
01-23 19:21:46.928  1832  2536 V xlog_client: xlog_check_permission event name waveform_info level 0
01-23 19:21:46.928  1832  2536 D system_server:  xlog_deinit 
01-23 19:21:46.928  1832  2536 D MiuiXlog: eventName = waveform_info level = 0 result = false
01-23 19:21:46.928  1832  2536 D VibratorManagerServiceImpl: attrs = VibrationAttributes{mUsage=TOUCH, mAudioUsage= USAGE_UNKNOWN, mCategory=UNKNOWN, mFlags=0}, attrs.usage = 18
01-23 19:21:46.929  1832  2536 E VibratorManagerServiceImpl: vibrationThreadSetParameters
01-23 19:21:46.929  1090  1119 D vendor.hardware.vibratorfeature: configStrengthForEffect id : 7 , strength: 1.000000
01-23 19:21:46.931  1090  1119 D vendor.hardware.vibratorfeature: Vibrator perform effect 7
01-23 19:21:46.931  1090  1119 D vendor.hardware.vibratorfeature: uses mCurrMagnitudeExt 1.410000
01-23 19:21:46.931  1090  1119 D vendor.hardware.vibratorfeature: getAmplitudeFromEffectStrength 1.000000
01-23 19:21:46.931  1090  1119 D vendor.hardware.vibratorfeature: return from driver is 20
01-23 19:21:46.932  1090  1119 D vendor.hardware.vibratorfeature: playLengthMs is 70
01-23 19:21:46.933  1090 26551 D vendor.hardware.vibratorfeature: Starting perform on another thread
01-23 19:21:46.944 21432 21432 I SLM-Slad-iptablesManager: SEND SLA NDC COMMAND - PASS  /system/bin/iptables-wrapper-1.0 -w -t mangle -F qcom_SLA
01-23 19:21:46.960  1258  1258 I touch_boost: enable=0, boost_up=0, boost_down=1, render_deboost=0, active_time=100, duration=50, idleprefer(TA,FG)=(1,1), util(TA,FG)=(1,1), freq(c0,c1,c2)=(1100000,1400000,400000)
01-23 19:21:46.960  1258  1258 I mtkpower_client: perf_lock_rel, hdl:854546, tid:1258
01-23 19:21:46.961  1258  1258 I mtkpower_client: IMtkPowerService_isDeclared 1
01-23 19:21:46.961  1044  1093 I libPowerHal: [perfLockRel] hdl:854546, idx:12
01-23 19:21:46.961  1044  1093 I libPowerHal: [setClusterFreq]  set cpu_ctrl cpufreq: -1 -1 -1 -1 -1 -1 
01-23 19:21:46.962  1044  1093 I libPowerHal: [PD] touch_boost update cmd:1404100 param:0
01-23 19:21:46.962  1044  1093 I libPowerHal: [PD] touch_boost update cmd:1404300 param:0
01-23 19:21:46.962  1044  1093 I libPowerHal: [PD] touch_boost update cmd:1408100 param:0
01-23 19:21:46.964  1044  1093 I libPowerHal: [PD] touch_boost update cmd:1408300 param:0
01-23 19:21:46.970  1009  1388 E HfLooper: sensor imu_hand_detect in hal data=0,600,1000,1000,11291,41092
01-23 19:21:46.975  2668  2668 D ArtChoreographerMonitor: invoke error.
01-23 19:21:46.986 26552 26552 W libc    : Access denied finding property "persist.track.malloc.enable"
01-23 19:21:46.986 26552 26552 W libc    : Access denied finding property "persist.mtbf.test"
01-23 19:21:46.986 26552 26552 W libc    : Access denied finding property "persist.omni.test"
01-23 19:21:46.986 26552 26552 W libc    : Access denied finding property "persist.reboot.coredump"
01-23 19:21:46.986 26552 26552 W libc    : Access denied finding property "persist.fd.monitor.enable"
01-23 19:21:46.995  2668  2668 D MiuiBubbleManager: onEntryUpdated: com.android.systemui.statusbar.notification.collection.NotificationEntry@deba023 true
01-23 19:21:46.995  2668  2668 D MiuiBarrageController: IsGameMode:false BarrageSwitch:false BarragePermissionEnabled true
01-23 19:21:46.999  2668  2668 I MiuiBubbleSettings: com.lzofseven.mcserver 0isAppEnableBubbleNotification: false
01-23 19:21:47.005  1090 26551 D vendor.hardware.vibratorfeature: Notifying perform complete
01-23 19:21:47.005  2668  2668 D ArtChoreographerMonitor: invoke error.
01-23 19:21:47.005  1000  1654 I hwcomposer: [HWC] (0)fire a callback of refresh to SF[4]  
01-23 19:21:47.007  1832  2536 D VibratorManagerService: Vibration 57269 on vibrator 0 complete, notifying thread
01-23 19:21:47.007  1090  1119 D vendor.hardware.vibratorfeature: QTI Vibrator off
01-23 19:21:47.007  1090  1119 D DynamicEffectThread: pause
01-23 19:21:47.007  1090  1119 D DynamicEffectDevice: FFDevice pause
01-23 19:21:47.007  1832  2104 D VibratorManagerService: Vibration 57269 finished with EndInfo{status=FINISHED, endedBy=null}
01-23 19:21:47.007  1832  2104 D VibratorManagerService: Reporting vibration 57269 finished with EndInfo{status=FINISHED, endedBy=null}
01-23 19:21:47.007  1832  2104 D VibratorManagerService: Vibration for uid=1000 and with attrs=VibrationAttributes{mUsage=TOUCH, mAudioUsage= USAGE_UNKNOWN, mCategory=UNKNOWN, mFlags=0} ended with status FINISHED
01-23 19:21:47.008  1832  2181 I MIUIInput: [MotionEvent] notifyMotion - eventTime=703940369210000, deviceId=6, source=0x1002, policyFlags=0x0, action=0x1, flags=0x0, downTime=703940271547000
01-23 19:21:47.008  1832  2104 D VibratorManagerService: VibrationThread released after finished vibration
01-23 19:21:47.008  1832  2104 D VibratorManagerService: Processing VibrationThread released callback
01-23 19:21:47.011  1832  2180 I MIUIInput: [MotionEvent] publisher action=0x1, deviceId=6, 703940369, channel '[Gesture Monitor] onehanded-touch (server)'
01-23 19:21:47.012  1832  2180 I MIUIInput: [MotionEvent] publisher action=0x1, deviceId=6, 703940369, channel '[Gesture Monitor] miui-gesture (server)'
01-23 19:21:47.012  1832  2180 I MIUIInput: [MotionEvent] publisher action=0x1, deviceId=6, 703940369, channel 'cdd7043 InputMethod (server)'
01-23 19:21:47.012  4267  4267 I MIUIInput: [MotionEvent] ViewRootImpl windowName 'InputMethod', { action=ACTION_UP, id[0]=0, pointerCount=1, eventTime=703940369, downTime=703940271, phoneEventTime=19:21:47.008 } moveCount:1
01-23 19:21:47.013  1044  1093 I libPowerHal: [perfLockRel] hdl:854545, idx:9
01-23 19:21:47.014  4267  4267 W TooltipLifecycleManager: TooltipLifecycleManager.dismissTooltips():153 Tooltip with id SUGGESTION_VIEW_EDU_MINI_DIALOG not found in tooltipManager.
01-23 19:21:47.021  1000  1640 I android.hardware.graphics.composer@3.2-service: Sensor: notify citsensorservice to trigger cwb
01-23 19:21:47.018  2668  2668 E StackScroller: updateSidePadding: viewWidth is zero
01-23 19:21:47.021  1593  2197 I libsensor-frameBufferManager: request dump start
01-23 19:21:47.022  1593  2197 D libcomposer_ext: ClientImplAidl::getDispDump(), dpy 1, dst (160, 120), dump_point 1, release_fence -1
01-23 19:21:47.022  1000  1000 D libcomposer_ext: DeviceImplAidl::syncPerform(14), client_handle: 1
01-23 19:21:47.022  1000  1000 D libcomposer_ext: DeviceImplAidl::DeviceClientContextAidl::ParseGetDispDump()
01-23 19:21:47.022  1000  1000 D libcomposer_ext: DeviceImplAidl::ParseGetDispDump(), dpy 1, dst (160, 120), dump_point 1
01-23 19:21:47.022  1000  1000 I hwcomposer: [HWC] getDispDump(), dpy 1, (822,7,982,127), (160, 120), (1, 2), (-1), (-1), (0xb400007e2a4e0710)  
01-23 19:21:47.022  1000  1000 I hwcomposer: [DRMDEV] isSupportWbParams(), id_crtc 103, id_connector 34, dump_point 1, src(160, 120), dst(160, 120), config 2  
01-23 19:21:47.022  1000  1000 E hwcomposer: [DRMDEV] isSupportWbParams(), disp(1220, 2712)  
01-23 19:21:47.022  1000  1000 I hwcomposer: [DISP_DUMP] setDumpBuf(), dpy(0), src(822, 7, 982, 127), dst(160, 120), (1, 2), -1, (-1), (0xb400007e2a4e0710)  
01-23 19:21:47.022  1000  1000 I hwcomposer: [HWC] (0)fire a callback of refresh to SF[9]  
01-23 19:21:47.023  2668  3301 D skia    : SkJpegCodec::onGetPixels + (1024, 1024)
01-23 19:21:47.023  2668  3301 I DMABUFHEAPS: Using DMA-BUF heap named: mtk_mm
01-23 19:21:47.024  2668  3301 D skia    : stream getLength() supported, buffer addr 0x6d7470b000 length 504832
01-23 19:21:47.024  2668  3301 D skia    : LoadInputStreamToMem va 0x6d7470b000  size 504832
01-23 19:21:47.024  2668  3301 D libjpeg-alpha: Huffman Builder run in subthread
01-23 19:21:47.025  2668  3301 D libjpeg-alpha: Tile Decoder (#thread:4, size:256 256 256 256x256, alignment:256x16)
01-23 19:21:47.025 21432 21432 I SLM-Slad-iptablesManager: Updated Ratio: 0.260625
01-23 19:21:47.026 21432 21432 I SLM-Slad-iptablesManager: SEND SLA NDC COMMAND - PASS  /system/bin/iptables-wrapper-1.0 -w -t mangle -A qcom_SLA -p tcp -m state --state NEW -m statistic --mode random --probability 0.260625 -j qcom_fw_wlan0
01-23 19:21:47.028  2668 26560 D libjpeg-alpha: [Hybrid] Wait IRQ thread (26560)
01-23 19:21:47.029  1000  1000 D libcomposer_ext: DeviceImplAidl::DeviceClientContextAidl::NotifyDispDumpReady()
01-23 19:21:47.030  1593  1593 D libcomposer_ext: ClientCallbackAidl::asyncPerform(15)
01-23 19:21:47.030  1593  1593 D libcomposer_ext: ClientImplAidl::ParseNotifyDispDumpReady()
01-23 19:21:47.033  1832  2536 D PerfShielderService: com.google.android.inputmethod.latin|InputMethod|215|703940272132955|31|3|8
01-23 19:21:47.034  4433  4800 W MiuiPerfServiceClient: interceptAndQueuing:4267|com.google.android.inputmethod.latin|215|31|703940272132955|Slow handle traversal|8
01-23 19:21:47.036  1044  1056 E libPowerHal: [getHintRscSize] hint_id 56 cannot be found in PowerScnTbl
01-23 19:21:47.039  2668 26560 D libjpeg-alpha: [Hybrid] Wait IRQ thread terminated
01-23 19:21:47.043 26559 26559 W libc    : Access denied finding property "persist.track.malloc.enable"
01-23 19:21:47.043 26559 26559 W libc    : Access denied finding property "persist.mtbf.test"
01-23 19:21:47.043 26559 26559 W libc    : Access denied finding property "persist.omni.test"
01-23 19:21:47.043 26559 26559 W libc    : Access denied finding property "persist.reboot.coredump"
01-23 19:21:47.043 26559 26559 W libc    : Access denied finding property "persist.fd.monitor.enable"
01-23 19:21:47.051  1593  2198 D libsensor-parseRGB: the value of RGB [4.905944 5.356730 5.364257]
01-23 19:21:47.052  1009  1388 E HfLooper: sensor offhand in hal data=0,1000,0,1199,1635,0
01-23 19:21:47.053  1090  1121 D VibratorSensor: onEvent: handStatus = 0 , lastHandStatus = 1
01-23 19:21:47.053  1090  1121 D VibratorSensor: onEvent: type=33171067, data0=0.000000
01-23 19:21:47.053  1090  1121 D vendor.hardware.vibratorfeature: Vibrator updateMode:warn--->interaction
01-23 19:21:47.060 21432 21432 I SLM-Slad-iptablesManager: Updated Ratio: 1.000000
01-23 19:21:47.062  1832  1872 I system_server: Background young concurrent mark compact GC freed 19MB AllocSpace bytes, 56(1276KB) LOS objects, 0% free, 186MB/187MB, paused 2.136ms,14.685ms total 160.769ms
01-23 19:21:47.063  4267  4267 I KeyboardModeUtils: KeyboardModeUtils.getKeyboardBottomOffset():435 inch: 0.000000 ydpi: 445.614014 adjustKeyboardBottomByDisplaySize: false currentDensityDpi: 480 defaultDensityDpi: 480 keyboardBottomToScreenPx: 0 keyboardBottomToNavBarPx: 0 navBarHeight: 0
01-23 19:21:47.064  4267  4267 I BaseKeyboardSizeHelper: BaseKeyboardSizeHelper.calculateMaxKeyboardBodyHeight():73 leave 321 height for app when ime window height:2610, header height:132 and isFullscreenMode:false, so the max keyboard body height is:2157
01-23 19:21:47.064  4267  4267 I BaseKeyboardSizeHelper: BaseKeyboardSizeHelper.calculateMaxKeyboardBodyHeight():73 leave 321 height for app when ime window height:2610, header height:132 and isFullscreenMode:false, so the max keyboard body height is:2157
01-23 19:21:47.064 21432 21432 I SLM-Slad-iptablesManager: SEND SLA NDC COMMAND - PASS  /system/bin/iptables-wrapper-1.0 -w -t mangle -A qcom_SLA -p tcp -m state --state NEW -m statistic --mode random --probability 1.000000 -j qcom_fw_ccmni1_wrapper
01-23 19:21:47.069 26562 26562 W libc    : Access denied finding property "persist.track.malloc.enable"
01-23 19:21:47.069 26562 26562 W libc    : Access denied finding property "persist.mtbf.test"
01-23 19:21:47.069 26562 26562 W libc    : Access denied finding property "persist.omni.test"
01-23 19:21:47.069 26562 26562 W libc    : Access denied finding property "persist.reboot.coredump"
01-23 19:21:47.069 26562 26562 W libc    : Access denied finding property "persist.fd.monitor.enable"
01-23 19:21:47.072  2668  3301 D skia    : SkJpegCodec::onGetPixels -
01-23 19:21:47.073  2668  3301 I IconCustomizerUtils: com.lzofseven.mcserver fg ,size too large.1024 > 324.0, density=160
01-23 19:21:47.073  2668  3301 I IconCustomizerUtils: com.lzofseven.mcserver, scale down 0.31640625
01-23 19:21:47.075  1593  2201 I libsensor-displayalgo: the value of channelCali C:209.679756,R:88.137502,G:93.629238,B:35.679663,scales C:1.312945,R:1.441799,G:1.262245,B:1.286638
01-23 19:21:47.075  1593  2201 D libsensor-displayalgo: brightness:1408.000000,flat_mode:0.000000,R1:33.081844,G1:40.140197,B1:40.264379,R2:2896.521130,G2:2986.654895,B2:2741.054999,R3:1261.884725,G3:1301.038000,B3:1204.429526,R4:75.848648,G4:84.204944,B4:80.625460,EVENT C:923.000000,R:332.000000,G:416.000000,B:204.000000, lux: 57.443523
01-23 19:21:47.085  2668  3301 I IconCustomizerUtils: scale size = 324, density = 160
01-23 19:21:47.090  2668  3301 D LocalImageResolver: Couldn't use ImageDecoder for drawable, falling back to non-resized load.
01-23 19:21:47.095  2668  3301 D LocalImageResolver: Couldn't use ImageDecoder for drawable, falling back to non-resized load.
01-23 19:21:47.096  2668  3301 D LocalImageResolver: Couldn't use ImageDecoder for drawable, falling back to non-resized load.
01-23 19:21:47.102  2668  2668 E StackScroller: updateSidePadding: viewWidth is zero
01-23 19:21:47.116  2668  2668 D AlertCoordinator: onViewBound, buzzBeep for 0|com.lzofseven.mcserver|1337|null|10525
01-23 19:21:47.118  1832  2181 I MIUIInput: [MotionEvent] notifyMotion - eventTime=703940480139000, deviceId=6, source=0x1002, policyFlags=0x0, action=0x0, flags=0x0, downTime=703940480139000
01-23 19:21:47.119  1258  1258 I touch_boost: enable=1, boost_up=0, boost_down=1, render_deboost=0, active_time=100, duration=50, idleprefer(TA,FG)=(1,1), util(TA,FG)=(1,1), freq(c0,c1,c2)=(1100000,1400000,400000)
01-23 19:21:47.119  1258  1258 I mtkpower_client: perf_lock_acq, hdl:0, dur:50, num:14, pid:1258, tid:1258
01-23 19:21:47.119  1832  2180 I MIUIInput: [MotionEvent] publisher action=0x0, deviceId=6, 703940480, channel 'cdd7043 InputMethod (server)'
01-23 19:21:47.120  1258  1258 I mtkpower_client: IMtkPowerService_isDeclared 1
01-23 19:21:47.120  4267  4267 I MIUIInput: [MotionEvent] ViewRootImpl windowName 'InputMethod', { action=ACTION_DOWN, id[0]=0, pointerCount=1, eventTime=703940480, downTime=703940480, phoneEventTime=19:21:47.119 } moveCount:0
01-23 19:21:47.120  1044  1093 I libPowerHal: [perfLockAcq] idx:9 hdl:854547 hint:25 pid:1044 tid:1044 duration:10000 lock_user:vendor.mediatek => ret_hdl:854547
01-23 19:21:47.120  1832  2180 I MIUIInput: [MotionEvent] publisher action=0x0, deviceId=6, 703940480, channel '[Gesture Monitor] onehanded-touch (server)'
01-23 19:21:47.120  2668  2668 E StackScroller: updateSidePadding: viewWidth is zero
01-23 19:21:47.120  1832  2180 I MIUIInput: [MotionEvent] publisher action=0x0, deviceId=6, 703940480, channel '[Gesture Monitor] miui-gesture (server)'
01-23 19:21:47.121  1044  1093 I libPowerHal: [perfLockAcq] idx:12 hdl:854548 hint:-1 pid:1258 tid:1258 duration:50 lock_user:touch_boost => ret_hdl:854548
01-23 19:21:47.121  1044  1093 I libPowerHal: [setClusterFreq] touch_boost set cpufreq[0] min:1100000 max:-1 cpufreq[1] min:1400000 max:-1 cpufreq[2] min:400000 max:-1 
01-23 19:21:47.121  1044  1093 I libPowerHal: [setClusterFreq]  set cpu_ctrl cpufreq: 1100000 -1 1400000 -1 -1 -1 
01-23 19:21:47.121  1044  1093 I libPowerHal: [PE] touch_boost update cmd:1404100, param:1
01-23 19:21:47.121  1832  5153 I HapticFeedbackUtil: 7,2,true
01-23 19:21:47.121  1044  1093 I libPowerHal: [PE] touch_boost update cmd:1404300, param:1
01-23 19:21:47.121  1832  5153 D VibratorManagerService: Starting vibrate for vibration 57270
01-23 19:21:47.121  1832  5153 D system_server: xlog_init
01-23 19:21:47.122  1832  5153 D system_server:  _xog_get_handle 
01-23 19:21:47.122 24346 24346 I SidebarCoverView: onTouch : 4
01-23 19:21:47.122  1832  5153 D system_server: get xlog handle
01-23 19:21:47.122  1832  5153 V xlog_client: xlog_check_permission event name waveform_info level 0
01-23 19:21:47.122  1832  5153 D system_server:  xlog_deinit 
01-23 19:21:47.122  1832  5153 D MiuiXlog: eventName = waveform_info level = 0 result = false
01-23 19:21:47.123  1832  5153 D VibratorManagerServiceImpl: attrs = VibrationAttributes{mUsage=TOUCH, mAudioUsage= USAGE_UNKNOWN, mCategory=UNKNOWN, mFlags=0}, attrs.usage = 18
01-23 19:21:47.123  1832  5153 E VibratorManagerServiceImpl: vibrationThreadSetParameters
01-23 19:21:47.123  1090  1119 D vendor.hardware.vibratorfeature: configStrengthForEffect id : 7 , strength: 1.000000
01-23 19:21:47.123  1090  1119 D vendor.hardware.vibratorfeature: Vibrator perform effect 7
01-23 19:21:47.124  1090  1119 D vendor.hardware.vibratorfeature: uses mCurrMagnitudeExt 1.410000
01-23 19:21:47.124  1090  1119 D vendor.hardware.vibratorfeature: getAmplitudeFromEffectStrength 1.000000
01-23 19:21:47.124  1090  1119 D vendor.hardware.vibratorfeature: return from driver is 20
01-23 19:21:47.124  1090  1119 D vendor.hardware.vibratorfeature: playLengthMs is 70
01-23 19:21:47.124  1090 26564 D vendor.hardware.vibratorfeature: Starting perform on another thread
01-23 19:21:47.126  1258  1258 I mtkpower_client: ret_hdl:854548
01-23 19:21:47.126  1044  1093 I libPowerHal: [PE] touch_boost update cmd:1408100, param:1
01-23 19:21:47.127  1044  1093 I libPowerHal: [PE] touch_boost update cmd:1408300, param:1
01-23 19:21:47.169  1258  1258 I touch_boost: enable=0, boost_up=0, boost_down=1, render_deboost=0, active_time=100, duration=50, idleprefer(TA,FG)=(1,1), util(TA,FG)=(1,1), freq(c0,c1,c2)=(1100000,1400000,400000)
01-23 19:21:47.169  1258  1258 I mtkpower_client: perf_lock_rel, hdl:854548, tid:1258
01-23 19:21:47.169  1258  1258 I mtkpower_client: IMtkPowerService_isDeclared 1
01-23 19:21:47.170  1044  1093 I libPowerHal: [perfLockRel] hdl:854548, idx:12
01-23 19:21:47.170  1044  1093 I libPowerHal: [setClusterFreq]  set cpu_ctrl cpufreq: -1 -1 -1 -1 -1 -1 
01-23 19:21:47.170  1044  1093 I libPowerHal: [PD] touch_boost update cmd:1404100 param:0
01-23 19:21:47.171  1044  1093 I libPowerHal: [PD] touch_boost update cmd:1404300 param:0
01-23 19:21:47.171  1044  1093 I libPowerHal: [PD] touch_boost update cmd:1408100 param:0
01-23 19:21:47.176  1044  1093 I libPowerHal: [PD] touch_boost update cmd:1408300 param:0
01-23 19:21:47.194  1090 26564 D vendor.hardware.vibratorfeature: Notifying perform complete
01-23 19:21:47.195  1832  5153 D VibratorManagerService: Vibration 57270 on vibrator 0 complete, notifying thread
01-23 19:21:47.195  1090  1119 D vendor.hardware.vibratorfeature: QTI Vibrator off
01-23 19:21:47.195  1090  1119 D DynamicEffectThread: pause
01-23 19:21:47.195  1090  1119 D DynamicEffectDevice: FFDevice pause
01-23 19:21:47.195  1832  2104 D VibratorManagerService: Vibration 57270 finished with EndInfo{status=FINISHED, endedBy=null}
01-23 19:21:47.195  1832  2104 D VibratorManagerService: Reporting vibration 57270 finished with EndInfo{status=FINISHED, endedBy=null}
01-23 19:21:47.195  1832  2104 D VibratorManagerService: Vibration for uid=1000 and with attrs=VibrationAttributes{mUsage=TOUCH, mAudioUsage= USAGE_UNKNOWN, mCategory=UNKNOWN, mFlags=0} ended with status FINISHED
01-23 19:21:47.196  1832  2104 D VibratorManagerService: VibrationThread released after finished vibration
01-23 19:21:47.196  1832  2104 D VibratorManagerService: Processing VibrationThread released callback
01-23 19:21:47.198  1000  1654 I hwcomposer: [HWC] (0)fire a callback of refresh to SF[4]  
01-23 19:21:47.224  1832  2181 I MIUIInput: [MotionEvent] notifyMotion - eventTime=703940586127000, deviceId=6, source=0x1002, policyFlags=0x0, action=0x1, flags=0x0, downTime=703940480139000
01-23 19:21:47.226  1044  1093 I libPowerHal: [perfLockRel] hdl:854547, idx:9
01-23 19:21:47.226  1832  2180 I MIUIInput: [MotionEvent] publisher action=0x1, deviceId=6, 703940586, channel '[Gesture Monitor] onehanded-touch (server)'
01-23 19:21:47.227  1832  2180 I MIUIInput: [MotionEvent] publisher action=0x1, deviceId=6, 703940586, channel '[Gesture Monitor] miui-gesture (server)'
01-23 19:21:47.227  1832  2180 I MIUIInput: [MotionEvent] publisher action=0x1, deviceId=6, 703940586, channel 'cdd7043 InputMethod (server)'
01-23 19:21:47.228  4267  4267 I MIUIInput: [MotionEvent] ViewRootImpl windowName 'InputMethod', { action=ACTION_UP, id[0]=0, pointerCount=1, eventTime=703940586, downTime=703940480, phoneEventTime=19:21:47.224 } moveCount:8
01-23 19:21:47.230  4267  4267 W TooltipLifecycleManager: TooltipLifecycleManager.dismissTooltips():153 Tooltip with id SUGGESTION_VIEW_EDU_MINI_DIALOG not found in tooltipManager.
01-23 19:21:47.233  1044  1056 E libPowerHal: [getHintRscSize] hint_id 56 cannot be found in PowerScnTbl
01-23 19:21:47.244  4267  4267 I KeyboardModeUtils: KeyboardModeUtils.getKeyboardBottomOffset():435 inch: 0.000000 ydpi: 445.614014 adjustKeyboardBottomByDisplaySize: false currentDensityDpi: 480 defaultDensityDpi: 480 keyboardBottomToScreenPx: 0 keyboardBottomToNavBarPx: 0 navBarHeight: 0
01-23 19:21:47.244  4267  4267 I BaseKeyboardSizeHelper: BaseKeyboardSizeHelper.calculateMaxKeyboardBodyHeight():73 leave 321 height for app when ime window height:2610, header height:132 and isFullscreenMode:false, so the max keyboard body height is:2157
01-23 19:21:47.244  4267  4267 I BaseKeyboardSizeHelper: BaseKeyboardSizeHelper.calculateMaxKeyboardBodyHeight():73 leave 321 height for app when ime window height:2610, header height:132 and isFullscreenMode:false, so the max keyboard body height is:2157
01-23 19:21:47.248  1000  1640 I android.hardware.graphics.composer@3.2-service: Sensor: notify citsensorservice to trigger cwb
01-23 19:21:47.249  1593  2197 I libsensor-frameBufferManager: request dump start
01-23 19:21:47.249  1593  2197 D libcomposer_ext: ClientImplAidl::getDispDump(), dpy 1, dst (160, 120), dump_point 1, release_fence -1
01-23 19:21:47.249  1000  1000 D libcomposer_ext: DeviceImplAidl::syncPerform(14), client_handle: 1
01-23 19:21:47.249  1000  1000 D libcomposer_ext: DeviceImplAidl::DeviceClientContextAidl::ParseGetDispDump()
01-23 19:21:47.249  1000  1000 D libcomposer_ext: DeviceImplAidl::ParseGetDispDump(), dpy 1, dst (160, 120), dump_point 1
01-23 19:21:47.249  1000  1000 I hwcomposer: [HWC] getDispDump(), dpy 1, (822,7,982,127), (160, 120), (1, 2), (-1), (-1), (0xb400007e2a4e0830)  
01-23 19:21:47.249  1000  1000 I hwcomposer: [DRMDEV] isSupportWbParams(), id_crtc 103, id_connector 34, dump_point 1, src(160, 120), dst(160, 120), config 2  
01-23 19:21:47.249  1000  1000 E hwcomposer: [DRMDEV] isSupportWbParams(), disp(1220, 2712)  
01-23 19:21:47.250  1000  1000 I hwcomposer: [DISP_DUMP] setDumpBuf(), dpy(0), src(822, 7, 982, 127), dst(160, 120), (1, 2), -1, (-1), (0xb400007e2a4e0830)  
01-23 19:21:47.250  1000  1000 I hwcomposer: [HWC] (0)fire a callback of refresh to SF[9]  
01-23 19:21:47.256  1000  1000 D libcomposer_ext: DeviceImplAidl::DeviceClientContextAidl::NotifyDispDumpReady()
01-23 19:21:47.258  1593  1593 D libcomposer_ext: ClientCallbackAidl::asyncPerform(15)
01-23 19:21:47.258  1593  1593 D libcomposer_ext: ClientImplAidl::ParseNotifyDispDumpReady()
01-23 19:21:47.273  1446  1932 D ULogGuard: Monitoring: 23 threads, 0 requests, 0 time-bombs; 262 guards. ResetFlags = 0x7
01-23 19:21:47.276  1593  2198 D libsensor-parseRGB: the value of RGB [4.905944 5.356730 5.364257]
01-23 19:21:47.294  2668  2668 D ArtChoreographerMonitor: invoke error.
01-23 19:21:47.311  1832  2181 I MIUIInput: [MotionEvent] notifyMotion - eventTime=703940672577000, deviceId=6, source=0x1002, policyFlags=0x0, action=0x0, flags=0x0, downTime=703940672577000
01-23 19:21:47.311  1258  1258 I touch_boost: enable=1, boost_up=0, boost_down=1, render_deboost=0, active_time=100, duration=50, idleprefer(TA,FG)=(1,1), util(TA,FG)=(1,1), freq(c0,c1,c2)=(1100000,1400000,400000)
