01-23 19:21:47.311  1258  1258 I mtkpower_client: perf_lock_acq, hdl:0, dur:50, num:14, pid:1258, tid:1258
01-23 19:21:47.312  1044  1093 I libPowerHal: [perfLockAcq] idx:9 hdl:854549 hint:25 pid:1044 tid:1044 duration:10000 lock_user:vendor.mediatek => ret_hdl:854549
01-23 19:21:47.312  1258  1258 I mtkpower_client: IMtkPowerService_isDeclared 1
01-23 19:21:47.312  1258  1258 I mtkpower_client: ret_hdl:854550
01-23 19:21:47.312  1832  2180 I MIUIInput: [MotionEvent] publisher action=0x0, deviceId=6, 703940672, channel 'cdd7043 InputMethod (server)'
01-23 19:21:47.312  1044  1093 I libPowerHal: [perfLockAcq] idx:12 hdl:854550 hint:-1 pid:1258 tid:1258 duration:50 lock_user:touch_boost => ret_hdl:854550
01-23 19:21:47.313  1044  1093 I libPowerHal: [setClusterFreq] touch_boost set cpufreq[0] min:1100000 max:-1 cpufreq[1] min:1400000 max:-1 cpufreq[2] min:400000 max:-1 
01-23 19:21:47.313  1044  1093 I libPowerHal: [setClusterFreq]  set cpu_ctrl cpufreq: 1100000 -1 1400000 -1 -1 -1 
01-23 19:21:47.313  1044  1093 I libPowerHal: [PE] touch_boost update cmd:1404100, param:1
01-23 19:21:47.313  1044  1093 I libPowerHal: [PE] touch_boost update cmd:1404300, param:1
01-23 19:21:47.313  1832  2180 I MIUIInput: [MotionEvent] publisher action=0x0, deviceId=6, 703940672, channel '[Gesture Monitor] onehanded-touch (server)'
01-23 19:21:47.313  1832  2180 I MIUIInput: [MotionEvent] publisher action=0x0, deviceId=6, 703940672, channel '[Gesture Monitor] miui-gesture (server)'
01-23 19:21:47.313 24346 24346 I SidebarCoverView: onTouch : 4
01-23 19:21:47.313  4267  4267 I MIUIInput: [MotionEvent] ViewRootImpl windowName 'InputMethod', { action=ACTION_DOWN, id[0]=0, pointerCount=1, eventTime=703940672, downTime=703940672, phoneEventTime=19:21:47.311 } moveCount:0
01-23 19:21:47.316  1044  1093 I libPowerHal: [PE] touch_boost update cmd:1408100, param:1
01-23 19:21:47.316  1832  2726 I HapticFeedbackUtil: 7,2,true
01-23 19:21:47.316  1832  2726 D VibratorManagerService: Starting vibrate for vibration 57271
01-23 19:21:47.316  1044  1093 I libPowerHal: [PE] touch_boost update cmd:1408300, param:1
01-23 19:21:47.316  1832  2726 D system_server: xlog_init
01-23 19:21:47.316  1832  2726 D system_server:  _xog_get_handle 
01-23 19:21:47.317  1832  2726 D system_server: get xlog handle
01-23 19:21:47.317  1832  2726 V xlog_client: xlog_check_permission event name waveform_info level 0
01-23 19:21:47.317  1832  2726 D system_server:  xlog_deinit 
01-23 19:21:47.317  1832  2726 D MiuiXlog: eventName = waveform_info level = 0 result = false
01-23 19:21:47.317  1832  2726 D VibratorManagerServiceImpl: attrs = VibrationAttributes{mUsage=TOUCH, mAudioUsage= USAGE_UNKNOWN, mCategory=UNKNOWN, mFlags=0}, attrs.usage = 18
01-23 19:21:47.318  1832  2726 E VibratorManagerServiceImpl: vibrationThreadSetParameters
01-23 19:21:47.318 22443 25915 D skia    : SkJpegCodec::onGetPixels + (1024, 1024)
01-23 19:21:47.318  1090  1119 D vendor.hardware.vibratorfeature: configStrengthForEffect id : 7 , strength: 1.000000
01-23 19:21:47.318 22443 25915 I DMABUFHEAPS: Using DMA-BUF heap named: mtk_mm
01-23 19:21:47.319 22443 25915 D skia    : stream getLength() supported, buffer addr 0x6eaedf1000 length 504832
01-23 19:21:47.319  1090  1119 D vendor.hardware.vibratorfeature: Vibrator perform effect 7
01-23 19:21:47.319  1090  1119 D vendor.hardware.vibratorfeature: uses mCurrMagnitudeExt 1.410000
01-23 19:21:47.319  1090  1119 D vendor.hardware.vibratorfeature: getAmplitudeFromEffectStrength 1.000000
01-23 19:21:47.320  1090  1119 D vendor.hardware.vibratorfeature: return from driver is 20
01-23 19:21:47.320 22443 25915 D skia    : LoadInputStreamToMem va 0x6eaedf1000  size 504832
01-23 19:21:47.320  1090  1119 D vendor.hardware.vibratorfeature: playLengthMs is 70
01-23 19:21:47.321 22443 25915 D libjpeg-alpha: Huffman Builder run in subthread
01-23 19:21:47.322  1090 26566 D vendor.hardware.vibratorfeature: Starting perform on another thread
01-23 19:21:47.322 22443 25915 D libjpeg-alpha: Tile Decoder (#thread:4, size:256 256 256 256x256, alignment:256x16)
01-23 19:21:47.323 22443 26572 D libjpeg-alpha: [Hybrid] Wait IRQ thread (26572)
01-23 19:21:47.326 22443 26572 D libjpeg-alpha: [Hybrid] Wait IRQ thread terminated
01-23 19:21:47.344 22443 25915 D skia    : SkJpegCodec::onGetPixels -
01-23 19:21:47.360  1832  2181 I MIUIInput: [MotionEvent] notifyMotion - eventTime=703940721263000, deviceId=6, source=0x1002, policyFlags=0x0, action=0x1, flags=0x0, downTime=703940672577000
01-23 19:21:47.361  1258  1258 I touch_boost: enable=0, boost_up=0, boost_down=1, render_deboost=0, active_time=100, duration=50, idleprefer(TA,FG)=(1,1), util(TA,FG)=(1,1), freq(c0,c1,c2)=(1100000,1400000,400000)
01-23 19:21:47.361  1258  1258 I mtkpower_client: perf_lock_rel, hdl:854550, tid:1258
01-23 19:21:47.361  1258  1258 I mtkpower_client: IMtkPowerService_isDeclared 1
01-23 19:21:47.362  1044  1093 I libPowerHal: [perfLockRel] hdl:854550, idx:12
01-23 19:21:47.362  1044  1093 I libPowerHal: [setClusterFreq]  set cpu_ctrl cpufreq: -1 -1 -1 -1 -1 -1 
01-23 19:21:47.362  1044  1093 I libPowerHal: [PD] touch_boost update cmd:1404100 param:0
01-23 19:21:47.362  1044  1093 I libPowerHal: [PD] touch_boost update cmd:1404300 param:0
01-23 19:21:47.362  1044  1093 I libPowerHal: [PD] touch_boost update cmd:1408100 param:0
01-23 19:21:47.364  1044  1093 I libPowerHal: [PD] touch_boost update cmd:1408300 param:0
01-23 19:21:47.366  1009  1388 E HfLooper: sensor imu_hand_detect in hal data=0,839,1000,1000,10538,40500
01-23 19:21:47.370  1832  2180 I MIUIInput: [MotionEvent] publisher action=0x1, deviceId=6, 703940721, channel '[Gesture Monitor] onehanded-touch (server)'
01-23 19:21:47.371  1832  2180 I MIUIInput: [MotionEvent] publisher action=0x1, deviceId=6, 703940721, channel '[Gesture Monitor] miui-gesture (server)'
01-23 19:21:47.371  1832  2180 I MIUIInput: [MotionEvent] publisher action=0x1, deviceId=6, 703940721, channel 'cdd7043 InputMethod (server)'
01-23 19:21:47.371  4267  4267 I MIUIInput: [MotionEvent] ViewRootImpl windowName 'InputMethod', { action=ACTION_UP, id[0]=0, pointerCount=1, eventTime=703940721, downTime=703940672, phoneEventTime=19:21:47.360 } moveCount:0
01-23 19:21:47.372  1044  1093 I libPowerHal: [perfLockRel] hdl:854549, idx:9
01-23 19:21:47.375  1593  2201 I libsensor-displayalgo: the value of channelCali C:209.679756,R:88.137502,G:93.629238,B:35.679663,scales C:1.312945,R:1.441799,G:1.262245,B:1.286638
01-23 19:21:47.375  1593  2201 D libsensor-displayalgo: brightness:1408.000000,flat_mode:0.000000,R1:33.081844,G1:40.140197,B1:40.264379,R2:2896.521130,G2:2986.654895,B2:2741.054999,R3:1261.884725,G3:1301.038000,B3:1204.429526,R4:75.848648,G4:84.204944,B4:80.625460,EVENT C:914.000000,R:328.000000,G:414.000000,B:203.000000, lux: 56.648121
01-23 19:21:47.377  4267  4267 W TooltipLifecycleManager: TooltipLifecycleManager.dismissTooltips():153 Tooltip with id SUGGESTION_VIEW_EDU_MINI_DIALOG not found in tooltipManager.
01-23 19:21:47.382  1000  1654 I hwcomposer: [HWC] (0)fire a callback of refresh to SF[4]  
01-23 19:21:47.392  1090 26566 D vendor.hardware.vibratorfeature: Notifying perform complete
01-23 19:21:47.393  1000  1000 I hwcomposer: [HWCDisplay] [Display_0 (type:1, mode:2)] fps:35.538719,dur:1012.98,max:97.41,min:7.33  
01-23 19:21:47.394  1832  2726 D VibratorManagerService: Vibration 57271 on vibrator 0 complete, notifying thread
01-23 19:21:47.394  1090  1119 D vendor.hardware.vibratorfeature: QTI Vibrator off
01-23 19:21:47.394  1090  1119 D DynamicEffectThread: pause
01-23 19:21:47.394  1090  1119 D DynamicEffectDevice: FFDevice pause
01-23 19:21:47.395  1832  2104 D VibratorManagerService: Vibration 57271 finished with EndInfo{status=FINISHED, endedBy=null}
01-23 19:21:47.395  1832  2104 D VibratorManagerService: Reporting vibration 57271 finished with EndInfo{status=FINISHED, endedBy=null}
01-23 19:21:47.396  1832  2104 D VibratorManagerService: Vibration for uid=1000 and with attrs=VibrationAttributes{mUsage=TOUCH, mAudioUsage= USAGE_UNKNOWN, mCategory=UNKNOWN, mFlags=0} ended with status FINISHED
01-23 19:21:47.401  1832  2104 D VibratorManagerService: VibrationThread released after finished vibration
01-23 19:21:47.401  1832  2104 D VibratorManagerService: Processing VibrationThread released callback
01-23 19:21:47.427  1044  1056 E libPowerHal: [getHintRscSize] hint_id 56 cannot be found in PowerScnTbl
01-23 19:21:47.432  4267  4267 I KeyboardModeUtils: KeyboardModeUtils.getKeyboardBottomOffset():435 inch: 0.000000 ydpi: 445.614014 adjustKeyboardBottomByDisplaySize: false currentDensityDpi: 480 defaultDensityDpi: 480 keyboardBottomToScreenPx: 0 keyboardBottomToNavBarPx: 0 navBarHeight: 0
01-23 19:21:47.432  4267  4267 I BaseKeyboardSizeHelper: BaseKeyboardSizeHelper.calculateMaxKeyboardBodyHeight():73 leave 321 height for app when ime window height:2610, header height:132 and isFullscreenMode:false, so the max keyboard body height is:2157
01-23 19:21:47.433  4267  4267 I BaseKeyboardSizeHelper: BaseKeyboardSizeHelper.calculateMaxKeyboardBodyHeight():73 leave 321 height for app when ime window height:2610, header height:132 and isFullscreenMode:false, so the max keyboard body height is:2157
01-23 19:21:47.455  1000  1640 I android.hardware.graphics.composer@3.2-service: Sensor: notify citsensorservice to trigger cwb
01-23 19:21:47.456  1593  2197 I libsensor-frameBufferManager: request dump start
01-23 19:21:47.456  1593  2197 D libcomposer_ext: ClientImplAidl::getDispDump(), dpy 1, dst (160, 120), dump_point 1, release_fence -1
01-23 19:21:47.456  1000  1000 D libcomposer_ext: DeviceImplAidl::syncPerform(14), client_handle: 1
01-23 19:21:47.456  1000  1000 D libcomposer_ext: DeviceImplAidl::DeviceClientContextAidl::ParseGetDispDump()
01-23 19:21:47.456  1000  1000 D libcomposer_ext: DeviceImplAidl::ParseGetDispDump(), dpy 1, dst (160, 120), dump_point 1
01-23 19:21:47.456  1000  1000 I hwcomposer: [HWC] getDispDump(), dpy 1, (822,7,982,127), (160, 120), (1, 2), (-1), (-1), (0xb400007e2a4e0cb0)  
01-23 19:21:47.456  1000  1000 I hwcomposer: [DRMDEV] isSupportWbParams(), id_crtc 103, id_connector 34, dump_point 1, src(160, 120), dst(160, 120), config 2  
01-23 19:21:47.456  1000  1000 E hwcomposer: [DRMDEV] isSupportWbParams(), disp(1220, 2712)  
01-23 19:21:47.456  1000  1000 I hwcomposer: [DISP_DUMP] setDumpBuf(), dpy(0), src(822, 7, 982, 127), dst(160, 120), (1, 2), -1, (-1), (0xb400007e2a4e0cb0)  
01-23 19:21:47.456  1000  1000 I hwcomposer: [HWC] (0)fire a callback of refresh to SF[9]  
01-23 19:21:47.463  1000  1000 D libcomposer_ext: DeviceImplAidl::DeviceClientContextAidl::NotifyDispDumpReady()
01-23 19:21:47.464  1593  1593 D libcomposer_ext: ClientCallbackAidl::asyncPerform(15)
01-23 19:21:47.464  1593  1593 D libcomposer_ext: ClientImplAidl::ParseNotifyDispDumpReady()
01-23 19:21:47.484  1593  2198 D libsensor-parseRGB: the value of RGB [4.905944 5.356730 5.364257]
01-23 19:21:47.498  1019  1053 I libPerfCtl: xgfGetFPS pid:2668 fps:-1
01-23 19:21:47.498  1019  1053 I libPerfCtl: xgfGetFPS pid:4267 fps:-1
01-23 19:21:47.498  1019  1053 I libPerfCtl: xgfGetFPS pid:22443 fps:-1
01-23 19:21:47.526  1000  1654 I hwcomposer: [HWC] (0)fire a callback of refresh to SF[4]  
01-23 19:21:47.528  1832  1872 I system_server: Background concurrent mark compact GC freed 23MB AllocSpace bytes, 52(1092KB) LOS objects, 12% free, 171MB/195MB, paused 1.924ms,10.265ms total 457.178ms
01-23 19:21:47.528  1258  1258 I touch_boost: enable=1, boost_up=0, boost_down=1, render_deboost=0, active_time=100, duration=50, idleprefer(TA,FG)=(1,1), util(TA,FG)=(1,1), freq(c0,c1,c2)=(1100000,1400000,400000)
01-23 19:21:47.528  1258  1258 I mtkpower_client: perf_lock_acq, hdl:0, dur:50, num:14, pid:1258, tid:1258
01-23 19:21:47.528  1832  2181 I MIUIInput: [MotionEvent] notifyMotion - eventTime=703940889636000, deviceId=6, source=0x1002, policyFlags=0x0, action=0x0, flags=0x0, downTime=703940889636000
01-23 19:21:47.528  1258  1258 I mtkpower_client: IMtkPowerService_isDeclared 1
01-23 19:21:47.529  1044  1093 I libPowerHal: [perfLockAcq] idx:9 hdl:854551 hint:-1 pid:1258 tid:1258 duration:50 lock_user:touch_boost => ret_hdl:854551
01-23 19:21:47.529  1044  1093 I libPowerHal: [setClusterFreq] touch_boost set cpufreq[0] min:1100000 max:-1 cpufreq[1] min:1400000 max:-1 cpufreq[2] min:400000 max:-1 
01-23 19:21:47.529  1044  1093 I libPowerHal: [setClusterFreq]  set cpu_ctrl cpufreq: 1100000 -1 1400000 -1 -1 -1 
01-23 19:21:47.529  1044  1093 I libPowerHal: [PE] touch_boost update cmd:1404100, param:1
01-23 19:21:47.529  1044  1093 I libPowerHal: [PE] touch_boost update cmd:1404300, param:1
01-23 19:21:47.529  1258  1258 I mtkpower_client: ret_hdl:854551
01-23 19:21:47.530  1832  2180 I MIUIInput: [MotionEvent] publisher action=0x0, deviceId=6, 703940889, channel 'cdd7043 InputMethod (server)'
01-23 19:21:47.530  1832  2180 I MIUIInput: [MotionEvent] publisher action=0x0, deviceId=6, 703940889, channel '[Gesture Monitor] onehanded-touch (server)'
01-23 19:21:47.530  1832  2180 I MIUIInput: [MotionEvent] publisher action=0x0, deviceId=6, 703940889, channel '[Gesture Monitor] miui-gesture (server)'
01-23 19:21:47.531  4267  4267 I MIUIInput: [MotionEvent] ViewRootImpl windowName 'InputMethod', { action=ACTION_DOWN, id[0]=0, pointerCount=1, eventTime=703940889, downTime=703940889, phoneEventTime=19:21:47.528 } moveCount:0
01-23 19:21:47.532 24346 24346 I SidebarCoverView: onTouch : 4
01-23 19:21:47.533  1044  1093 I libPowerHal: [PE] touch_boost update cmd:1408100, param:1
01-23 19:21:47.533  1832  3375 I HapticFeedbackUtil: 7,2,true
01-23 19:21:47.533  1044  1093 I libPowerHal: [PE] touch_boost update cmd:1408300, param:1
01-23 19:21:47.533  1832  3375 D VibratorManagerService: Starting vibrate for vibration 57272
01-23 19:21:47.534  1832  3375 D system_server: xlog_init
01-23 19:21:47.534  1832  3375 D system_server:  _xog_get_handle 
01-23 19:21:47.534  1044  1093 I libPowerHal: [perfLockAcq] idx:12 hdl:854552 hint:25 pid:1044 tid:1044 duration:10000 lock_user:vendor.mediatek => ret_hdl:854552
01-23 19:21:47.535  1131  1131 I BufferQueueProducer: [FramebufferSurface](this:0xb40000729a44bf50,id:-1,api:1,p:1131,c:1131) queueBuffer: fps=5.67 dur=1058.33 max=232.40 min=91.69
01-23 19:21:47.535  1832  3375 D system_server: get xlog handle
01-23 19:21:47.535  1832  3375 V xlog_client: xlog_check_permission event name waveform_info level 0
01-23 19:21:47.535  1832  3375 D system_server:  xlog_deinit 
01-23 19:21:47.535  1832  3375 D MiuiXlog: eventName = waveform_info level = 0 result = false
01-23 19:21:47.535  1832  3375 D VibratorManagerServiceImpl: attrs = VibrationAttributes{mUsage=TOUCH, mAudioUsage= USAGE_UNKNOWN, mCategory=UNKNOWN, mFlags=0}, attrs.usage = 18
01-23 19:21:47.535  1832  3375 E VibratorManagerServiceImpl: vibrationThreadSetParameters
01-23 19:21:47.536  1090  1119 D vendor.hardware.vibratorfeature: configStrengthForEffect id : 7 , strength: 1.000000
01-23 19:21:47.537  1090  1119 D vendor.hardware.vibratorfeature: Vibrator perform effect 7
01-23 19:21:47.537  1090  1119 D vendor.hardware.vibratorfeature: uses mCurrMagnitudeExt 1.410000
01-23 19:21:47.537  1090  1119 D vendor.hardware.vibratorfeature: getAmplitudeFromEffectStrength 1.000000
01-23 19:21:47.537  1090  1119 D vendor.hardware.vibratorfeature: return from driver is 20
01-23 19:21:47.537  1090  1119 D vendor.hardware.vibratorfeature: playLengthMs is 70
01-23 19:21:47.538  1090 26573 D vendor.hardware.vibratorfeature: Starting perform on another thread
01-23 19:21:47.575  1593  2201 I libsensor-displayalgo: the value of channelCali C:209.679756,R:88.137502,G:93.629238,B:35.679663,scales C:1.312945,R:1.441799,G:1.262245,B:1.286638
01-23 19:21:47.575  1593  2201 D libsensor-displayalgo: brightness:1408.000000,flat_mode:0.000000,R1:33.081844,G1:40.140197,B1:40.264379,R2:2896.521130,G2:2986.654895,B2:2741.054999,R3:1261.884725,G3:1301.038000,B3:1204.429526,R4:75.848648,G4:84.204944,B4:80.625460,EVENT C:902.000000,R:323.000000,G:409.000000,B:199.000000, lux: 55.826878
01-23 19:21:47.577 22443 25915 V RealServerManager: STDOUT: [22:21:46 INFO]: lzofseven[/192.168.100.5:56976] logged in with entity id 193 at ([world]-211.47736048264156, 74.0, -285.88695538515486)
01-23 19:21:47.578  1258  1258 I touch_boost: enable=0, boost_up=0, boost_down=1, render_deboost=0, active_time=100, duration=50, idleprefer(TA,FG)=(1,1), util(TA,FG)=(1,1), freq(c0,c1,c2)=(1100000,1400000,400000)
01-23 19:21:47.578  1258  1258 I mtkpower_client: perf_lock_rel, hdl:854551, tid:1258
01-23 19:21:47.578  1258  1258 I mtkpower_client: IMtkPowerService_isDeclared 1
01-23 19:21:47.579  1044  1093 I libPowerHal: [perfLockRel] hdl:854551, idx:9
01-23 19:21:47.579  1044  1093 I libPowerHal: [setClusterFreq]  set cpu_ctrl cpufreq: -1 -1 -1 -1 -1 -1 
01-23 19:21:47.579  1044  1093 I libPowerHal: [PD] touch_boost update cmd:1404100 param:0
01-23 19:21:47.579  1044  1093 I libPowerHal: [PD] touch_boost update cmd:1404300 param:0
01-23 19:21:47.579  1044  1093 I libPowerHal: [PD] touch_boost update cmd:1408100 param:0
01-23 19:21:47.582  1044  1093 I libPowerHal: [PD] touch_boost update cmd:1408300 param:0
01-23 19:21:47.584  1832  1832 W NotificationHistory: Attempted to add notif for locked/gone/disabled user 0
01-23 19:21:47.596  1832  2249 E NotificationVibratorHelper: Error creating vibration waveform with pattern: [0]
01-23 19:21:47.596  2668  2668 D MiuiBubbleManager: onEntryAdded: com.android.systemui.statusbar.notification.collection.NotificationEntry@c03f8d9
01-23 19:21:47.598  2668  2955 D NotificationProvider: call method=updateNotificationUsageInfo extras=Bundle[{packageName=com.lzofseven.mcserver}]
01-23 19:21:47.602  2668  2668 D ArtChoreographerMonitor: invoke error.
01-23 19:21:47.608  1090 26573 D vendor.hardware.vibratorfeature: Notifying perform complete
01-23 19:21:47.608  1832  3375 W ActivityManagerServiceImpl: Sending non-protected broadcast android.intent.action.APPLICATION_MESSAGE_UPDATE from system 2668:com.android.systemui/1000 pkg com.android.systemui. Callers=
01-23 19:21:47.608  1832  5246 D VibratorManagerService: Vibration 57272 on vibrator 0 complete, notifying thread
01-23 19:21:47.608  1090  1119 D vendor.hardware.vibratorfeature: QTI Vibrator off
01-23 19:21:47.608  1090  1119 D DynamicEffectThread: pause
01-23 19:21:47.608  1090  1119 D DynamicEffectDevice: FFDevice pause
01-23 19:21:47.609  1832  2104 D VibratorManagerService: Vibration 57272 finished with EndInfo{status=FINISHED, endedBy=null}
01-23 19:21:47.609  1832  2104 D VibratorManagerService: Reporting vibration 57272 finished with EndInfo{status=FINISHED, endedBy=null}
01-23 19:21:47.609  1832  2104 D VibratorManagerService: Vibration for uid=1000 and with attrs=VibrationAttributes{mUsage=TOUCH, mAudioUsage= USAGE_UNKNOWN, mCategory=UNKNOWN, mFlags=0} ended with status FINISHED
01-23 19:21:47.609  1832  2104 D VibratorManagerService: VibrationThread released after finished vibration
01-23 19:21:47.609  1832  2104 D VibratorManagerService: Processing VibrationThread released callback
01-23 19:21:47.622  2668  2668 D MiuiBubbleManager: onEntryUpdated: com.android.systemui.statusbar.notification.collection.NotificationEntry@c2ac87f true
01-23 19:21:47.622  1000  1654 I hwcomposer: [HWC] (0)fire a callback of refresh to SF[4]  
01-23 19:21:47.628  2668  3369 E backgroundBlur: setMiViewBlurMode disable com.android.systemui.statusbar.notification.row.NotificationBackgroundView
01-23 19:21:47.628  2668  3369 D HWUI    : setMiShadow closed
01-23 19:21:47.630  2668  2668 E StackScroller: updateSidePadding: viewWidth is zero
01-23 19:21:47.635  2668  3301 D LocalImageResolver: Couldn't use ImageDecoder for drawable, falling back to non-resized load.
01-23 19:21:47.637  2668  3301 D LocalImageResolver: Couldn't use ImageDecoder for drawable, falling back to non-resized load.
01-23 19:21:47.638  1832  2181 I MIUIInput: [MotionEvent] notifyMotion - eventTime=703940999405000, deviceId=6, source=0x1002, policyFlags=0x0, action=0x1, flags=0x0, downTime=703940889636000
01-23 19:21:47.639  1044  1093 I libPowerHal: [perfLockRel] hdl:854552, idx:12
01-23 19:21:47.639  1832  2180 I MIUIInput: [MotionEvent] publisher action=0x1, deviceId=6, 703940999, channel '[Gesture Monitor] onehanded-touch (server)'
01-23 19:21:47.639  1832  2180 I MIUIInput: [MotionEvent] publisher action=0x1, deviceId=6, 703940999, channel '[Gesture Monitor] miui-gesture (server)'
01-23 19:21:47.639  1832  2180 I MIUIInput: [MotionEvent] publisher action=0x1, deviceId=6, 703940999, channel 'cdd7043 InputMethod (server)'
01-23 19:21:47.640  4267  4267 I MIUIInput: [MotionEvent] ViewRootImpl windowName 'InputMethod', { action=ACTION_UP, id[0]=0, pointerCount=1, eventTime=703940999, downTime=703940889, phoneEventTime=19:21:47.638 } moveCount:9
01-23 19:21:47.643  4267  4267 W TooltipLifecycleManager: TooltipLifecycleManager.dismissTooltips():153 Tooltip with id SUGGESTION_VIEW_EDU_MINI_DIALOG not found in tooltipManager.
01-23 19:21:47.643  1044  1056 E libPowerHal: [getHintRscSize] hint_id 56 cannot be found in PowerScnTbl
01-23 19:21:47.643  2668  2668 E StackScroller: updateSidePadding: viewWidth is zero
01-23 19:21:47.644  1131  1131 I BufferQueueProducer: [StatusBar#113](this:0xb4000070da6b66c0,id:-1,api:0,p:-1,c:1131) queueBuffer: fps=0.64 dur=1570.99 max=1570.99 min=1570.99
01-23 19:21:47.653  2668  3301 D LocalImageResolver: Couldn't use ImageDecoder for drawable, falling back to non-resized load.
01-23 19:21:47.654  1258  1258 I touch_boost: enable=1, boost_up=0, boost_down=1, render_deboost=0, active_time=100, duration=50, idleprefer(TA,FG)=(1,1), util(TA,FG)=(1,1), freq(c0,c1,c2)=(1100000,1400000,400000)
01-23 19:21:47.654  1832  2181 I MIUIInput: [MotionEvent] notifyMotion - eventTime=703941016129000, deviceId=6, source=0x1002, policyFlags=0x0, action=0x0, flags=0x0, downTime=703941016129000
01-23 19:21:47.654  1258  1258 I mtkpower_client: perf_lock_acq, hdl:0, dur:50, num:14, pid:1258, tid:1258
01-23 19:21:47.655  1258  1258 I mtkpower_client: IMtkPowerService_isDeclared 1
01-23 19:21:47.656  1044  1093 I libPowerHal: [perfLockAcq] idx:9 hdl:854553 hint:25 pid:1044 tid:1044 duration:10000 lock_user:vendor.mediatek => ret_hdl:854553
01-23 19:21:47.656  1258  1258 I mtkpower_client: ret_hdl:854554
01-23 19:21:47.656  1832  2180 I MIUIInput: [MotionEvent] publisher action=0x0, deviceId=6, 703941016, channel 'cdd7043 InputMethod (server)'
01-23 19:21:47.656  1044  1093 I libPowerHal: [perfLockAcq] idx:12 hdl:854554 hint:-1 pid:1258 tid:1258 duration:50 lock_user:touch_boost => ret_hdl:854554
01-23 19:21:47.656  1044  1093 I libPowerHal: [setClusterFreq] touch_boost set cpufreq[0] min:1100000 max:-1 cpufreq[1] min:1400000 max:-1 cpufreq[2] min:400000 max:-1 
01-23 19:21:47.656  2668  2668 E StackScroller: updateSidePadding: viewWidth is zero
01-23 19:21:47.656  1044  1093 I libPowerHal: [setClusterFreq]  set cpu_ctrl cpufreq: 1100000 -1 1400000 -1 -1 -1 
01-23 19:21:47.656  1832  2180 I MIUIInput: [MotionEvent] publisher action=0x0, deviceId=6, 703941016, channel '[Gesture Monitor] onehanded-touch (server)'
01-23 19:21:47.657  1044  1093 I libPowerHal: [PE] touch_boost update cmd:1404100, param:1
01-23 19:21:47.657  1044  1093 I libPowerHal: [PE] touch_boost update cmd:1404300, param:1
01-23 19:21:47.657  1832  2180 I MIUIInput: [MotionEvent] publisher action=0x0, deviceId=6, 703941016, channel '[Gesture Monitor] miui-gesture (server)'
01-23 19:21:47.659 24346 24346 I SidebarCoverView: onTouch : 4
01-23 19:21:47.659  4267  4267 I MIUIInput: [MotionEvent] ViewRootImpl windowName 'InputMethod', { action=ACTION_DOWN, id[0]=0, pointerCount=1, eventTime=703941016, downTime=703941016, phoneEventTime=19:21:47.655 } moveCount:0
01-23 19:21:47.660  1832  2536 I HapticFeedbackUtil: 7,2,true
01-23 19:21:47.660  1832  2536 D VibratorManagerService: Starting vibrate for vibration 57273
01-23 19:21:47.660  1832  2536 D system_server: xlog_init
01-23 19:21:47.660  1832  2536 D system_server:  _xog_get_handle 
01-23 19:21:47.661  1832  2536 D system_server: get xlog handle
01-23 19:21:47.661  1832  2536 V xlog_client: xlog_check_permission event name waveform_info level 0
01-23 19:21:47.661  1832  2536 D system_server:  xlog_deinit 
01-23 19:21:47.661  1832  2536 D MiuiXlog: eventName = waveform_info level = 0 result = false
01-23 19:21:47.661  1832  2536 D VibratorManagerServiceImpl: attrs = VibrationAttributes{mUsage=TOUCH, mAudioUsage= USAGE_UNKNOWN, mCategory=UNKNOWN, mFlags=0}, attrs.usage = 18
01-23 19:21:47.661  1832  2536 E VibratorManagerServiceImpl: vibrationThreadSetParameters
01-23 19:21:47.661  1090  1119 D vendor.hardware.vibratorfeature: configStrengthForEffect id : 7 , strength: 1.000000
01-23 19:21:47.662  1044  1093 I libPowerHal: [PE] touch_boost update cmd:1408100, param:1
01-23 19:21:47.662  4267  4267 I KeyboardModeUtils: KeyboardModeUtils.getKeyboardBottomOffset():435 inch: 0.000000 ydpi: 445.614014 adjustKeyboardBottomByDisplaySize: false currentDensityDpi: 480 defaultDensityDpi: 480 keyboardBottomToScreenPx: 0 keyboardBottomToNavBarPx: 0 navBarHeight: 0
01-23 19:21:47.662  4267  4267 I BaseKeyboardSizeHelper: BaseKeyboardSizeHelper.calculateMaxKeyboardBodyHeight():73 leave 321 height for app when ime window height:2610, header height:132 and isFullscreenMode:false, so the max keyboard body height is:2157
01-23 19:21:47.662  4267  4267 I BaseKeyboardSizeHelper: BaseKeyboardSizeHelper.calculateMaxKeyboardBodyHeight():73 leave 321 height for app when ime window height:2610, header height:132 and isFullscreenMode:false, so the max keyboard body height is:2157
01-23 19:21:47.662  1044  1093 I libPowerHal: [PE] touch_boost update cmd:1408300, param:1
01-23 19:21:47.663  1090  1119 D vendor.hardware.vibratorfeature: Vibrator perform effect 7
01-23 19:21:47.663  1090  1119 D vendor.hardware.vibratorfeature: uses mCurrMagnitudeExt 1.410000
01-23 19:21:47.663  1090  1119 D vendor.hardware.vibratorfeature: getAmplitudeFromEffectStrength 1.000000
01-23 19:21:47.663  1090  1119 D vendor.hardware.vibratorfeature: return from driver is 20
01-23 19:21:47.663  1090  1119 D vendor.hardware.vibratorfeature: playLengthMs is 70
01-23 19:21:47.664  1000  1640 I android.hardware.graphics.composer@3.2-service: Sensor: notify citsensorservice to trigger cwb
01-23 19:21:47.665  1593  2197 I libsensor-frameBufferManager: request dump start
01-23 19:21:47.665  1593  2197 D libcomposer_ext: ClientImplAidl::getDispDump(), dpy 1, dst (160, 120), dump_point 1, release_fence -1
01-23 19:21:47.665  1000  1000 D libcomposer_ext: DeviceImplAidl::syncPerform(14), client_handle: 1
01-23 19:21:47.665  2668  3301 D LocalImageResolver: Couldn't use ImageDecoder for drawable, falling back to non-resized load.
01-23 19:21:47.665  1000  1000 D libcomposer_ext: DeviceImplAidl::DeviceClientContextAidl::ParseGetDispDump()
01-23 19:21:47.665  1000  1000 D libcomposer_ext: DeviceImplAidl::ParseGetDispDump(), dpy 1, dst (160, 120), dump_point 1
01-23 19:21:47.666  1000  1000 I hwcomposer: [HWC] getDispDump(), dpy 1, (822,7,982,127), (160, 120), (1, 2), (-1), (-1), (0xb400007e2a4e0710)  
01-23 19:21:47.666  1000  1000 I hwcomposer: [DRMDEV] isSupportWbParams(), id_crtc 103, id_connector 34, dump_point 1, src(160, 120), dst(160, 120), config 2  
01-23 19:21:47.666  1000  1000 E hwcomposer: [DRMDEV] isSupportWbParams(), disp(1220, 2712)  
01-23 19:21:47.666  1000  1000 I hwcomposer: [DISP_DUMP] setDumpBuf(), dpy(0), src(822, 7, 982, 127), dst(160, 120), (1, 2), -1, (-1), (0xb400007e2a4e0710)  
01-23 19:21:47.666  1090 26574 D vendor.hardware.vibratorfeature: Starting perform on another thread
01-23 19:21:47.666  1000  1000 I hwcomposer: [HWC] (0)fire a callback of refresh to SF[9]  
01-23 19:21:47.667  2668  2668 E backgroundBlur: setMiViewBlurMode disable com.android.systemui.statusbar.notification.row.NotificationBackgroundView
01-23 19:21:47.668  2668  2668 D HWUI    : setMiShadow closed
01-23 19:21:47.668  2668  2668 D AlertCoordinator: onViewBound, buzzBeep for 0|com.lzofseven.mcserver|-1298892784|null|10525
01-23 19:21:47.669  1832  2536 I AS.AudioService: getMode, get current owner's mode
01-23 19:21:47.669  1832  2536 I AS.AudioService: getMode, currentModeHandler is null
01-23 19:21:47.669  1131  1131 I BufferQueueProducer: [com.lzofseven.mcserver/com.lzofseven.mcserver.MainActivity#215867](this:0xb4000070da6f4ee0,id:-1,api:0,p:-1,c:1131) queueBuffer: fps=11.58 dur=1122.57 max=224.47 min=8.12
01-23 19:21:47.669  1832  2536 I AS.AudioService: shouldNotificationSoundPlay false: muted stream:5 attr:AudioAttributes: usage=USAGE_NOTIFICATION content=CONTENT_TYPE_SONIFICATION flags=0x800 tags= bundle=null
01-23 19:21:47.669  1832  2536 I AS.AudioService: getMode, get current owner's mode
01-23 19:21:47.669  1832  2536 I AS.AudioService: getMode, currentModeHandler is null
01-23 19:21:47.672  1000  1000 D libcomposer_ext: DeviceImplAidl::DeviceClientContextAidl::NotifyDispDumpReady()
01-23 19:21:47.672  1832  2536 D FlashNotifController: requestStartFlashNotification
01-23 19:21:47.672  1832  2536 I FlashNotifController: startFlashNotification: type=1, tag=android
01-23 19:21:47.672  1832  2536 D FlashNotifController: Flash notification is disabled
01-23 19:21:47.672  1593  1593 D libcomposer_ext: ClientCallbackAidl::asyncPerform(15)
01-23 19:21:47.672  1593  1593 D libcomposer_ext: ClientImplAidl::ParseNotifyDispDumpReady()
01-23 19:21:47.691  1832  2181 I MIUIInput: [MotionEvent] notifyMotion - eventTime=703941052603000, deviceId=6, source=0x1002, policyFlags=0x0, action=0x1, flags=0x0, downTime=703941016129000
01-23 19:21:47.691  1593  2198 D libsensor-parseRGB: the value of RGB [4.905944 5.356730 5.364257]
01-23 19:21:47.692  1832  2180 I MIUIInput: [MotionEvent] publisher action=0x1, deviceId=6, 703941052, channel '[Gesture Monitor] onehanded-touch (server)'
01-23 19:21:47.692  1832  2180 I MIUIInput: [MotionEvent] publisher action=0x1, deviceId=6, 703941052, channel '[Gesture Monitor] miui-gesture (server)'
01-23 19:21:47.693  1832  2180 I MIUIInput: [MotionEvent] publisher action=0x1, deviceId=6, 703941052, channel 'cdd7043 InputMethod (server)'
01-23 19:21:47.693  1044  1093 I libPowerHal: [perfLockRel] hdl:854553, idx:9
01-23 19:21:47.693  2668  2668 E StackScroller: updateSidePadding: viewWidth is zero
01-23 19:21:47.695  4267  4267 I MIUIInput: [MotionEvent] ViewRootImpl windowName 'InputMethod', { action=ACTION_UP, id[0]=0, pointerCount=1, eventTime=703941052, downTime=703941016, phoneEventTime=19:21:47.691 } moveCount:2
01-23 19:21:47.697  4267  4267 W TooltipLifecycleManager: TooltipLifecycleManager.dismissTooltips():153 Tooltip with id SUGGESTION_VIEW_EDU_MINI_DIALOG not found in tooltipManager.
01-23 19:21:47.704  1258  1258 I touch_boost: enable=0, boost_up=0, boost_down=1, render_deboost=0, active_time=100, duration=50, idleprefer(TA,FG)=(1,1), util(TA,FG)=(1,1), freq(c0,c1,c2)=(1100000,1400000,400000)
01-23 19:21:47.705  1258  1258 I mtkpower_client: perf_lock_rel, hdl:854554, tid:1258
01-23 19:21:47.705  1258  1258 I mtkpower_client: IMtkPowerService_isDeclared 1
01-23 19:21:47.706  1044  1093 I libPowerHal: [perfLockRel] hdl:854554, idx:12
01-23 19:21:47.706  1044  1093 I libPowerHal: [setClusterFreq]  set cpu_ctrl cpufreq: -1 -1 -1 -1 -1 -1 
01-23 19:21:47.706  1044  1093 I libPowerHal: [PD] touch_boost update cmd:1404100 param:0
01-23 19:21:47.706  1044  1093 I libPowerHal: [PD] touch_boost update cmd:1404300 param:0
01-23 19:21:47.706  1044  1093 I libPowerHal: [PD] touch_boost update cmd:1408100 param:0
01-23 19:21:47.712  4267  4267 I KeyboardModeUtils: KeyboardModeUtils.getKeyboardBottomOffset():435 inch: 0.000000 ydpi: 445.614014 adjustKeyboardBottomByDisplaySize: false currentDensityDpi: 480 defaultDensityDpi: 480 keyboardBottomToScreenPx: 0 keyboardBottomToNavBarPx: 0 navBarHeight: 0
01-23 19:21:47.712  4267  4267 I BaseKeyboardSizeHelper: BaseKeyboardSizeHelper.calculateMaxKeyboardBodyHeight():73 leave 321 height for app when ime window height:2610, header height:132 and isFullscreenMode:false, so the max keyboard body height is:2157
01-23 19:21:47.713  4267  4267 I BaseKeyboardSizeHelper: BaseKeyboardSizeHelper.calculateMaxKeyboardBodyHeight():73 leave 321 height for app when ime window height:2610, header height:132 and isFullscreenMode:false, so the max keyboard body height is:2157
01-23 19:21:47.716  1044  1093 I libPowerHal: [PD] touch_boost update cmd:1408300 param:0
01-23 19:21:47.736  1090 26574 D vendor.hardware.vibratorfeature: Notifying perform complete
01-23 19:21:47.737  1832  2536 D VibratorManagerService: Vibration 57273 on vibrator 0 complete, notifying thread
01-23 19:21:47.738  1090  1119 D vendor.hardware.vibratorfeature: QTI Vibrator off
01-23 19:21:47.738  1090  1119 D DynamicEffectThread: pause
01-23 19:21:47.738  1090  1119 D DynamicEffectDevice: FFDevice pause
01-23 19:21:47.738  1832  2104 D VibratorManagerService: Vibration 57273 finished with EndInfo{status=FINISHED, endedBy=null}
01-23 19:21:47.739  1832  2104 D VibratorManagerService: Reporting vibration 57273 finished with EndInfo{status=FINISHED, endedBy=null}
01-23 19:21:47.739  1832  2104 D VibratorManagerService: Vibration for uid=1000 and with attrs=VibrationAttributes{mUsage=TOUCH, mAudioUsage= USAGE_UNKNOWN, mCategory=UNKNOWN, mFlags=0} ended with status FINISHED
01-23 19:21:47.740  1832  2104 D VibratorManagerService: VibrationThread released after finished vibration
01-23 19:21:47.740  1832  2104 D VibratorManagerService: Processing VibrationThread released callback
01-23 19:21:47.764  1009  1388 E HfLooper: sensor imu_hand_detect in hal data=0,600,9000,9000,10278,40151
01-23 19:21:47.772  1044  1056 E libPowerHal: [getHintRscSize] hint_id 56 cannot be found in PowerScnTbl
01-23 19:21:47.775  1593  2201 I libsensor-displayalgo: the value of channelCali C:209.679756,R:88.137502,G:93.629238,B:35.679663,scales C:1.312945,R:1.441799,G:1.262245,B:1.286638
01-23 19:21:47.775  1593  2201 D libsensor-displayalgo: brightness:1408.000000,flat_mode:0.000000,R1:33.081844,G1:40.140197,B1:40.264379,R2:2896.521130,G2:2986.654895,B2:2741.054999,R3:1261.884725,G3:1301.038000,B3:1204.429526,R4:75.848648,G4:84.204944,B4:80.625460,EVENT C:912.000000,R:327.000000,G:412.000000,B:202.000000, lux: 56.601433
01-23 19:21:47.814  1000  1654 I hwcomposer: [HWC] (0)fire a callback of refresh to SF[4]  
01-23 19:21:47.860  1832  2181 I MIUIInput: [MotionEvent] notifyMotion - eventTime=703941220961000, deviceId=6, source=0x1002, policyFlags=0x0, action=0x0, flags=0x0, downTime=703941220961000
01-23 19:21:47.860  1258  1258 I touch_boost: enable=1, boost_up=0, boost_down=1, render_deboost=0, active_time=100, duration=50, idleprefer(TA,FG)=(1,1), util(TA,FG)=(1,1), freq(c0,c1,c2)=(1100000,1400000,400000)
01-23 19:21:47.860  1258  1258 I mtkpower_client: perf_lock_acq, hdl:0, dur:50, num:14, pid:1258, tid:1258
01-23 19:21:47.861  1258  1258 I mtkpower_client: IMtkPowerService_isDeclared 1
01-23 19:21:47.862  1258  1258 I mtkpower_client: ret_hdl:854555
01-23 19:21:47.862  1044  1093 I libPowerHal: [perfLockAcq] idx:9 hdl:854555 hint:-1 pid:1258 tid:1258 duration:50 lock_user:touch_boost => ret_hdl:854555
01-23 19:21:47.862  1044  1093 I libPowerHal: [setClusterFreq] touch_boost set cpufreq[0] min:1100000 max:-1 cpufreq[1] min:1400000 max:-1 cpufreq[2] min:400000 max:-1 
01-23 19:21:47.862  1044  1093 I libPowerHal: [setClusterFreq]  set cpu_ctrl cpufreq: 1100000 -1 1400000 -1 -1 -1 
01-23 19:21:47.862  1044  1093 I libPowerHal: [PE] touch_boost update cmd:1404100, param:1
01-23 19:21:47.862  1044  1093 I libPowerHal: [PE] touch_boost update cmd:1404300, param:1
01-23 19:21:47.863  1832  2180 I MIUIInput: [MotionEvent] publisher action=0x0, deviceId=6, 703941220, channel 'cdd7043 InputMethod (server)'
01-23 19:21:47.863  1832  2180 I MIUIInput: [MotionEvent] publisher action=0x0, deviceId=6, 703941220, channel '[Gesture Monitor] onehanded-touch (server)'
01-23 19:21:47.863  1832  2180 I MIUIInput: [MotionEvent] publisher action=0x0, deviceId=6, 703941220, channel '[Gesture Monitor] miui-gesture (server)'
01-23 19:21:47.863  4267  4267 I MIUIInput: [MotionEvent] ViewRootImpl windowName 'InputMethod', { action=ACTION_DOWN, id[0]=0, pointerCount=1, eventTime=703941220, downTime=703941220, phoneEventTime=19:21:47.859 } moveCount:0
01-23 19:21:47.864 24346 24346 I SidebarCoverView: onTouch : 4
01-23 19:21:47.864  1832  2536 I HapticFeedbackUtil: 7,2,true
01-23 19:21:47.864  1832  2536 D VibratorManagerService: Starting vibrate for vibration 57274
01-23 19:21:47.864  1832  2536 D system_server: xlog_init
01-23 19:21:47.864  1832  2536 D system_server:  _xog_get_handle 
01-23 19:21:47.864  2668  2668 D ArtChoreographerMonitor: invoke error.
01-23 19:21:47.864  1832  2536 D system_server: get xlog handle
01-23 19:21:47.864  1832  2536 V xlog_client: xlog_check_permission event name waveform_info level 0
01-23 19:21:47.864  1832  2536 D system_server:  xlog_deinit 
01-23 19:21:47.864  1832  2536 D MiuiXlog: eventName = waveform_info level = 0 result = false
01-23 19:21:47.864  1832  2536 D VibratorManagerServiceImpl: attrs = VibrationAttributes{mUsage=TOUCH, mAudioUsage= USAGE_UNKNOWN, mCategory=UNKNOWN, mFlags=0}, attrs.usage = 18
01-23 19:21:47.864  1832  2536 E VibratorManagerServiceImpl: vibrationThreadSetParameters
01-23 19:21:47.865  1090  1119 D vendor.hardware.vibratorfeature: configStrengthForEffect id : 7 , strength: 1.000000
01-23 19:21:47.866  1090  1119 D vendor.hardware.vibratorfeature: Vibrator perform effect 7
01-23 19:21:47.866  1090  1119 D vendor.hardware.vibratorfeature: uses mCurrMagnitudeExt 1.410000
01-23 19:21:47.866  1090  1119 D vendor.hardware.vibratorfeature: getAmplitudeFromEffectStrength 1.000000
01-23 19:21:47.866  1090  1119 D vendor.hardware.vibratorfeature: return from driver is 20
01-23 19:21:47.866  1090  1119 D vendor.hardware.vibratorfeature: playLengthMs is 70
01-23 19:21:47.867  1090 26575 D vendor.hardware.vibratorfeature: Starting perform on another thread
01-23 19:21:47.868  1044  1093 I libPowerHal: [PE] touch_boost update cmd:1408100, param:1
01-23 19:21:47.868  1044  1093 I libPowerHal: [PE] touch_boost update cmd:1408300, param:1
01-23 19:21:47.869  1044  1093 I libPowerHal: [perfLockAcq] idx:12 hdl:854556 hint:25 pid:1044 tid:1044 duration:10000 lock_user:vendor.mediatek => ret_hdl:854556
01-23 19:21:47.877  1131  1131 I BufferQueueProducer: [InputMethod#215874](this:0xb4000070da744cd0,id:-1,api:0,p:-1,c:1131) queueBuffer: fps=26.11 dur=1072.43 max=141.30 min=8.18
01-23 19:21:47.880  1000  1640 I android.hardware.graphics.composer@3.2-service: Sensor: notify citsensorservice to trigger cwb
01-23 19:21:47.881  1593  2197 I libsensor-frameBufferManager: request dump start
01-23 19:21:47.881  1593  2197 D libcomposer_ext: ClientImplAidl::getDispDump(), dpy 1, dst (160, 120), dump_point 1, release_fence -1
01-23 19:21:47.881  1000  1000 D libcomposer_ext: DeviceImplAidl::syncPerform(14), client_handle: 1
01-23 19:21:47.881  1000  1000 D libcomposer_ext: DeviceImplAidl::DeviceClientContextAidl::ParseGetDispDump()
01-23 19:21:47.881  1000  1000 D libcomposer_ext: DeviceImplAidl::ParseGetDispDump(), dpy 1, dst (160, 120), dump_point 1
01-23 19:21:47.881  1000  1000 I hwcomposer: [HWC] getDispDump(), dpy 1, (822,7,982,127), (160, 120), (1, 2), (-1), (-1), (0xb400007e2a4e0830)  
01-23 19:21:47.881  1000  1000 I hwcomposer: [DRMDEV] isSupportWbParams(), id_crtc 103, id_connector 34, dump_point 1, src(160, 120), dst(160, 120), config 2  
01-23 19:21:47.882  1000  1000 E hwcomposer: [DRMDEV] isSupportWbParams(), disp(1220, 2712)  
01-23 19:21:47.882  1000  1000 I hwcomposer: [DISP_DUMP] setDumpBuf(), dpy(0), src(822, 7, 982, 127), dst(160, 120), (1, 2), -1, (-1), (0xb400007e2a4e0830)  
01-23 19:21:47.883  1000  1000 I hwcomposer: [HWC] (0)fire a callback of refresh to SF[9]  
01-23 19:21:47.888  1000  1000 D libcomposer_ext: DeviceImplAidl::DeviceClientContextAidl::NotifyDispDumpReady()
01-23 19:21:47.888  1593  1593 D libcomposer_ext: ClientCallbackAidl::asyncPerform(15)
01-23 19:21:47.888  1593  1593 D libcomposer_ext: ClientImplAidl::ParseNotifyDispDumpReady()
01-23 19:21:47.892  1832  2181 I MIUIInput: [MotionEvent] notifyMotion - eventTime=703941253253000, deviceId=6, source=0x1002, policyFlags=0x0, action=0x1, flags=0x0, downTime=703941220961000
01-23 19:21:47.892  1044  1093 I libPowerHal: [perfLockRel] hdl:854556, idx:12
01-23 19:21:47.892  1832  2180 I MIUIInput: [MotionEvent] publisher action=0x1, deviceId=6, 703941253, channel '[Gesture Monitor] onehanded-touch (server)'
01-23 19:21:47.893  1832  2180 I MIUIInput: [MotionEvent] publisher action=0x1, deviceId=6, 703941253, channel '[Gesture Monitor] miui-gesture (server)'
01-23 19:21:47.893  1832  2180 I MIUIInput: [MotionEvent] publisher action=0x1, deviceId=6, 703941253, channel 'cdd7043 InputMethod (server)'
01-23 19:21:47.893  4267  4267 I MIUIInput: [MotionEvent] ViewRootImpl windowName 'InputMethod', { action=ACTION_UP, id[0]=0, pointerCount=1, eventTime=703941253, downTime=703941220, phoneEventTime=19:21:47.892 } moveCount:1
01-23 19:21:47.895  4267  4267 W TooltipLifecycleManager: TooltipLifecycleManager.dismissTooltips():153 Tooltip with id SUGGESTION_VIEW_EDU_MINI_DIALOG not found in tooltipManager.
01-23 19:21:47.908  1593  2198 D libsensor-parseRGB: the value of RGB [4.905944 5.356730 5.364257]
01-23 19:21:47.909  4267  4267 I KeyboardModeUtils: KeyboardModeUtils.getKeyboardBottomOffset():435 inch: 0.000000 ydpi: 445.614014 adjustKeyboardBottomByDisplaySize: false currentDensityDpi: 480 defaultDensityDpi: 480 keyboardBottomToScreenPx: 0 keyboardBottomToNavBarPx: 0 navBarHeight: 0
01-23 19:21:47.909  4267  4267 I BaseKeyboardSizeHelper: BaseKeyboardSizeHelper.calculateMaxKeyboardBodyHeight():73 leave 321 height for app when ime window height:2610, header height:132 and isFullscreenMode:false, so the max keyboard body height is:2157
01-23 19:21:47.909  4267  4267 I BaseKeyboardSizeHelper: BaseKeyboardSizeHelper.calculateMaxKeyboardBodyHeight():73 leave 321 height for app when ime window height:2610, header height:132 and isFullscreenMode:false, so the max keyboard body height is:2157
01-23 19:21:47.909  1258  1258 I touch_boost: enable=0, boost_up=0, boost_down=1, render_deboost=0, active_time=100, duration=50, idleprefer(TA,FG)=(1,1), util(TA,FG)=(1,1), freq(c0,c1,c2)=(1100000,1400000,400000)
01-23 19:21:47.910  1258  1258 I mtkpower_client: perf_lock_rel, hdl:854555, tid:1258
01-23 19:21:47.911  1832  1832 D AmlMiuiTcpSocketTracker: skip mismatch tcpInfo:TcpInfo{lost=0, retransmit=0, sent=2426}
01-23 19:21:47.911  1832  1832 D AmlMiuiTcpSocketTracker: skip mismatch tcpInfo:TcpInfo{lost=0, retransmit=0, sent=24}
01-23 19:21:47.911  1832  1832 D AmlMiuiTcpSocketTracker: skip mismatch tcpInfo:TcpInfo{lost=0, retransmit=0, sent=412}
01-23 19:21:47.911  1832  1832 D AmlMiuiTcpSocketTracker: skip mismatch tcpInfo:TcpInfo{lost=0, retransmit=0, sent=53}
01-23 19:21:47.913  1832  1832 I AmlMiuiThirdPartScorer: same score, no send
01-23 19:21:47.914  1258  1258 I mtkpower_client: IMtkPowerService_isDeclared 1
01-23 19:21:47.914  1044  1093 I libPowerHal: [perfLockRel] hdl:854555, idx:9
01-23 19:21:47.915  1044  1093 I libPowerHal: [setClusterFreq]  set cpu_ctrl cpufreq: -1 -1 -1 -1 -1 -1 
01-23 19:21:47.915  1044  1093 I libPowerHal: [PD] touch_boost update cmd:1404100 param:0
01-23 19:21:47.915  1044  1093 I libPowerHal: [PD] touch_boost update cmd:1404300 param:0
01-23 19:21:47.915  1044  1093 I libPowerHal: [PD] touch_boost update cmd:1408100 param:0
01-23 19:21:47.920  1044  1093 I libPowerHal: [PD] touch_boost update cmd:1408300 param:0
01-23 19:21:47.937  1090 26575 D vendor.hardware.vibratorfeature: Notifying perform complete
01-23 19:21:47.938  1832  5246 D VibratorManagerService: Vibration 57274 on vibrator 0 complete, notifying thread
01-23 19:21:47.938  1090  1119 D vendor.hardware.vibratorfeature: QTI Vibrator off
01-23 19:21:47.938  1090  1119 D DynamicEffectThread: pause
01-23 19:21:47.938  1090  1119 D DynamicEffectDevice: FFDevice pause
01-23 19:21:47.938  1832  2104 D VibratorManagerService: Vibration 57274 finished with EndInfo{status=FINISHED, endedBy=null}
01-23 19:21:47.938  1832  2104 D VibratorManagerService: Reporting vibration 57274 finished with EndInfo{status=FINISHED, endedBy=null}
01-23 19:21:47.938  1832  2104 D VibratorManagerService: Vibration for uid=1000 and with attrs=VibrationAttributes{mUsage=TOUCH, mAudioUsage= USAGE_UNKNOWN, mCategory=UNKNOWN, mFlags=0} ended with status FINISHED
01-23 19:21:47.940  1832  2104 D VibratorManagerService: VibrationThread released after finished vibration
01-23 19:21:47.940  1832  2104 D VibratorManagerService: Processing VibrationThread released callback
01-23 19:21:47.975  1044  1056 E libPowerHal: [getHintRscSize] hint_id 56 cannot be found in PowerScnTbl
01-23 19:21:47.976  1593  2201 I libsensor-displayalgo: the value of channelCali C:209.679756,R:88.137502,G:93.629238,B:35.679663,scales C:1.312945,R:1.441799,G:1.262245,B:1.286638
01-23 19:21:47.976  1593  2201 D libsensor-displayalgo: brightness:1408.000000,flat_mode:0.000000,R1:33.081844,G1:40.140197,B1:40.264379,R2:2896.521130,G2:2986.654895,B2:2741.054999,R3:1261.884725,G3:1301.038000,B3:1204.429526,R4:75.848648,G4:84.204944,B4:80.625460,EVENT C:912.000000,R:328.000000,G:413.000000,B:202.000000, lux: 56.453926
01-23 19:21:48.019  1000  1654 I hwcomposer: [HWC] (0)fire a callback of refresh to SF[4]  
01-23 19:21:48.027  1832  2181 I MIUIInput: [MotionEvent] notifyMotion - eventTime=703941388827000, deviceId=6, source=0x1002, policyFlags=0x0, action=0x0, flags=0x0, downTime=703941388827000
01-23 19:21:48.027  1258  1258 I touch_boost: enable=1, boost_up=0, boost_down=1, render_deboost=0, active_time=100, duration=50, idleprefer(TA,FG)=(1,1), util(TA,FG)=(1,1), freq(c0,c1,c2)=(1100000,1400000,400000)
01-23 19:21:48.027  1258  1258 I mtkpower_client: perf_lock_acq, hdl:0, dur:50, num:14, pid:1258, tid:1258
01-23 19:21:48.029  1258  1258 I mtkpower_client: IMtkPowerService_isDeclared 1
01-23 19:21:48.029 22443 25918 D skia    : SkJpegCodec::onGetPixels + (1024, 1024)
01-23 19:21:48.029 22443 25918 I DMABUFHEAPS: Using DMA-BUF heap named: mtk_mm
01-23 19:21:48.029  1832  2180 I MIUIInput: [MotionEvent] publisher action=0x0, deviceId=6, 703941388, channel 'cdd7043 InputMethod (server)'
01-23 19:21:48.029  1044  1093 I libPowerHal: [perfLockAcq] idx:9 hdl:854557 hint:25 pid:1044 tid:1044 duration:10000 lock_user:vendor.mediatek => ret_hdl:854557
01-23 19:21:48.029 22443 25918 D skia    : stream getLength() supported, buffer addr 0x6eaedf1000 length 504832
01-23 19:21:48.030  1832  2180 I MIUIInput: [MotionEvent] publisher action=0x0, deviceId=6, 703941388, channel '[Gesture Monitor] onehanded-touch (server)'
01-23 19:21:48.030  1832  2180 I MIUIInput: [MotionEvent] publisher action=0x0, deviceId=6, 703941388, channel '[Gesture Monitor] miui-gesture (server)'
01-23 19:21:48.030 22443 25918 D skia    : LoadInputStreamToMem va 0x6eaedf1000  size 504832
01-23 19:21:48.030  4267  4267 I MIUIInput: [MotionEvent] ViewRootImpl windowName 'InputMethod', { action=ACTION_DOWN, id[0]=0, pointerCount=1, eventTime=703941388, downTime=703941388, phoneEventTime=19:21:48.027 } moveCount:0
01-23 19:21:48.030 22443 25918 D libjpeg-alpha: Huffman Builder run in subthread
01-23 19:21:48.031 22443 25918 D libjpeg-alpha: Tile Decoder (#thread:4, size:256 256 256 256x256, alignment:256x16)
01-23 19:21:48.031  1258  1258 I mtkpower_client: ret_hdl:854558
01-23 19:21:48.031 24346 24346 I SidebarCoverView: onTouch : 4
01-23 19:21:48.032  1832  5246 I HapticFeedbackUtil: 7,2,true
01-23 19:21:48.032  1832  5246 D VibratorManagerService: Starting vibrate for vibration 57275
01-23 19:21:48.032  1832  5246 D system_server: xlog_init
01-23 19:21:48.032  1832  5246 D system_server:  _xog_get_handle 
01-23 19:21:48.032 22443 26581 D libjpeg-alpha: [Hybrid] Wait IRQ thread (26581)
01-23 19:21:48.033  1832  5246 D system_server: get xlog handle
01-23 19:21:48.033  1832  5246 V xlog_client: xlog_check_permission event name waveform_info level 0
01-23 19:21:48.033  1832  5246 D system_server:  xlog_deinit 
01-23 19:21:48.033  1832  5246 D MiuiXlog: eventName = waveform_info level = 0 result = false
01-23 19:21:48.033  1832  5246 D VibratorManagerServiceImpl: attrs = VibrationAttributes{mUsage=TOUCH, mAudioUsage= USAGE_UNKNOWN, mCategory=UNKNOWN, mFlags=0}, attrs.usage = 18
01-23 19:21:48.033  1832  5246 E VibratorManagerServiceImpl: vibrationThreadSetParameters
01-23 19:21:48.034  1090  1119 D vendor.hardware.vibratorfeature: configStrengthForEffect id : 7 , strength: 1.000000
01-23 19:21:48.034  1044  1093 I libPowerHal: [perfLockAcq] idx:12 hdl:854558 hint:-1 pid:1258 tid:1258 duration:50 lock_user:touch_boost => ret_hdl:854558
01-23 19:21:48.034  1044  1093 I libPowerHal: [setClusterFreq] touch_boost set cpufreq[0] min:1100000 max:-1 cpufreq[1] min:1400000 max:-1 cpufreq[2] min:400000 max:-1 
01-23 19:21:48.034  1044  1093 I libPowerHal: [setClusterFreq]  set cpu_ctrl cpufreq: 1100000 -1 1400000 -1 -1 -1 
01-23 19:21:48.034  1044  1093 I libPowerHal: [PE] touch_boost update cmd:1404100, param:1
01-23 19:21:48.034  1090  1119 D vendor.hardware.vibratorfeature: Vibrator perform effect 7
01-23 19:21:48.034  1090  1119 D vendor.hardware.vibratorfeature: uses mCurrMagnitudeExt 1.410000
01-23 19:21:48.034  1044  1093 I libPowerHal: [PE] touch_boost update cmd:1404300, param:1
01-23 19:21:48.034  1090  1119 D vendor.hardware.vibratorfeature: getAmplitudeFromEffectStrength 1.000000
01-23 19:21:48.034  1090  1119 D vendor.hardware.vibratorfeature: return from driver is 20
01-23 19:21:48.034  1090  1119 D vendor.hardware.vibratorfeature: playLengthMs is 70
01-23 19:21:48.035  1090 26582 D vendor.hardware.vibratorfeature: Starting perform on another thread
